INFO:root:idx: 0; vos: ['self.atom_idx: 0; self.idx: 0; self.num_electrons: 1; self.paired: True', 'self.atom_idx: 6; self.idx: 0; self.num_electrons: 1; self.paired: True']
INFO:root:idx: 1; vos: ['self.atom_idx: 0; self.idx: 1; self.num_electrons: 1; self.paired: True', 'self.atom_idx: 1; self.idx: 0; self.num_electrons: 1; self.paired: True']
INFO:root:idx: 2; vos: ['self.atom_idx: 0; self.idx: 2; self.num_electrons: 1; self.paired: True', 'self.atom_idx: 1; self.idx: 1; self.num_electrons: 1; self.paired: True']
INFO:root:idx: 3; vos: ['self.atom_idx: 0; self.idx: 3; self.num_electrons: 1; self.paired: True', 'self.atom_idx: 1; self.idx: 2; self.num_electrons: 1; self.paired: True']
INFO:root:idx: 4; vos: ['self.atom_idx: 1; self.idx: 3; self.num_electrons: 1; self.paired: True', 'self.atom_idx: 7; self.idx: 0; self.num_electrons: 1; self.paired: True']
INFO:root:idx: 5; vos: ['self.atom_idx: 2; self.idx: 0; self.num_electrons: 1; self.paired: True', 'self.atom_idx: 8; self.idx: 0; self.num_electrons: 1; self.paired: True']
INFO:root:idx: 6; vos: ['self.atom_idx: 2; self.idx: 1; self.num_electrons: 1; self.paired: True', 'self.atom_idx: 3; self.idx: 0; self.num_electrons: 1; self.paired: True']
INFO:root:idx: 7; vos: ['self.atom_idx: 2; self.idx: 2; self.num_electrons: 1; self.paired: True', 'self.atom_idx: 3; self.idx: 1; self.num_electrons: 1; self.paired: True']
INFO:root:idx: 8; vos: ['self.atom_idx: 2; self.idx: 3; self.num_electrons: 1; self.paired: True', 'self.atom_idx: 3; self.idx: 2; self.num_electrons: 1; self.paired: True']
INFO:root:idx: 9; vos: ['self.atom_idx: 3; self.idx: 3; self.num_electrons: 1; self.paired: True', 'self.atom_idx: 9; self.idx: 0; self.num_electrons: 1; self.paired: True']
INFO:root:idx: 10; vos: ['self.atom_idx: 4; self.idx: 0; self.num_electrons: 1; self.paired: True', 'self.atom_idx: 10; self.idx: 0; self.num_electrons: 1; self.paired: True']
INFO:root:idx: 11; vos: ['self.atom_idx: 4; self.idx: 1; self.num_electrons: 1; self.paired: True', 'self.atom_idx: 5; self.idx: 0; self.num_electrons: 1; self.paired: True']
INFO:root:idx: 12; vos: ['self.atom_idx: 4; self.idx: 2; self.num_electrons: 1; self.paired: True', 'self.atom_idx: 5; self.idx: 1; self.num_electrons: 1; self.paired: True']
INFO:root:idx: 13; vos: ['self.atom_idx: 4; self.idx: 3; self.num_electrons: 1; self.paired: True', 'self.atom_idx: 5; self.idx: 2; self.num_electrons: 1; self.paired: True']
INFO:root:idx: 14; vos: ['self.atom_idx: 5; self.idx: 3; self.num_electrons: 1; self.paired: True', 'self.atom_idx: 11; self.idx: 0; self.num_electrons: 1; self.paired: True']
INFO:root:9
INFO:root:idx: 0; vos: ['self.atom_idx: 0; self.idx: 0; self.num_electrons: 1; self.paired: True', 'self.atom_idx: 6; self.idx: 0; self.num_electrons: 1; self.paired: True']
INFO:root:idx: 1; vos: ['self.atom_idx: 0; self.idx: 1; self.num_electrons: 1; self.paired: True', 'self.atom_idx: 1; self.idx: 0; self.num_electrons: 1; self.paired: True']
INFO:root:idx: 2; vos: ['self.atom_idx: 0; self.idx: 2; self.num_electrons: 1; self.paired: True', 'self.atom_idx: 1; self.idx: 1; self.num_electrons: 1; self.paired: True']
INFO:root:idx: 3; vos: ['self.atom_idx: 0; self.idx: 3; self.num_electrons: 1; self.paired: True', 'self.atom_idx: 1; self.idx: 2; self.num_electrons: 1; self.paired: True']
INFO:root:idx: 4; vos: ['self.atom_idx: 1; self.idx: 3; self.num_electrons: 1; self.paired: True', 'self.atom_idx: 7; self.idx: 0; self.num_electrons: 1; self.paired: True']
INFO:root:idx: 5; vos: ['self.atom_idx: 2; self.idx: 0; self.num_electrons: 1; self.paired: True', 'self.atom_idx: 8; self.idx: 0; self.num_electrons: 1; self.paired: True']
INFO:root:idx: 6; vos: ['self.atom_idx: 2; self.idx: 1; self.num_electrons: 1; self.paired: True', 'self.atom_idx: 3; self.idx: 0; self.num_electrons: 1; self.paired: True']
INFO:root:idx: 7; vos: ['self.atom_idx: 2; self.idx: 2; self.num_electrons: 1; self.paired: True', 'self.atom_idx: 3; self.idx: 1; self.num_electrons: 1; self.paired: True']
INFO:root:idx: 8; vos: ['self.atom_idx: 2; self.idx: 3; self.num_electrons: 1; self.paired: True', 'self.atom_idx: 3; self.idx: 2; self.num_electrons: 1; self.paired: True']
INFO:root:idx: 9; vos: ['self.atom_idx: 3; self.idx: 3; self.num_electrons: 1; self.paired: True', 'self.atom_idx: 9; self.idx: 0; self.num_electrons: 1; self.paired: True']
INFO:root:idx: 10; vos: ['self.atom_idx: 4; self.idx: 0; self.num_electrons: 1; self.paired: True', 'self.atom_idx: 10; self.idx: 0; self.num_electrons: 1; self.paired: True']
INFO:root:idx: 11; vos: ['self.atom_idx: 4; self.idx: 1; self.num_electrons: 1; self.paired: True', 'self.atom_idx: 5; self.idx: 0; self.num_electrons: 1; self.paired: True']
INFO:root:idx: 12; vos: ['self.atom_idx: 4; self.idx: 2; self.num_electrons: 1; self.paired: True', 'self.atom_idx: 5; self.idx: 1; self.num_electrons: 1; self.paired: True']
INFO:root:idx: 13; vos: ['self.atom_idx: 4; self.idx: 3; self.num_electrons: 1; self.paired: True', 'self.atom_idx: 5; self.idx: 2; self.num_electrons: 1; self.paired: True']
INFO:root:idx: 14; vos: ['self.atom_idx: 5; self.idx: 3; self.num_electrons: 1; self.paired: True', 'self.atom_idx: 11; self.idx: 0; self.num_electrons: 1; self.paired: True']
INFO:root:9
INFO:root:Converting [CH:2]#[CH:3] to coordinates
INFO:root:Outputting coordinates in xyz format
INFO:root:Energy of [CH:2]#[CH:3] is -5.206768795604 hartree
INFO:root:Converting [CH:6]#[CH:7] to coordinates
INFO:root:Outputting coordinates in xyz format
INFO:root:Energy of [CH:6]#[CH:7] is -5.206768795614 hartree
INFO:root:Converting [CH:10]#[CH:11] to coordinates
INFO:root:Outputting coordinates in xyz format
INFO:root:Energy of [CH:10]#[CH:11] is -5.206768795614 hartree
INFO:root:Converting [C+:1]#[CH:2] to coordinates
INFO:root:Outputting coordinates in xyz format
INFO:root:Energy of [C+:1]#[CH:2] is -3.987950318802 hartree
INFO:root:Converting [CH-:3]=[CH2:4] to coordinates
INFO:root:Outputting coordinates in xyz format
INFO:root:Energy of [CH-:3]=[CH2:4] is -5.837891296108 hartree
INFO:root:Converting [CH:5]#[CH:6] to coordinates
INFO:root:Outputting coordinates in xyz format
INFO:root:Energy of [CH:5]#[CH:6] is -5.206768795604 hartree
INFO:root:Converting [C:1](#[CH:2])[CH:5]=[CH2:6] to coordinates
INFO:root:Outputting coordinates in xyz format
INFO:root:Energy of [C:1](#[CH:2])[CH:5]=[CH2:6] is -10.489536673658 hartree
INFO:root:Converting [C:3]#[CH:4] to coordinates
INFO:root:Outputting coordinates in xyz format
INFO:root:Energy of [C:3]#[CH:4] is -4.577904248828 hartree
INFO:root:Outputting coordinates in xyz format
INFO:root:Energy of [H:7] is -0.393482763936 hartree
INFO:root:Converting [C:1]#[C:2] to coordinates
INFO:root:Outputting coordinates in xyz format
INFO:root:Energy of [C:1]#[C:2] is -3.94884651587 hartree
INFO:root:Converting [CH:3]#[CH:4] to coordinates
INFO:root:Outputting coordinates in xyz format
INFO:root:Energy of [CH:3]#[CH:4] is -5.206768795604 hartree
INFO:root:Converting [CH:5]#[CH:6] to coordinates
INFO:root:Outputting coordinates in xyz format
INFO:root:Energy of [CH:5]#[CH:6] is -5.206768795614 hartree
INFO:root:Outputting coordinates in xyz format
INFO:root:Energy of [H:7] is -0.393482763936 hartree
INFO:root:Outputting coordinates in xyz format
INFO:root:Energy of [H:8] is -0.393482763936 hartree
INFO:root:Converting [C:1](#[CH:2])[C:3]#[CH:4] to coordinates
INFO:root:Outputting coordinates in xyz format
INFO:root:Energy of [C:1](#[CH:2])[C:3]#[CH:4] is -9.428525601221 hartree
INFO:root:Converting [CH:5]#[CH:6] to coordinates
INFO:root:Outputting coordinates in xyz format
INFO:root:Energy of [CH:5]#[CH:6] is -5.206768795604 hartree
INFO:root:Outputting coordinates in xyz format
INFO:root:Energy of [H+:7] is 0.229552166667 hartree
INFO:root:Outputting coordinates in xyz format
INFO:root:Energy of [H-:9] is -0.610746694539 hartree
INFO:root:Converting [C:1](#[CH:2])[CH:3]=[CH:4][CH:5]=[CH:6] to coordinates
INFO:root:Outputting coordinates in xyz format
INFO:root:Energy of [C:1](#[CH:2])[CH:3]=[CH:4][CH:5]=[CH:6] is -15.160397397873 hartree
INFO:root:Outputting coordinates in xyz format
INFO:root:Energy of [H:7] is -0.393482763936 hartree
INFO:root:Converting [C:1](#[C-:2])[CH:6]=[CH:5][CH:3]=[CH+:4] to coordinates
INFO:root:Outputting coordinates in xyz format
INFO:root:Energy of [C:1](#[C-:2])[CH:6]=[CH:5][CH:3]=[CH+:4] is -14.553023664643 hartree
INFO:root:Converting [H:7][H:8] to coordinates
INFO:root:Outputting coordinates in xyz format
INFO:root:Energy of [H:7][H:8] is -0.982686168659 hartree
INFO:root:Converting [C:1](#[CH:2])[CH:3]=[CH:4] to coordinates
INFO:root:Outputting coordinates in xyz format
INFO:root:Energy of [C:1](#[CH:2])[CH:3]=[CH:4] is -9.87776402236 hartree
INFO:root:Converting [CH2:5]=[CH:6] to coordinates
INFO:root:Outputting coordinates in xyz format
INFO:root:Energy of [CH2:5]=[CH:6] is -5.662475720313 hartree
INFO:root:Converting [C:1](#[C:2])[C:3]#[CH:4] to coordinates
INFO:root:Outputting coordinates in xyz format
INFO:root:Energy of [C:1](#[C:2])[C:3]#[CH:4] is -8.798608419012 hartree
INFO:root:Converting [CH2:5]=[CH2:6] to coordinates
INFO:root:Outputting coordinates in xyz format
INFO:root:Energy of [CH2:5]=[CH2:6] is -6.27126052533 hartree
INFO:root:Outputting coordinates in xyz format
INFO:root:Energy of [H:7] is -0.393482763936 hartree
INFO:root:Converting [C+:1]#[CH:2] to coordinates
INFO:root:Outputting coordinates in xyz format
INFO:root:Energy of [C+:1]#[CH:2] is -3.987950318802 hartree
INFO:root:Converting [C:3](#[CH:4])[CH:5]=[CH-:6] to coordinates
INFO:root:Outputting coordinates in xyz format
INFO:root:Energy of [C:3](#[CH:4])[CH:5]=[CH-:6] is -10.074284095219 hartree
INFO:root:Converting [H:7][H:9] to coordinates
INFO:root:Outputting coordinates in xyz format
INFO:root:Energy of [H:7][H:9] is -0.982686168659 hartree
INFO:root:Converting [C:1](#[CH:2])[C:3]#[CH:4] to coordinates
INFO:root:Outputting coordinates in xyz format
INFO:root:Energy of [C:1](#[CH:2])[C:3]#[CH:4] is -9.428525601221 hartree
INFO:root:Converting [CH:5]#[CH:6] to coordinates
INFO:root:Outputting coordinates in xyz format
INFO:root:Energy of [CH:5]#[CH:6] is -5.206768795604 hartree
INFO:root:Outputting coordinates in xyz format
INFO:root:Energy of [H:7] is -0.393482763936 hartree
INFO:root:Outputting coordinates in xyz format
INFO:root:Energy of [H:9] is -0.393482763936 hartree
INFO:root:Converting [C:1]#[C:2] to coordinates
INFO:root:Outputting coordinates in xyz format
INFO:root:Energy of [C:1]#[C:2] is -3.94884651587 hartree
INFO:root:Converting [CH:3]#[CH:4] to coordinates
INFO:root:Outputting coordinates in xyz format
INFO:root:Energy of [CH:3]#[CH:4] is -5.206768795604 hartree
INFO:root:Converting [CH:5]#[CH:6] to coordinates
INFO:root:Outputting coordinates in xyz format
INFO:root:Energy of [CH:5]#[CH:6] is -5.206768795614 hartree
INFO:root:Converting [H:7][H:8] to coordinates
INFO:root:Outputting coordinates in xyz format
INFO:root:Energy of [H:7][H:8] is -0.982686168659 hartree
INFO:root:Converting [C:1]#[C:2] to coordinates
INFO:root:Outputting coordinates in xyz format
INFO:root:Energy of [C:1]#[C:2] is -3.94884651587 hartree
INFO:root:Converting [C:3](#[CH:4])[CH:6]=[CH2:5] to coordinates
INFO:root:Outputting coordinates in xyz format
INFO:root:Energy of [C:3](#[CH:4])[CH:6]=[CH2:5] is -10.489536673658 hartree
INFO:root:Outputting coordinates in xyz format
INFO:root:Energy of [H+:7] is 0.229552166667 hartree
INFO:root:Outputting coordinates in xyz format
INFO:root:Energy of [H-:9] is -0.610746694539 hartree
INFO:root:Converting [C-:3]#[CH:4] to coordinates
INFO:root:Outputting coordinates in xyz format
INFO:root:Energy of [C-:3]#[CH:4] is -4.791036646911 hartree
INFO:root:Converting [C:1]#[C:2] to coordinates
INFO:root:Outputting coordinates in xyz format
INFO:root:Energy of [C:1]#[C:2] is -3.94884651587 hartree
INFO:root:Converting [CH2:5]=[CH2:6] to coordinates
INFO:root:Outputting coordinates in xyz format
INFO:root:Energy of [CH2:5]=[CH2:6] is -6.27126052533 hartree
INFO:root:Outputting coordinates in xyz format
INFO:root:Energy of [H+:7] is 0.229552166667 hartree
INFO:root:Converting [C:1]#[C:2] to coordinates
INFO:root:Outputting coordinates in xyz format
INFO:root:Energy of [C:1]#[C:2] is -3.94884651587 hartree
INFO:root:Converting [C:3]#[CH:4] to coordinates
INFO:root:Outputting coordinates in xyz format
INFO:root:Energy of [C:3]#[CH:4] is -4.577904248828 hartree
INFO:root:Converting [CH:5]#[CH:6] to coordinates
INFO:root:Outputting coordinates in xyz format
INFO:root:Energy of [CH:5]#[CH:6] is -5.206768795604 hartree
INFO:root:Outputting coordinates in xyz format
INFO:root:Energy of [H:7] is -0.393482763936 hartree
INFO:root:Converting [H:8][H:9] to coordinates
INFO:root:Outputting coordinates in xyz format
INFO:root:Energy of [H:8][H:9] is -0.982686168659 hartree
INFO:root:Converting [C:1]#[C:2] to coordinates
INFO:root:Outputting coordinates in xyz format
INFO:root:Energy of [C:1]#[C:2] is -3.94884651587 hartree
INFO:root:Converting [C:3](#[CH:4])[C:5]#[CH:6] to coordinates
INFO:root:Outputting coordinates in xyz format
INFO:root:Energy of [C:3](#[CH:4])[C:5]#[CH:6] is -9.428525601221 hartree
INFO:root:Outputting coordinates in xyz format
INFO:root:Energy of [H:11] is -0.393482763936 hartree
INFO:root:Outputting coordinates in xyz format
INFO:root:Energy of [H:7] is -0.393482763936 hartree
INFO:root:Converting [H:8][H:9] to coordinates
INFO:root:Outputting coordinates in xyz format
INFO:root:Energy of [H:8][H:9] is -0.982686168659 hartree
INFO:root:Converting [C:1]1#[C:2][CH:4]=[CH:3]1 to coordinates
INFO:root:Outputting coordinates in xyz format
INFO:root:Energy of [C:1]1#[C:2][CH:4]=[CH:3]1 is -9.332747826875 hartree
INFO:root:Converting [CH:5]#[CH:6] to coordinates
INFO:root:Outputting coordinates in xyz format
INFO:root:Energy of [CH:5]#[CH:6] is -5.206768795604 hartree
INFO:root:Outputting coordinates in xyz format
INFO:root:Energy of [H+:7] is 0.229552166667 hartree
INFO:root:Outputting coordinates in xyz format
INFO:root:Energy of [H-:8] is -0.610746694539 hartree
INFO:root:Converting [C:1](#[C:2][CH:6]=[CH-:5])[CH:3]=[CH+:4] to coordinates
INFO:root:Outputting coordinates in xyz format
INFO:root:Energy of [C:1](#[C:2][CH:6]=[CH-:5])[CH:3]=[CH+:4] is -14.563216691867 hartree
INFO:root:Converting [H:7][H:8] to coordinates
INFO:root:Outputting coordinates in xyz format
INFO:root:Energy of [H:7][H:8] is -0.982686168659 hartree
INFO:root:Converting [C:1]#[C:2] to coordinates
INFO:root:Outputting coordinates in xyz format
INFO:root:Energy of [C:1]#[C:2] is -3.94884651587 hartree
INFO:root:Converting [CH:3]#[CH:4] to coordinates
INFO:root:Outputting coordinates in xyz format
INFO:root:Energy of [CH:3]#[CH:4] is -5.206768795604 hartree
INFO:root:Converting [CH:5]#[CH:6] to coordinates
INFO:root:Outputting coordinates in xyz format
INFO:root:Energy of [CH:5]#[CH:6] is -5.206768795614 hartree
INFO:root:Outputting coordinates in xyz format
INFO:root:Energy of [H+:7] is 0.229552166667 hartree
INFO:root:Outputting coordinates in xyz format
INFO:root:Energy of [H-:8] is -0.610746694539 hartree
INFO:root:Converting [C:1]#[C:2] to coordinates
INFO:root:Outputting coordinates in xyz format
INFO:root:Energy of [C:1]#[C:2] is -3.94884651587 hartree
INFO:root:Converting [CH2:3]=[CH:4][CH:5]=[CH:6] to coordinates
INFO:root:Outputting coordinates in xyz format
INFO:root:Energy of [CH2:3]=[CH:4][CH:5]=[CH:6] is -10.941819044804 hartree
INFO:root:Outputting coordinates in xyz format
INFO:root:Energy of [H:7] is -0.393482763936 hartree
INFO:root:Converting [C:1](#[CH:2])[C:3]#[CH:4] to coordinates
INFO:root:Outputting coordinates in xyz format
INFO:root:Energy of [C:1](#[CH:2])[C:3]#[CH:4] is -9.428525601221 hartree
INFO:root:Converting [CH2:5]=[CH:6] to coordinates
INFO:root:Outputting coordinates in xyz format
INFO:root:Energy of [CH2:5]=[CH:6] is -5.662475720313 hartree
INFO:root:Outputting coordinates in xyz format
INFO:root:Energy of [H:7] is -0.393482763936 hartree
INFO:root:Converting [C:1]#[C:2] to coordinates
INFO:root:Outputting coordinates in xyz format
INFO:root:Energy of [C:1]#[C:2] is -3.94884651587 hartree
INFO:root:Converting [CH2:3]=[CH-:4] to coordinates
INFO:root:Outputting coordinates in xyz format
INFO:root:Energy of [CH2:3]=[CH-:4] is -5.837890985939 hartree
INFO:root:Converting [CH:5]#[CH:6] to coordinates
INFO:root:Outputting coordinates in xyz format
INFO:root:Energy of [CH:5]#[CH:6] is -5.206768795604 hartree
INFO:root:Outputting coordinates in xyz format
INFO:root:Energy of [H+:7] is 0.229552166667 hartree
INFO:root:Converting [CH+:3]=[CH:4][CH:5]=[CH2:6] to coordinates
INFO:root:Outputting coordinates in xyz format
INFO:root:Energy of [CH+:3]=[CH:4][CH:5]=[CH2:6] is -10.493652609352 hartree
INFO:root:Converting [C-:1]#[CH:2] to coordinates
INFO:root:Outputting coordinates in xyz format
INFO:root:Energy of [C-:1]#[CH:2] is -4.791036646911 hartree
INFO:root:Converting [CH:1]#[CH:2] to coordinates
INFO:root:Outputting coordinates in xyz format
INFO:root:Energy of [CH:1]#[CH:2] is -5.206768795604 hartree
INFO:root:Converting [CH:3]#[CH:4] to coordinates
INFO:root:Outputting coordinates in xyz format
INFO:root:Energy of [CH:3]#[CH:4] is -5.206768795614 hartree
INFO:root:Converting [CH:5]#[CH:6] to coordinates
INFO:root:Outputting coordinates in xyz format
INFO:root:Energy of [CH:5]#[CH:6] is -5.206768795614 hartree
INFO:root:Converting [C+:1]#[C:2][C:3]#[CH:4] to coordinates
INFO:root:Outputting coordinates in xyz format
INFO:root:Energy of [C+:1]#[C:2][C:3]#[CH:4] is -8.243749005004 hartree
INFO:root:Converting [C-:5]#[CH:6] to coordinates
INFO:root:Outputting coordinates in xyz format
INFO:root:Energy of [C-:5]#[CH:6] is -4.791036646911 hartree
INFO:root:Converting [H:7][H:8] to coordinates
INFO:root:Outputting coordinates in xyz format
INFO:root:Energy of [H:7][H:8] is -0.982686168659 hartree
INFO:root:Converting [H:9][H:11] to coordinates
INFO:root:Outputting coordinates in xyz format
INFO:root:Energy of [H:9][H:11] is -0.982686168659 hartree
INFO:root:Converting [C:1]#[C:2] to coordinates
INFO:root:Outputting coordinates in xyz format
INFO:root:Energy of [C:1]#[C:2] is -3.94884651587 hartree
INFO:root:Converting [CH2:3]=[CH:4][CH:5]=[CH2:6] to coordinates
INFO:root:Outputting coordinates in xyz format
INFO:root:Energy of [CH2:3]=[CH:4][CH:5]=[CH2:6] is -11.552702096795 hartree
INFO:root:Converting [C:1]#[C:2] to coordinates
INFO:root:Outputting coordinates in xyz format
INFO:root:Energy of [C:1]#[C:2] is -3.94884651587 hartree
INFO:root:Converting [CH2:3]=[CH:4] to coordinates
INFO:root:Outputting coordinates in xyz format
INFO:root:Energy of [CH2:3]=[CH:4] is -5.662475720313 hartree
INFO:root:Converting [CH:5]#[CH:6] to coordinates
INFO:root:Outputting coordinates in xyz format
INFO:root:Energy of [CH:5]#[CH:6] is -5.206768795604 hartree
INFO:root:Outputting coordinates in xyz format
INFO:root:Energy of [H:7] is -0.393482763936 hartree
INFO:root:Converting [C+:1]#[CH:2] to coordinates
INFO:root:Outputting coordinates in xyz format
INFO:root:Energy of [C+:1]#[CH:2] is -3.987950318802 hartree
INFO:root:Converting [C-:3]#[CH:4] to coordinates
INFO:root:Outputting coordinates in xyz format
INFO:root:Energy of [C-:3]#[CH:4] is -4.791036646911 hartree
INFO:root:Converting [CH:5]#[CH:6] to coordinates
INFO:root:Outputting coordinates in xyz format
INFO:root:Energy of [CH:5]#[CH:6] is -5.206768795604 hartree
INFO:root:Converting [H:7][H:9] to coordinates
INFO:root:Outputting coordinates in xyz format
INFO:root:Energy of [H:7][H:9] is -0.982686168659 hartree
INFO:root:Converting [C:1]1#[C:2][C:4]#[C:3]1 to coordinates
INFO:root:Outputting coordinates in xyz format
INFO:root:Energy of [C:1]1#[C:2][C:4]#[C:3]1 is -8.13707641047 hartree
INFO:root:Converting [CH:5]#[CH:6] to coordinates
INFO:root:Outputting coordinates in xyz format
INFO:root:Energy of [CH:5]#[CH:6] is -5.206768795604 hartree
INFO:root:Outputting coordinates in xyz format
INFO:root:Energy of [H:10] is -0.393482763936 hartree
INFO:root:Outputting coordinates in xyz format
INFO:root:Energy of [H:7] is -0.393482763936 hartree
INFO:root:Converting [H:8][H:9] to coordinates
INFO:root:Outputting coordinates in xyz format
INFO:root:Energy of [H:8][H:9] is -0.982686168659 hartree
INFO:root:Converting [C:1]#[C:2][CH:5]=[CH:6][C:3]#[CH:4] to coordinates
INFO:root:Outputting coordinates in xyz format
INFO:root:Energy of [C:1]#[C:2][CH:5]=[CH:6][C:3]#[CH:4] is -14.083502934546 hartree
INFO:root:Converting [H:7][H:8] to coordinates
INFO:root:Outputting coordinates in xyz format
INFO:root:Energy of [H:7][H:8] is -0.982686168659 hartree
INFO:root:Outputting coordinates in xyz format
INFO:root:Energy of [H:9] is -0.393482763936 hartree
INFO:root:Converting [c:1]1[cH:6][cH:5][cH:4][cH:3][c:2]#1 to coordinates
INFO:root:Outputting coordinates in xyz format
INFO:root:Energy of [c:1]1[cH:6][cH:5][cH:4][cH:3][c:2]#1 is -14.628947098103 hartree
INFO:root:Converting [H:7][H:8] to coordinates
INFO:root:Outputting coordinates in xyz format
INFO:root:Energy of [H:7][H:8] is -0.982686168659 hartree
INFO:root:Converting [C:1]#[C:2][CH:3]=[CH2:4] to coordinates
INFO:root:Outputting coordinates in xyz format
INFO:root:Energy of [C:1]#[C:2][CH:3]=[CH2:4] is -9.862415755579 hartree
INFO:root:Converting [CH2:5]=[CH:6] to coordinates
INFO:root:Outputting coordinates in xyz format
INFO:root:Energy of [CH2:5]=[CH:6] is -5.662475720313 hartree
INFO:root:Converting [C:1]#[C:2][CH:3]=[CH:4] to coordinates
INFO:root:Outputting coordinates in xyz format
INFO:root:Energy of [C:1]#[C:2][CH:3]=[CH:4] is -9.248499675456 hartree
INFO:root:Converting [CH:5]#[CH:6] to coordinates
INFO:root:Outputting coordinates in xyz format
INFO:root:Energy of [CH:5]#[CH:6] is -5.206768795604 hartree
INFO:root:Converting [H:7][H:8] to coordinates
INFO:root:Outputting coordinates in xyz format
INFO:root:Energy of [H:7][H:8] is -0.982686168659 hartree
INFO:root:Converting [C:1]#[C:2] to coordinates
INFO:root:Outputting coordinates in xyz format
INFO:root:Energy of [C:1]#[C:2] is -3.94884651587 hartree
INFO:root:Converting [C:3]#[CH:4] to coordinates
INFO:root:Outputting coordinates in xyz format
INFO:root:Energy of [C:3]#[CH:4] is -4.577904248828 hartree
INFO:root:Converting [C:5]#[CH:6] to coordinates
INFO:root:Outputting coordinates in xyz format
INFO:root:Energy of [C:5]#[CH:6] is -4.577904248828 hartree
INFO:root:Converting [H:7][H:9] to coordinates
INFO:root:Outputting coordinates in xyz format
INFO:root:Energy of [H:7][H:9] is -0.982686168659 hartree
INFO:root:Converting [H:8][H:11] to coordinates
INFO:root:Outputting coordinates in xyz format
INFO:root:Energy of [H:8][H:11] is -0.982686168659 hartree
INFO:root:Converting [C:1]1#[C:2][CH:4]=[CH:3]1 to coordinates
INFO:root:Outputting coordinates in xyz format
INFO:root:Energy of [C:1]1#[C:2][CH:4]=[CH:3]1 is -9.332747826875 hartree
INFO:root:Converting [CH:5]#[CH:6] to coordinates
INFO:root:Outputting coordinates in xyz format
INFO:root:Energy of [CH:5]#[CH:6] is -5.206768795604 hartree
INFO:root:Outputting coordinates in xyz format
INFO:root:Energy of [H:7] is -0.393482763936 hartree
INFO:root:Outputting coordinates in xyz format
INFO:root:Energy of [H:8] is -0.393482763936 hartree
INFO:root:Converting [C:1]#[CH:2] to coordinates
INFO:root:Outputting coordinates in xyz format
INFO:root:Energy of [C:1]#[CH:2] is -4.577904248828 hartree
INFO:root:Converting [C:3]#[CH:4] to coordinates
INFO:root:Outputting coordinates in xyz format
INFO:root:Energy of [C:3]#[CH:4] is -4.577904248828 hartree
INFO:root:Converting [CH:5]#[CH:6] to coordinates
INFO:root:Outputting coordinates in xyz format
INFO:root:Energy of [CH:5]#[CH:6] is -5.206768795604 hartree
INFO:root:Converting [H:7][H:9] to coordinates
INFO:root:Outputting coordinates in xyz format
INFO:root:Energy of [H:7][H:9] is -0.982686168659 hartree
INFO:root:Converting [CH:1]=[CH:2][CH:4]=[CH:3] to coordinates
INFO:root:Outputting coordinates in xyz format
INFO:root:Energy of [CH:1]=[CH:2][CH:4]=[CH:3] is -10.326127348531 hartree
INFO:root:Converting [CH:5]#[CH:6] to coordinates
INFO:root:Outputting coordinates in xyz format
INFO:root:Energy of [CH:5]#[CH:6] is -5.206768795604 hartree
INFO:root:Converting [C:1]#[C:2][CH:5]=[CH2:6] to coordinates
INFO:root:Outputting coordinates in xyz format
INFO:root:Energy of [C:1]#[C:2][CH:5]=[CH2:6] is -9.862415755579 hartree
INFO:root:Converting [C:3]#[CH:4] to coordinates
INFO:root:Outputting coordinates in xyz format
INFO:root:Energy of [C:3]#[CH:4] is -4.577904248828 hartree
INFO:root:Converting [H:7][H:8] to coordinates
INFO:root:Outputting coordinates in xyz format
INFO:root:Energy of [H:7][H:8] is -0.982686168659 hartree
INFO:root:Converting [C-:1]#[C:2][C:3]#[CH:4] to coordinates
INFO:root:Outputting coordinates in xyz format
INFO:root:Energy of [C-:1]#[C:2][C:3]#[CH:4] is -9.043586030749 hartree
INFO:root:Converting [CH:5]#[CH:6] to coordinates
INFO:root:Outputting coordinates in xyz format
INFO:root:Energy of [CH:5]#[CH:6] is -5.206768795604 hartree
INFO:root:Outputting coordinates in xyz format
INFO:root:Energy of [H+:9] is 0.229552166667 hartree
INFO:root:Converting [H:7][H:8] to coordinates
INFO:root:Outputting coordinates in xyz format
INFO:root:Energy of [H:7][H:8] is -0.982686168659 hartree
INFO:root:Converting [C:1]#[C:2] to coordinates
INFO:root:Outputting coordinates in xyz format
INFO:root:Energy of [C:1]#[C:2] is -3.94884651587 hartree
INFO:root:Converting [C:3]#[C:4] to coordinates
INFO:root:Outputting coordinates in xyz format
INFO:root:Energy of [C:3]#[C:4] is -3.94884651587 hartree
INFO:root:Converting [CH:5]#[CH:6] to coordinates
INFO:root:Outputting coordinates in xyz format
INFO:root:Energy of [CH:5]#[CH:6] is -5.206768795604 hartree
INFO:root:Converting [H:7][H:10] to coordinates
INFO:root:Outputting coordinates in xyz format
INFO:root:Energy of [H:7][H:10] is -0.982686168659 hartree
INFO:root:Converting [H:8][H:9] to coordinates
INFO:root:Outputting coordinates in xyz format
INFO:root:Energy of [H:8][H:9] is -0.982686168659 hartree
INFO:root:Converting [C:1](#[CH:2])[CH:3]=[CH:4] to coordinates
INFO:root:Outputting coordinates in xyz format
INFO:root:Energy of [C:1](#[CH:2])[CH:3]=[CH:4] is -9.87776402236 hartree
INFO:root:Converting [CH:5]#[CH:6] to coordinates
INFO:root:Outputting coordinates in xyz format
INFO:root:Energy of [CH:5]#[CH:6] is -5.206768795604 hartree
INFO:root:Outputting coordinates in xyz format
INFO:root:Energy of [H:7] is -0.393482763936 hartree
INFO:root:Converting [C-:1]#[CH:2] to coordinates
INFO:root:Outputting coordinates in xyz format
INFO:root:Energy of [C-:1]#[CH:2] is -4.791036646911 hartree
INFO:root:Converting [CH:3]#[CH:4] to coordinates
INFO:root:Outputting coordinates in xyz format
INFO:root:Energy of [CH:3]#[CH:4] is -5.206768795604 hartree
INFO:root:Converting [CH:5]#[CH:6] to coordinates
INFO:root:Outputting coordinates in xyz format
INFO:root:Energy of [CH:5]#[CH:6] is -5.206768795614 hartree
INFO:root:Outputting coordinates in xyz format
INFO:root:Energy of [H+:7] is 0.229552166667 hartree
INFO:root:Converting [C:1](#[CH:2])[CH:6]=[CH-:5] to coordinates
INFO:root:Outputting coordinates in xyz format
INFO:root:Energy of [C:1](#[CH:2])[CH:6]=[CH-:5] is -10.074284095219 hartree
INFO:root:Converting [CH2:3]=[CH+:4] to coordinates
INFO:root:Outputting coordinates in xyz format
INFO:root:Energy of [CH2:3]=[CH+:4] is -5.200296729933 hartree
INFO:root:Converting [C:1]#[C:2] to coordinates
INFO:root:Outputting coordinates in xyz format
INFO:root:Energy of [C:1]#[C:2] is -3.94884651587 hartree
INFO:root:Converting [CH2:3]=[CH:4][CH:5]=[CH-:6] to coordinates
INFO:root:Outputting coordinates in xyz format
INFO:root:Energy of [CH2:3]=[CH:4][CH:5]=[CH-:6] is -11.139828967063 hartree
INFO:root:Outputting coordinates in xyz format
INFO:root:Energy of [H+:7] is 0.229552166667 hartree
INFO:root:Converting [C+:1]#[C:2][C:3]#[C-:4] to coordinates
INFO:root:Outputting coordinates in xyz format
INFO:root:Energy of [C+:1]#[C:2][C:3]#[C-:4] is -8.200612785319 hartree
INFO:root:Converting [CH:5]#[CH:6] to coordinates
INFO:root:Outputting coordinates in xyz format
INFO:root:Energy of [CH:5]#[CH:6] is -5.206768795604 hartree
INFO:root:Converting [H:7][H:8] to coordinates
INFO:root:Outputting coordinates in xyz format
INFO:root:Energy of [H:7][H:8] is -0.982686168659 hartree
INFO:root:Converting [H:9][H:10] to coordinates
INFO:root:Outputting coordinates in xyz format
INFO:root:Energy of [H:9][H:10] is -0.982686168659 hartree
INFO:root:Converting [C:1](#[C:2])[CH:3]=[CH:4][CH:5]=[CH2:6] to coordinates
INFO:root:Outputting coordinates in xyz format
INFO:root:Energy of [C:1](#[C:2])[CH:3]=[CH:4][CH:5]=[CH2:6] is -15.144796822008 hartree
INFO:root:Outputting coordinates in xyz format
INFO:root:Energy of [H:7] is -0.393482763936 hartree
INFO:root:Converting [C:1](#[C:2][CH:6]=[CH:5])[CH:3]=[CH:4] to coordinates
INFO:root:Outputting coordinates in xyz format
INFO:root:Energy of [C:1](#[C:2][CH:6]=[CH:5])[CH:3]=[CH:4] is -14.550693191997 hartree
INFO:root:Converting [H:7][H:8] to coordinates
INFO:root:Outputting coordinates in xyz format
INFO:root:Energy of [H:7][H:8] is -0.982686168659 hartree
INFO:root:Converting [C:1](#[C-:2])[CH:3]=[CH+:4] to coordinates
INFO:root:Outputting coordinates in xyz format
INFO:root:Energy of [C:1](#[C-:2])[CH:3]=[CH+:4] is -9.322125462307 hartree
INFO:root:Converting [CH:5]#[CH:6] to coordinates
INFO:root:Outputting coordinates in xyz format
INFO:root:Energy of [CH:5]#[CH:6] is -5.206768795604 hartree
INFO:root:Converting [H:7][H:8] to coordinates
INFO:root:Outputting coordinates in xyz format
INFO:root:Energy of [H:7][H:8] is -0.982686168659 hartree
INFO:root:Converting [CH:1]1=[CH:2][CH:4]=[CH:3]1 to coordinates
INFO:root:Outputting coordinates in xyz format
INFO:root:Energy of [CH:1]1=[CH:2][CH:4]=[CH:3]1 is -10.444857120071 hartree
INFO:root:Converting [CH:5]#[CH:6] to coordinates
INFO:root:Outputting coordinates in xyz format
INFO:root:Energy of [CH:5]#[CH:6] is -5.206768795604 hartree
INFO:root:Converting [C:1](#[CH:2])[CH:3]=[CH:4][CH:5]=[CH2:6] to coordinates
INFO:root:Outputting coordinates in xyz format
INFO:root:Energy of [C:1](#[CH:2])[CH:3]=[CH:4][CH:5]=[CH2:6] is -15.769864852589 hartree
INFO:root:Converting [C+:3]#[CH:4] to coordinates
INFO:root:Outputting coordinates in xyz format
INFO:root:Energy of [C+:3]#[CH:4] is -3.987950318802 hartree
INFO:root:Converting [C-:5]#[CH:6] to coordinates
INFO:root:Outputting coordinates in xyz format
INFO:root:Energy of [C-:5]#[CH:6] is -4.791036646911 hartree
INFO:root:Converting [C:1]#[C:2] to coordinates
INFO:root:Outputting coordinates in xyz format
INFO:root:Energy of [C:1]#[C:2] is -3.94884651587 hartree
INFO:root:Converting [H:7][H:9] to coordinates
INFO:root:Outputting coordinates in xyz format
INFO:root:Energy of [H:7][H:9] is -0.982686168659 hartree
INFO:root:Converting [H:8][H:11] to coordinates
INFO:root:Outputting coordinates in xyz format
INFO:root:Energy of [H:8][H:11] is -0.982686168659 hartree
INFO:root:Converting [CH-:5]=[CH2:6] to coordinates
INFO:root:Outputting coordinates in xyz format
INFO:root:Energy of [CH-:5]=[CH2:6] is -5.837891296108 hartree
INFO:root:Converting [C:1]#[C:2] to coordinates
INFO:root:Outputting coordinates in xyz format
INFO:root:Energy of [C:1]#[C:2] is -3.94884651587 hartree
INFO:root:Converting [CH2:3]=[CH+:4] to coordinates
INFO:root:Outputting coordinates in xyz format
INFO:root:Energy of [CH2:3]=[CH+:4] is -5.200296729933 hartree
INFO:root:Converting [CH+:3]=[CH2:4] to coordinates
INFO:root:Outputting coordinates in xyz format
INFO:root:Energy of [CH+:3]=[CH2:4] is -5.200297757426 hartree
INFO:root:Converting [C:1](#[C-:2])[CH:6]=[CH2:5] to coordinates
INFO:root:Outputting coordinates in xyz format
INFO:root:Energy of [C:1](#[C-:2])[CH:6]=[CH2:5] is -10.100323965537 hartree
INFO:root:Converting [C:1]#[C:2] to coordinates
INFO:root:Outputting coordinates in xyz format
INFO:root:Energy of [C:1]#[C:2] is -3.94884651587 hartree
INFO:root:Converting [C:3]#[C:4] to coordinates
INFO:root:Outputting coordinates in xyz format
INFO:root:Energy of [C:3]#[C:4] is -3.94884651587 hartree
INFO:root:Converting [CH:5]#[CH:6] to coordinates
INFO:root:Outputting coordinates in xyz format
INFO:root:Energy of [CH:5]#[CH:6] is -5.206768795604 hartree
INFO:root:Outputting coordinates in xyz format
INFO:root:Energy of [H:10] is -0.393482763936 hartree
INFO:root:Outputting coordinates in xyz format
INFO:root:Energy of [H:7] is -0.393482763936 hartree
INFO:root:Converting [H:8][H:9] to coordinates
INFO:root:Outputting coordinates in xyz format
INFO:root:Energy of [H:8][H:9] is -0.982686168659 hartree
INFO:root:Converting [CH+:1]=[CH:2][CH:4]=[CH-:3] to coordinates
INFO:root:Outputting coordinates in xyz format
INFO:root:Energy of [CH+:1]=[CH:2][CH:4]=[CH-:3] is -10.415671197817 hartree
INFO:root:Converting [CH:5]#[CH:6] to coordinates
INFO:root:Outputting coordinates in xyz format
INFO:root:Energy of [CH:5]#[CH:6] is -5.206768795604 hartree
INFO:root:Converting [C:1](#[C:2][C:3]#[CH:4])[CH:6]=[CH2:5] to coordinates
INFO:root:Outputting coordinates in xyz format
INFO:root:Energy of [C:1](#[C:2][C:3]#[CH:4])[CH:6]=[CH2:5] is -14.713659673745 hartree
INFO:root:Converting [H:7][H:8] to coordinates
INFO:root:Outputting coordinates in xyz format
INFO:root:Energy of [H:7][H:8] is -0.982686168659 hartree
INFO:root:Converting [C:1]1#[C:2][C:4]#[C:3]1 to coordinates
INFO:root:Outputting coordinates in xyz format
INFO:root:Energy of [C:1]1#[C:2][C:4]#[C:3]1 is -8.13707641047 hartree
INFO:root:Converting [CH:5]#[CH:6] to coordinates
INFO:root:Outputting coordinates in xyz format
INFO:root:Energy of [CH:5]#[CH:6] is -5.206768795604 hartree
INFO:root:Outputting coordinates in xyz format
INFO:root:Energy of [H+:7] is 0.229552166667 hartree
INFO:root:Outputting coordinates in xyz format
INFO:root:Energy of [H-:10] is -0.610746694539 hartree
INFO:root:Converting [H:8][H:9] to coordinates
INFO:root:Outputting coordinates in xyz format
INFO:root:Energy of [H:8][H:9] is -0.982686168659 hartree
INFO:root:Converting [C:1](#[CH:2])[CH:3]=[CH-:4] to coordinates
INFO:root:Outputting coordinates in xyz format
INFO:root:Energy of [C:1](#[CH:2])[CH:3]=[CH-:4] is -10.074284095219 hartree
INFO:root:Converting [CH:5]#[CH:6] to coordinates
INFO:root:Outputting coordinates in xyz format
INFO:root:Energy of [CH:5]#[CH:6] is -5.206768795604 hartree
INFO:root:Outputting coordinates in xyz format
INFO:root:Energy of [H+:7] is 0.229552166667 hartree
INFO:root:Converting [C:1](#[C:2][CH:6]=[CH:5])[C:3]#[CH:4] to coordinates
INFO:root:Outputting coordinates in xyz format
INFO:root:Energy of [C:1](#[C:2][CH:6]=[CH:5])[C:3]#[CH:4] is -14.102272272606 hartree
INFO:root:Outputting coordinates in xyz format
INFO:root:Energy of [H:7] is -0.393482763936 hartree
INFO:root:Converting [H:8][H:9] to coordinates
INFO:root:Outputting coordinates in xyz format
INFO:root:Energy of [H:8][H:9] is -0.982686168659 hartree
INFO:root:Converting [C:1]1#[C:2][CH:4]=[CH:3]1 to coordinates
INFO:root:Outputting coordinates in xyz format
INFO:root:Energy of [C:1]1#[C:2][CH:4]=[CH:3]1 is -9.332747826875 hartree
INFO:root:Converting [CH2:5]=[CH:6] to coordinates
INFO:root:Outputting coordinates in xyz format
INFO:root:Energy of [CH2:5]=[CH:6] is -5.662475720313 hartree
INFO:root:Outputting coordinates in xyz format
INFO:root:Energy of [H:7] is -0.393482763936 hartree
INFO:root:Converting [c:1]1[cH:3][cH:4][cH:5][cH:6][c:2]#1 to coordinates
INFO:root:Outputting coordinates in xyz format
INFO:root:Energy of [c:1]1[cH:3][cH:4][cH:5][cH:6][c:2]#1 is -14.628947098103 hartree
INFO:root:Outputting coordinates in xyz format
INFO:root:Energy of [H:7] is -0.393482763936 hartree
INFO:root:Outputting coordinates in xyz format
INFO:root:Energy of [H:8] is -0.393482763936 hartree
INFO:root:Converting [C:1](#[CH:2])[CH:6]=[CH:5][C:3]#[CH:4] to coordinates
INFO:root:Outputting coordinates in xyz format
INFO:root:Energy of [C:1](#[CH:2])[CH:6]=[CH:5][C:3]#[CH:4] is -14.708255897424 hartree
INFO:root:Converting [H:7][H:9] to coordinates
INFO:root:Outputting coordinates in xyz format
INFO:root:Energy of [H:7][H:9] is -0.982686168659 hartree
INFO:root:Converting [C-:5]#[CH:6] to coordinates
INFO:root:Outputting coordinates in xyz format
INFO:root:Energy of [C-:5]#[CH:6] is -4.791036646911 hartree
INFO:root:Converting [C:1](#[CH:2])[C:3]#[CH:4] to coordinates
INFO:root:Outputting coordinates in xyz format
INFO:root:Energy of [C:1](#[CH:2])[C:3]#[CH:4] is -9.428525601221 hartree
INFO:root:Outputting coordinates in xyz format
INFO:root:Energy of [H+:7] is 0.229552166667 hartree
INFO:root:Converting [H:9][H:11] to coordinates
INFO:root:Outputting coordinates in xyz format
INFO:root:Energy of [H:9][H:11] is -0.982686168659 hartree
INFO:root:Converting [C+:3]#[CH:4] to coordinates
INFO:root:Outputting coordinates in xyz format
INFO:root:Energy of [C+:3]#[CH:4] is -3.987950318802 hartree
INFO:root:Converting [C:1]#[C:2] to coordinates
INFO:root:Outputting coordinates in xyz format
INFO:root:Energy of [C:1]#[C:2] is -3.94884651587 hartree
INFO:root:Converting [CH2:5]=[CH-:6] to coordinates
INFO:root:Outputting coordinates in xyz format
INFO:root:Energy of [CH2:5]=[CH-:6] is -5.837890985939 hartree
INFO:root:Converting [H:7][H:9] to coordinates
INFO:root:Outputting coordinates in xyz format
INFO:root:Energy of [H:7][H:9] is -0.982686168659 hartree
INFO:root:Converting [C-:3]#[CH:4] to coordinates
INFO:root:Outputting coordinates in xyz format
INFO:root:Energy of [C-:3]#[CH:4] is -4.791036646911 hartree
INFO:root:Converting [C:1]#[C:2] to coordinates
INFO:root:Outputting coordinates in xyz format
INFO:root:Energy of [C:1]#[C:2] is -3.94884651587 hartree
INFO:root:Converting [CH2:5]=[CH+:6] to coordinates
INFO:root:Outputting coordinates in xyz format
INFO:root:Energy of [CH2:5]=[CH+:6] is -5.200296729933 hartree
INFO:root:Converting [H:8][H:9] to coordinates
INFO:root:Outputting coordinates in xyz format
INFO:root:Energy of [H:8][H:9] is -0.982686168659 hartree
INFO:root:Converting [C:1](#[CH:2])[C:3]#[CH:4] to coordinates
INFO:root:Outputting coordinates in xyz format
INFO:root:Energy of [C:1](#[CH:2])[C:3]#[CH:4] is -9.428525601221 hartree
INFO:root:Converting [CH2:5]=[CH2:6] to coordinates
INFO:root:Outputting coordinates in xyz format
INFO:root:Energy of [CH2:5]=[CH2:6] is -6.27126052533 hartree
INFO:root:Converting [C:1](#[C:2][C:5]#[CH:6])[C:3]#[CH:4] to coordinates
INFO:root:Outputting coordinates in xyz format
INFO:root:Energy of [C:1](#[C:2][C:5]#[CH:6])[C:3]#[CH:4] is -13.653525951673 hartree
INFO:root:Outputting coordinates in xyz format
INFO:root:Energy of [H+:7] is 0.229552166667 hartree
INFO:root:Outputting coordinates in xyz format
INFO:root:Energy of [H-:11] is -0.610746694539 hartree
INFO:root:Converting [H:8][H:9] to coordinates
INFO:root:Outputting coordinates in xyz format
INFO:root:Energy of [H:8][H:9] is -0.982686168659 hartree
INFO:root:Converting [CH:1](=[CH:2])[CH:3]=[CH:4][CH:5]=[CH:6] to coordinates
INFO:root:Outputting coordinates in xyz format
INFO:root:Energy of [CH:1](=[CH:2])[CH:3]=[CH:4][CH:5]=[CH:6] is -15.612010597496 hartree
INFO:root:Converting [C:1](#[CH:2])[CH:5]=[CH:6][C:3]#[CH:4] to coordinates
INFO:root:Outputting coordinates in xyz format
INFO:root:Energy of [C:1](#[CH:2])[CH:5]=[CH:6][C:3]#[CH:4] is -14.708255897424 hartree
INFO:root:Outputting coordinates in xyz format
INFO:root:Energy of [H:7] is -0.393482763936 hartree
INFO:root:Outputting coordinates in xyz format
INFO:root:Energy of [H:9] is -0.393482763936 hartree
INFO:root:Converting [C+:3]#[CH:4] to coordinates
INFO:root:Outputting coordinates in xyz format
INFO:root:Energy of [C+:3]#[CH:4] is -3.987950318802 hartree
INFO:root:Converting [C:1](#[C-:2])[C:5]#[CH:6] to coordinates
INFO:root:Outputting coordinates in xyz format
INFO:root:Energy of [C:1](#[C-:2])[C:5]#[CH:6] is -9.04358554355 hartree
INFO:root:Converting [H:7][H:9] to coordinates
INFO:root:Outputting coordinates in xyz format
INFO:root:Energy of [H:7][H:9] is -0.982686168659 hartree
INFO:root:Converting [H:8][H:11] to coordinates
INFO:root:Outputting coordinates in xyz format
INFO:root:Energy of [H:8][H:11] is -0.982686168659 hartree
INFO:root:Converting [C:1]1#[C:2][CH:4]=[CH:3]1 to coordinates
INFO:root:Outputting coordinates in xyz format
INFO:root:Energy of [C:1]1#[C:2][CH:4]=[CH:3]1 is -9.332747826875 hartree
INFO:root:Converting [CH2:5]=[CH-:6] to coordinates
INFO:root:Outputting coordinates in xyz format
INFO:root:Energy of [CH2:5]=[CH-:6] is -5.837890985939 hartree
INFO:root:Outputting coordinates in xyz format
INFO:root:Energy of [H+:7] is 0.229552166667 hartree
INFO:root:Converting [c:1]1[cH:3][cH:4][cH:5][cH:6][c:2]#1 to coordinates
INFO:root:Outputting coordinates in xyz format
INFO:root:Energy of [c:1]1[cH:3][cH:4][cH:5][cH:6][c:2]#1 is -14.628947098103 hartree
INFO:root:Outputting coordinates in xyz format
INFO:root:Energy of [H+:7] is 0.229552166667 hartree
INFO:root:Outputting coordinates in xyz format
INFO:root:Energy of [H-:8] is -0.610746694539 hartree
INFO:root:Converting [C:1]#[CH:2] to coordinates
INFO:root:Outputting coordinates in xyz format
INFO:root:Energy of [C:1]#[CH:2] is -4.577904248828 hartree
INFO:root:Converting [CH:3]#[CH:4] to coordinates
INFO:root:Outputting coordinates in xyz format
INFO:root:Energy of [CH:3]#[CH:4] is -5.206768795604 hartree
INFO:root:Converting [CH:5]#[CH:6] to coordinates
INFO:root:Outputting coordinates in xyz format
INFO:root:Energy of [CH:5]#[CH:6] is -5.206768795614 hartree
INFO:root:Outputting coordinates in xyz format
INFO:root:Energy of [H:7] is -0.393482763936 hartree
INFO:root:Converting [C-:1]#[CH:2] to coordinates
INFO:root:Outputting coordinates in xyz format
INFO:root:Energy of [C-:1]#[CH:2] is -4.791036646911 hartree
INFO:root:Converting [CH2:3]=[CH+:4] to coordinates
INFO:root:Outputting coordinates in xyz format
INFO:root:Energy of [CH2:3]=[CH+:4] is -5.200296729933 hartree
INFO:root:Converting [CH:5]#[CH:6] to coordinates
INFO:root:Outputting coordinates in xyz format
INFO:root:Energy of [CH:5]#[CH:6] is -5.206768795604 hartree
INFO:root:Converting [C:1]#[C:2] to coordinates
INFO:root:Outputting coordinates in xyz format
INFO:root:Energy of [C:1]#[C:2] is -3.94884651587 hartree
INFO:root:Converting [C:3]#[CH:4] to coordinates
INFO:root:Outputting coordinates in xyz format
INFO:root:Energy of [C:3]#[CH:4] is -4.577904248828 hartree
INFO:root:Converting [CH2:5]=[CH2:6] to coordinates
INFO:root:Outputting coordinates in xyz format
INFO:root:Energy of [CH2:5]=[CH2:6] is -6.27126052533 hartree
INFO:root:Outputting coordinates in xyz format
INFO:root:Energy of [H:7] is -0.393482763936 hartree
INFO:root:Converting [C:1]1#[C:2][CH:3]=[CH:4]1 to coordinates
INFO:root:Outputting coordinates in xyz format
INFO:root:Energy of [C:1]1#[C:2][CH:3]=[CH:4]1 is -9.332747826875 hartree
INFO:root:Converting [CH:5]#[CH:6] to coordinates
INFO:root:Outputting coordinates in xyz format
INFO:root:Energy of [CH:5]#[CH:6] is -5.206768795604 hartree
INFO:root:Converting [H:7][H:8] to coordinates
INFO:root:Outputting coordinates in xyz format
INFO:root:Energy of [H:7][H:8] is -0.982686168659 hartree
INFO:root:Converting [C:1]1#[C:2][CH:6]=[CH:5]1 to coordinates
INFO:root:Outputting coordinates in xyz format
INFO:root:Energy of [C:1]1#[C:2][CH:6]=[CH:5]1 is -9.332747826875 hartree
INFO:root:Converting [C:3]#[CH:4] to coordinates
INFO:root:Outputting coordinates in xyz format
INFO:root:Energy of [C:3]#[CH:4] is -4.577904248828 hartree
INFO:root:Outputting coordinates in xyz format
INFO:root:Energy of [H:7] is -0.393482763936 hartree
INFO:root:Converting [H:8][H:9] to coordinates
INFO:root:Outputting coordinates in xyz format
INFO:root:Energy of [H:8][H:9] is -0.982686168659 hartree
INFO:root:Converting [C:1](#[CH:2])[C:3]#[CH:4] to coordinates
INFO:root:Outputting coordinates in xyz format
INFO:root:Energy of [C:1](#[CH:2])[C:3]#[CH:4] is -9.428525601221 hartree
INFO:root:Converting [CH:5]#[CH:6] to coordinates
INFO:root:Outputting coordinates in xyz format
INFO:root:Energy of [CH:5]#[CH:6] is -5.206768795604 hartree
INFO:root:Converting [H:7][H:9] to coordinates
INFO:root:Outputting coordinates in xyz format
INFO:root:Energy of [H:7][H:9] is -0.982686168659 hartree
INFO:root:Converting [CH:1](=[CH+:2])[CH:3]=[CH:4][CH:5]=[CH-:6] to coordinates
INFO:root:Outputting coordinates in xyz format
INFO:root:Energy of [CH:1](=[CH+:2])[CH:3]=[CH:4][CH:5]=[CH-:6] is -15.623689537453 hartree
INFO:root:Converting [CH+:5]=[CH2:6] to coordinates
INFO:root:Outputting coordinates in xyz format
INFO:root:Energy of [CH+:5]=[CH2:6] is -5.200297757426 hartree
INFO:root:Converting [C:1](#[C-:2])[C:3]#[CH:4] to coordinates
INFO:root:Outputting coordinates in xyz format
INFO:root:Energy of [C:1](#[C-:2])[C:3]#[CH:4] is -9.04358554355 hartree
INFO:root:Converting [H:8][H:9] to coordinates
INFO:root:Outputting coordinates in xyz format
INFO:root:Energy of [H:8][H:9] is -0.982686168659 hartree
INFO:root:Converting [C+:3]#[CH:4] to coordinates
INFO:root:Outputting coordinates in xyz format
INFO:root:Energy of [C+:3]#[CH:4] is -3.987950318802 hartree
INFO:root:Converting [C:1](#[C-:2])[CH:5]=[CH2:6] to coordinates
INFO:root:Outputting coordinates in xyz format
INFO:root:Energy of [C:1](#[C-:2])[CH:5]=[CH2:6] is -10.100323965537 hartree
INFO:root:Converting [H:7][H:9] to coordinates
INFO:root:Outputting coordinates in xyz format
INFO:root:Energy of [H:7][H:9] is -0.982686168659 hartree
INFO:root:Converting [C+:1]#[C:2][C:3]#[CH:4] to coordinates
INFO:root:Outputting coordinates in xyz format
INFO:root:Energy of [C+:1]#[C:2][C:3]#[CH:4] is -8.243749005004 hartree
INFO:root:Converting [CH2:5]=[CH-:6] to coordinates
INFO:root:Outputting coordinates in xyz format
INFO:root:Energy of [CH2:5]=[CH-:6] is -5.837890985939 hartree
INFO:root:Converting [H:7][H:8] to coordinates
INFO:root:Outputting coordinates in xyz format
INFO:root:Energy of [H:7][H:8] is -0.982686168659 hartree
INFO:root:Converting [C:1](#[C:2][C:3]#[CH:4])[C:5]#[CH:6] to coordinates
INFO:root:Outputting coordinates in xyz format
INFO:root:Energy of [C:1](#[C:2][C:3]#[CH:4])[C:5]#[CH:6] is -13.653525951673 hartree
INFO:root:Converting [H:7][H:8] to coordinates
INFO:root:Outputting coordinates in xyz format
INFO:root:Energy of [H:7][H:8] is -0.982686168659 hartree
INFO:root:Converting [H:9][H:11] to coordinates
INFO:root:Outputting coordinates in xyz format
INFO:root:Energy of [H:9][H:11] is -0.982686168659 hartree
INFO:root:Converting [C:1](#[C:2][CH:6]=[CH-:5])[C:3]#[CH:4] to coordinates
INFO:root:Outputting coordinates in xyz format
INFO:root:Energy of [C:1](#[C:2][CH:6]=[CH-:5])[C:3]#[CH:4] is -14.317896230947 hartree
INFO:root:Outputting coordinates in xyz format
INFO:root:Energy of [H+:7] is 0.229552166667 hartree
INFO:root:Converting [H:8][H:9] to coordinates
INFO:root:Outputting coordinates in xyz format
INFO:root:Energy of [H:8][H:9] is -0.982686168659 hartree
INFO:root:Converting [C:1](#[CH:2])[C:3]#[CH:4] to coordinates
INFO:root:Outputting coordinates in xyz format
INFO:root:Energy of [C:1](#[CH:2])[C:3]#[CH:4] is -9.428525601221 hartree
INFO:root:Converting [CH2:5]=[CH-:6] to coordinates
INFO:root:Outputting coordinates in xyz format
INFO:root:Energy of [CH2:5]=[CH-:6] is -5.837890985939 hartree
INFO:root:Outputting coordinates in xyz format
INFO:root:Energy of [H+:7] is 0.229552166667 hartree
INFO:root:Converting [C:1]#[C:2][CH:6]=[CH:5] to coordinates
INFO:root:Outputting coordinates in xyz format
INFO:root:Energy of [C:1]#[C:2][CH:6]=[CH:5] is -9.248499675456 hartree
INFO:root:Converting [CH2:3]=[CH2:4] to coordinates
INFO:root:Outputting coordinates in xyz format
INFO:root:Energy of [CH2:3]=[CH2:4] is -6.27126052533 hartree
INFO:root:Converting [cH:1]1[cH:2][cH:6][cH:5][cH:4][cH:3]1 to coordinates
INFO:root:Outputting coordinates in xyz format
INFO:root:Energy of [cH:1]1[cH:2][cH:6][cH:5][cH:4][cH:3]1 is -15.87964027742 hartree
INFO:root:Converting [C:1]#[C:2] to coordinates
INFO:root:Outputting coordinates in xyz format
INFO:root:Energy of [C:1]#[C:2] is -3.94884651587 hartree
INFO:root:Converting [C:3]#[C:4] to coordinates
INFO:root:Outputting coordinates in xyz format
INFO:root:Energy of [C:3]#[C:4] is -3.94884651587 hartree
INFO:root:Converting [CH:5]#[CH:6] to coordinates
INFO:root:Outputting coordinates in xyz format
INFO:root:Energy of [CH:5]#[CH:6] is -5.206768795604 hartree
INFO:root:Outputting coordinates in xyz format
INFO:root:Energy of [H+:7] is 0.229552166667 hartree
INFO:root:Outputting coordinates in xyz format
INFO:root:Energy of [H-:10] is -0.610746694539 hartree
INFO:root:Converting [H:8][H:9] to coordinates
INFO:root:Outputting coordinates in xyz format
INFO:root:Energy of [H:8][H:9] is -0.982686168659 hartree
INFO:root:Converting [C:1]#[C:2][C:3]#[CH:4] to coordinates
INFO:root:Outputting coordinates in xyz format
INFO:root:Energy of [C:1]#[C:2][C:3]#[CH:4] is -8.798609639883 hartree
INFO:root:Converting [CH2:5]=[CH:6] to coordinates
INFO:root:Outputting coordinates in xyz format
INFO:root:Energy of [CH2:5]=[CH:6] is -5.662475720313 hartree
INFO:root:Converting [H:7][H:8] to coordinates
INFO:root:Outputting coordinates in xyz format
INFO:root:Energy of [H:7][H:8] is -0.982686168659 hartree
INFO:root:Converting [C:1](#[C:2][C:5]#[CH:6])[C:3]#[CH:4] to coordinates
INFO:root:Outputting coordinates in xyz format
INFO:root:Energy of [C:1](#[C:2][C:5]#[CH:6])[C:3]#[CH:4] is -13.653525951673 hartree
INFO:root:Outputting coordinates in xyz format
INFO:root:Energy of [H:11] is -0.393482763936 hartree
INFO:root:Outputting coordinates in xyz format
INFO:root:Energy of [H:7] is -0.393482763936 hartree
INFO:root:Converting [H:8][H:9] to coordinates
INFO:root:Outputting coordinates in xyz format
INFO:root:Energy of [H:8][H:9] is -0.982686168659 hartree
INFO:root:Converting [C:1](#[C:2])[CH:3]=[CH2:4] to coordinates
INFO:root:Outputting coordinates in xyz format
INFO:root:Energy of [C:1](#[C:2])[CH:3]=[CH2:4] is -9.862511197271 hartree
INFO:root:Converting [CH:5]#[CH:6] to coordinates
INFO:root:Outputting coordinates in xyz format
INFO:root:Energy of [CH:5]#[CH:6] is -5.206768795604 hartree
INFO:root:Outputting coordinates in xyz format
INFO:root:Energy of [H:7] is -0.393482763936 hartree
INFO:root:Converting [C:1](#[C:2][CH:6]=[CH2:5])[C:3]#[CH:4] to coordinates
INFO:root:Outputting coordinates in xyz format
INFO:root:Energy of [C:1](#[C:2][CH:6]=[CH2:5])[C:3]#[CH:4] is -14.713658104963 hartree
INFO:root:Outputting coordinates in xyz format
INFO:root:Energy of [H:7] is -0.393482763936 hartree
INFO:root:Outputting coordinates in xyz format
INFO:root:Energy of [H:8] is -0.393482763936 hartree
INFO:root:Converting [C:1]#[C:2][C:3]#[CH:4] to coordinates
INFO:root:Outputting coordinates in xyz format
INFO:root:Energy of [C:1]#[C:2][C:3]#[CH:4] is -8.798609639883 hartree
INFO:root:Converting [C:5]#[CH:6] to coordinates
INFO:root:Outputting coordinates in xyz format
INFO:root:Energy of [C:5]#[CH:6] is -4.577904248828 hartree
INFO:root:Converting [H:7][H:8] to coordinates
INFO:root:Outputting coordinates in xyz format
INFO:root:Energy of [H:7][H:8] is -0.982686168659 hartree
INFO:root:Converting [H:9][H:11] to coordinates
INFO:root:Outputting coordinates in xyz format
INFO:root:Energy of [H:9][H:11] is -0.982686168659 hartree
INFO:root:Converting [C:1]1#[C:2][C:3]#[C:4]1 to coordinates
INFO:root:Outputting coordinates in xyz format
INFO:root:Energy of [C:1]1#[C:2][C:3]#[C:4]1 is -8.13707641047 hartree
INFO:root:Converting [CH:5]#[CH:6] to coordinates
INFO:root:Outputting coordinates in xyz format
INFO:root:Energy of [CH:5]#[CH:6] is -5.206768795604 hartree
INFO:root:Converting [H:7][H:8] to coordinates
INFO:root:Outputting coordinates in xyz format
INFO:root:Energy of [H:7][H:8] is -0.982686168659 hartree
INFO:root:Converting [H:9][H:10] to coordinates
INFO:root:Outputting coordinates in xyz format
INFO:root:Energy of [H:9][H:10] is -0.982686168659 hartree
INFO:root:Converting [C:1]#[C:2] to coordinates
INFO:root:Outputting coordinates in xyz format
INFO:root:Energy of [C:1]#[C:2] is -3.94884651587 hartree
INFO:root:Converting [C:3](#[CH:4])[CH:6]=[CH2:5] to coordinates
INFO:root:Outputting coordinates in xyz format
INFO:root:Energy of [C:3](#[CH:4])[CH:6]=[CH2:5] is -10.489536673658 hartree
INFO:root:Outputting coordinates in xyz format
INFO:root:Energy of [H:7] is -0.393482763936 hartree
INFO:root:Outputting coordinates in xyz format
INFO:root:Energy of [H:9] is -0.393482763936 hartree
INFO:root:Converting [C:1](#[C-:2])[CH:4]=[CH+:3] to coordinates
INFO:root:Outputting coordinates in xyz format
INFO:root:Energy of [C:1](#[C-:2])[CH:4]=[CH+:3] is -9.322125462307 hartree
INFO:root:Converting [CH2:5]=[CH2:6] to coordinates
INFO:root:Outputting coordinates in xyz format
INFO:root:Energy of [CH2:5]=[CH2:6] is -6.27126052533 hartree
INFO:root:Converting [C:1]#[C:2] to coordinates
INFO:root:Outputting coordinates in xyz format
INFO:root:Energy of [C:1]#[C:2] is -3.94884651587 hartree
INFO:root:Converting [C:3](#[CH:4])[CH:6]=[CH-:5] to coordinates
INFO:root:Outputting coordinates in xyz format
INFO:root:Energy of [C:3](#[CH:4])[CH:6]=[CH-:5] is -10.074284095219 hartree
INFO:root:Outputting coordinates in xyz format
INFO:root:Energy of [H+:7] is 0.229552166667 hartree
INFO:root:Converting [H:8][H:9] to coordinates
INFO:root:Outputting coordinates in xyz format
INFO:root:Energy of [H:8][H:9] is -0.982686168659 hartree
INFO:root:Converting [C:1](#[C:2][CH:6]=[CH-:5])[CH:3]=[CH2:4] to coordinates
INFO:root:Outputting coordinates in xyz format
INFO:root:Energy of [C:1](#[C:2][CH:6]=[CH-:5])[CH:3]=[CH2:4] is -15.374633398974 hartree
INFO:root:Outputting coordinates in xyz format
INFO:root:Energy of [H+:7] is 0.229552166667 hartree
INFO:root:Converting [C+:1]#[C:2][CH:6]=[CH-:5] to coordinates
INFO:root:Outputting coordinates in xyz format
INFO:root:Energy of [C+:1]#[C:2][CH:6]=[CH-:5] is -9.322126727996 hartree
INFO:root:Converting [CH2:3]=[CH2:4] to coordinates
INFO:root:Outputting coordinates in xyz format
INFO:root:Energy of [CH2:3]=[CH2:4] is -6.27126052533 hartree
INFO:root:Converting [C:1]#[CH:2] to coordinates
INFO:root:Outputting coordinates in xyz format
INFO:root:Energy of [C:1]#[CH:2] is -4.577904248828 hartree
INFO:root:Converting [CH:3](=[CH2:4])[CH:5]=[CH:6] to coordinates
INFO:root:Outputting coordinates in xyz format
INFO:root:Energy of [CH:3](=[CH2:4])[CH:5]=[CH:6] is -10.942339404615 hartree
INFO:root:Converting [C:1]#[C:2] to coordinates
INFO:root:Outputting coordinates in xyz format
INFO:root:Energy of [C:1]#[C:2] is -3.94884651587 hartree
INFO:root:Converting [C:3](#[CH:4])[C:5]#[CH:6] to coordinates
INFO:root:Outputting coordinates in xyz format
INFO:root:Energy of [C:3](#[CH:4])[C:5]#[CH:6] is -9.428525601221 hartree
INFO:root:Outputting coordinates in xyz format
INFO:root:Energy of [H+:7] is 0.229552166667 hartree
INFO:root:Outputting coordinates in xyz format
INFO:root:Energy of [H-:11] is -0.610746694539 hartree
INFO:root:Converting [H:8][H:9] to coordinates
INFO:root:Outputting coordinates in xyz format
INFO:root:Energy of [H:8][H:9] is -0.982686168659 hartree
INFO:root:Converting [C+:1]#[C:2][CH:3]=[CH:4][CH:5]=[CH-:6] to coordinates
INFO:root:Outputting coordinates in xyz format
INFO:root:Energy of [C+:1]#[C:2][CH:3]=[CH:4][CH:5]=[CH-:6] is -14.624666993449 hartree
INFO:root:Converting [H:7][H:8] to coordinates
INFO:root:Outputting coordinates in xyz format
INFO:root:Energy of [H:7][H:8] is -0.982686168659 hartree
INFO:root:Converting [C:1](#[CH:2])[CH:3]=[CH2:4] to coordinates
INFO:root:Outputting coordinates in xyz format
INFO:root:Energy of [C:1](#[CH:2])[CH:3]=[CH2:4] is -10.489536673658 hartree
INFO:root:Converting [CH:5]#[CH:6] to coordinates
INFO:root:Outputting coordinates in xyz format
INFO:root:Energy of [CH:5]#[CH:6] is -5.206768795604 hartree
INFO:root:Converting [C:1]#[C:2] to coordinates
INFO:root:Outputting coordinates in xyz format
INFO:root:Energy of [C:1]#[C:2] is -3.94884651587 hartree
INFO:root:Converting [C:3]#[CH:4] to coordinates
INFO:root:Outputting coordinates in xyz format
INFO:root:Energy of [C:3]#[CH:4] is -4.577904248828 hartree
INFO:root:Converting [CH2:5]=[CH:6] to coordinates
INFO:root:Outputting coordinates in xyz format
INFO:root:Energy of [CH2:5]=[CH:6] is -5.662475720313 hartree
INFO:root:Converting [H:7][H:9] to coordinates
INFO:root:Outputting coordinates in xyz format
INFO:root:Energy of [H:7][H:9] is -0.982686168659 hartree
INFO:root:Converting [C:1]#[CH:2] to coordinates
INFO:root:Outputting coordinates in xyz format
INFO:root:Energy of [C:1]#[CH:2] is -4.577904248828 hartree
INFO:root:Converting [CH:3]=[CH2:4] to coordinates
INFO:root:Outputting coordinates in xyz format
INFO:root:Energy of [CH:3]=[CH2:4] is -5.662475739084 hartree
INFO:root:Converting [CH:5]#[CH:6] to coordinates
INFO:root:Outputting coordinates in xyz format
INFO:root:Energy of [CH:5]#[CH:6] is -5.206768795604 hartree
INFO:root:Converting [C:1]#[C:2][C:3]#[CH:4] to coordinates
INFO:root:Outputting coordinates in xyz format
INFO:root:Energy of [C:1]#[C:2][C:3]#[CH:4] is -8.798609639883 hartree
INFO:root:Converting [CH:5]#[CH:6] to coordinates
INFO:root:Outputting coordinates in xyz format
INFO:root:Energy of [CH:5]#[CH:6] is -5.206768795604 hartree
INFO:root:Converting [H:7][H:8] to coordinates
INFO:root:Outputting coordinates in xyz format
INFO:root:Energy of [H:7][H:8] is -0.982686168659 hartree
INFO:root:Outputting coordinates in xyz format
INFO:root:Energy of [H:9] is -0.393482763936 hartree
INFO:root:Converting [C+:1]#[C:2][CH:3]=[CH2:4] to coordinates
INFO:root:Outputting coordinates in xyz format
INFO:root:Energy of [C+:1]#[C:2][CH:3]=[CH2:4] is -9.341980986609 hartree
INFO:root:Converting [CH2:5]=[CH-:6] to coordinates
INFO:root:Outputting coordinates in xyz format
INFO:root:Energy of [CH2:5]=[CH-:6] is -5.837890985939 hartree
INFO:root:Converting [C+:1]#[C:2][CH:5]=[CH2:6] to coordinates
INFO:root:Outputting coordinates in xyz format
INFO:root:Energy of [C+:1]#[C:2][CH:5]=[CH2:6] is -9.341980986609 hartree
INFO:root:Converting [C-:3]#[CH:4] to coordinates
INFO:root:Outputting coordinates in xyz format
INFO:root:Energy of [C-:3]#[CH:4] is -4.791036646911 hartree
INFO:root:Converting [H:7][H:8] to coordinates
INFO:root:Outputting coordinates in xyz format
INFO:root:Energy of [H:7][H:8] is -0.982686168659 hartree
INFO:root:Converting [C:1]#[C:2] to coordinates
INFO:root:Outputting coordinates in xyz format
INFO:root:Energy of [C:1]#[C:2] is -3.94884651587 hartree
INFO:root:Converting [C:3](#[CH:4])[CH:6]=[CH2:5] to coordinates
INFO:root:Outputting coordinates in xyz format
INFO:root:Energy of [C:3](#[CH:4])[CH:6]=[CH2:5] is -10.489536673658 hartree
INFO:root:Converting [H:8][H:9] to coordinates
INFO:root:Outputting coordinates in xyz format
INFO:root:Energy of [H:8][H:9] is -0.982686168659 hartree
INFO:root:Converting [C:1]#[C:2] to coordinates
INFO:root:Outputting coordinates in xyz format
INFO:root:Energy of [C:1]#[C:2] is -3.94884651587 hartree
INFO:root:Converting [CH2:3]=[CH:4] to coordinates
INFO:root:Outputting coordinates in xyz format
INFO:root:Energy of [CH2:3]=[CH:4] is -5.662475720313 hartree
INFO:root:Converting [CH:5]=[CH2:6] to coordinates
INFO:root:Outputting coordinates in xyz format
INFO:root:Energy of [CH:5]=[CH2:6] is -5.662475739401 hartree
INFO:root:Converting [C:1](#[C-:2])[C:3]#[CH:4] to coordinates
INFO:root:Outputting coordinates in xyz format
INFO:root:Energy of [C:1](#[C-:2])[C:3]#[CH:4] is -9.04358554355 hartree
INFO:root:Converting [CH2:5]=[CH2:6] to coordinates
INFO:root:Outputting coordinates in xyz format
INFO:root:Energy of [CH2:5]=[CH2:6] is -6.27126052533 hartree
INFO:root:Outputting coordinates in xyz format
INFO:root:Energy of [H+:7] is 0.229552166667 hartree
INFO:root:Converting [C:1]1#[C:2][CH:4]=[CH:3]1 to coordinates
INFO:root:Outputting coordinates in xyz format
INFO:root:Energy of [C:1]1#[C:2][CH:4]=[CH:3]1 is -9.332747826875 hartree
INFO:root:Converting [CH2:5]=[CH2:6] to coordinates
INFO:root:Outputting coordinates in xyz format
INFO:root:Energy of [CH2:5]=[CH2:6] is -6.27126052533 hartree
INFO:root:Converting [C-:3]#[CH:4] to coordinates
INFO:root:Outputting coordinates in xyz format
INFO:root:Energy of [C-:3]#[CH:4] is -4.791036646911 hartree
INFO:root:Converting [C:1](#[CH:2])[CH:5]=[CH2:6] to coordinates
INFO:root:Outputting coordinates in xyz format
INFO:root:Energy of [C:1](#[CH:2])[CH:5]=[CH2:6] is -10.489536673658 hartree
INFO:root:Outputting coordinates in xyz format
INFO:root:Energy of [H+:7] is 0.229552166667 hartree
INFO:root:Converting [C-:1]#[C:2][CH:5]=[CH:6][C:3]#[CH:4] to coordinates
INFO:root:Outputting coordinates in xyz format
INFO:root:Energy of [C-:1]#[C:2][CH:5]=[CH:6][C:3]#[CH:4] is -14.334571966189 hartree
INFO:root:Outputting coordinates in xyz format
INFO:root:Energy of [H+:9] is 0.229552166667 hartree
INFO:root:Converting [H:7][H:8] to coordinates
INFO:root:Outputting coordinates in xyz format
INFO:root:Energy of [H:7][H:8] is -0.982686168659 hartree
INFO:root:Converting [C+:1]#[C:2][CH:3]=[CH-:4] to coordinates
INFO:root:Outputting coordinates in xyz format
INFO:root:Energy of [C+:1]#[C:2][CH:3]=[CH-:4] is -9.322126727996 hartree
INFO:root:Converting [CH:5]#[CH:6] to coordinates
INFO:root:Outputting coordinates in xyz format
INFO:root:Energy of [CH:5]#[CH:6] is -5.206768795604 hartree
INFO:root:Converting [H:7][H:8] to coordinates
INFO:root:Outputting coordinates in xyz format
INFO:root:Energy of [H:7][H:8] is -0.982686168659 hartree
INFO:root:Converting [C:1](#[CH:2])[C:3]#[CH:4] to coordinates
INFO:root:Outputting coordinates in xyz format
INFO:root:Energy of [C:1](#[CH:2])[C:3]#[CH:4] is -9.428525601221 hartree
INFO:root:Converting [C:5]#[CH:6] to coordinates
INFO:root:Outputting coordinates in xyz format
INFO:root:Energy of [C:5]#[CH:6] is -4.577904248828 hartree
INFO:root:Outputting coordinates in xyz format
INFO:root:Energy of [H:7] is -0.393482763936 hartree
INFO:root:Converting [H:9][H:11] to coordinates
INFO:root:Outputting coordinates in xyz format
INFO:root:Energy of [H:9][H:11] is -0.982686168659 hartree
INFO:root:Converting [C:1](#[CH:2])[CH:3]=[CH:4][CH:5]=[CH-:6] to coordinates
INFO:root:Outputting coordinates in xyz format
INFO:root:Energy of [C:1](#[CH:2])[CH:3]=[CH:4][CH:5]=[CH-:6] is -15.368842433367 hartree
INFO:root:Outputting coordinates in xyz format
INFO:root:Energy of [H+:7] is 0.229552166667 hartree
INFO:root:Converting [C:1]#[C:2] to coordinates
INFO:root:Outputting coordinates in xyz format
INFO:root:Energy of [C:1]#[C:2] is -3.94884651587 hartree
INFO:root:Converting [C:3](#[CH:4])[CH:6]=[CH:5] to coordinates
INFO:root:Outputting coordinates in xyz format
INFO:root:Energy of [C:3](#[CH:4])[CH:6]=[CH:5] is -9.87776402236 hartree
INFO:root:Outputting coordinates in xyz format
INFO:root:Energy of [H:7] is -0.393482763936 hartree
INFO:root:Converting [H:8][H:9] to coordinates
INFO:root:Outputting coordinates in xyz format
INFO:root:Energy of [H:8][H:9] is -0.982686168659 hartree
INFO:root:Converting [C:1]#[C:2][CH:3]=[CH:4][CH:5]=[CH:6] to coordinates
INFO:root:Outputting coordinates in xyz format
INFO:root:Energy of [C:1]#[C:2][CH:3]=[CH:4][CH:5]=[CH:6] is -14.534543132036 hartree
INFO:root:Converting [H:7][H:8] to coordinates
INFO:root:Outputting coordinates in xyz format
INFO:root:Energy of [H:7][H:8] is -0.982686168659 hartree
INFO:root:Converting [C:1](#[C-:2])[CH:3]=[CH:4][CH:5]=[CH2:6] to coordinates
INFO:root:Outputting coordinates in xyz format
INFO:root:Energy of [C:1](#[C-:2])[CH:3]=[CH:4][CH:5]=[CH2:6] is -15.396758837571 hartree
INFO:root:Outputting coordinates in xyz format
INFO:root:Energy of [H+:7] is 0.229552166667 hartree
INFO:root:Converting [C-:3]#[CH:4] to coordinates
INFO:root:Outputting coordinates in xyz format
INFO:root:Energy of [C-:3]#[CH:4] is -4.791036646911 hartree
INFO:root:Converting [C:1]#[C:2] to coordinates
INFO:root:Outputting coordinates in xyz format
INFO:root:Energy of [C:1]#[C:2] is -3.94884651587 hartree
INFO:root:Converting [CH:5]#[CH:6] to coordinates
INFO:root:Outputting coordinates in xyz format
INFO:root:Energy of [CH:5]#[CH:6] is -5.206768795604 hartree
INFO:root:Outputting coordinates in xyz format
INFO:root:Energy of [H+:7] is 0.229552166667 hartree
INFO:root:Converting [H:8][H:9] to coordinates
INFO:root:Outputting coordinates in xyz format
INFO:root:Energy of [H:8][H:9] is -0.982686168659 hartree
INFO:root:Converting [C:1](#[C:2][CH:6]=[CH:5])[CH:3]=[CH2:4] to coordinates
INFO:root:Outputting coordinates in xyz format
INFO:root:Energy of [C:1](#[C:2][CH:6]=[CH:5])[CH:3]=[CH2:4] is -15.162562710346 hartree
INFO:root:Outputting coordinates in xyz format
INFO:root:Energy of [H:7] is -0.393482763936 hartree
INFO:root:Converting [C:1](#[CH:2])[CH:5]=[CH:6][C:3]#[CH:4] to coordinates
INFO:root:Outputting coordinates in xyz format
INFO:root:Energy of [C:1](#[CH:2])[CH:5]=[CH:6][C:3]#[CH:4] is -14.708255897424 hartree
INFO:root:Outputting coordinates in xyz format
INFO:root:Energy of [H+:7] is 0.229552166667 hartree
INFO:root:Outputting coordinates in xyz format
INFO:root:Energy of [H-:9] is -0.610746694539 hartree
INFO:root:Converting [C:1](#[CH:2])[CH:3]=[CH+:4] to coordinates
INFO:root:Outputting coordinates in xyz format
INFO:root:Energy of [C:1](#[CH:2])[CH:3]=[CH+:4] is -9.461650769857 hartree
INFO:root:Converting [CH2:5]=[CH-:6] to coordinates
INFO:root:Outputting coordinates in xyz format
INFO:root:Energy of [CH2:5]=[CH-:6] is -5.837890985939 hartree
INFO:root:Converting [C-:3]#[CH:4] to coordinates
INFO:root:Outputting coordinates in xyz format
INFO:root:Energy of [C-:3]#[CH:4] is -4.791036646911 hartree
INFO:root:Converting [C:1]1#[C:2][CH:6]=[CH:5]1 to coordinates
INFO:root:Outputting coordinates in xyz format
INFO:root:Energy of [C:1]1#[C:2][CH:6]=[CH:5]1 is -9.332747826875 hartree
INFO:root:Outputting coordinates in xyz format
INFO:root:Energy of [H+:7] is 0.229552166667 hartree
INFO:root:Converting [H:8][H:9] to coordinates
INFO:root:Outputting coordinates in xyz format
INFO:root:Energy of [H:8][H:9] is -0.982686168659 hartree
INFO:root:Converting [C:1]#[CH:2] to coordinates
INFO:root:Outputting coordinates in xyz format
INFO:root:Energy of [C:1]#[CH:2] is -4.577904248828 hartree
INFO:root:Converting [C:3]#[CH:4] to coordinates
INFO:root:Outputting coordinates in xyz format
INFO:root:Energy of [C:3]#[CH:4] is -4.577904248828 hartree
INFO:root:Converting [CH2:5]=[CH2:6] to coordinates
INFO:root:Outputting coordinates in xyz format
INFO:root:Energy of [CH2:5]=[CH2:6] is -6.27126052533 hartree
INFO:root:Converting [C:1]#[C:2] to coordinates
INFO:root:Outputting coordinates in xyz format
INFO:root:Energy of [C:1]#[C:2] is -3.94884651587 hartree
INFO:root:Converting [C:3](#[CH:4])[C:5]#[CH:6] to coordinates
INFO:root:Outputting coordinates in xyz format
INFO:root:Energy of [C:3](#[CH:4])[C:5]#[CH:6] is -9.428525601221 hartree
INFO:root:Converting [H:7][H:11] to coordinates
INFO:root:Outputting coordinates in xyz format
INFO:root:Energy of [H:7][H:11] is -0.982686168659 hartree
INFO:root:Converting [H:8][H:9] to coordinates
INFO:root:Outputting coordinates in xyz format
INFO:root:Energy of [H:8][H:9] is -0.982686168659 hartree
INFO:root:Converting [C+:1]#[CH:2] to coordinates
INFO:root:Outputting coordinates in xyz format
INFO:root:Energy of [C+:1]#[CH:2] is -3.987950318802 hartree
INFO:root:Converting [CH:3](=[CH2:4])[CH:5]=[CH-:6] to coordinates
INFO:root:Outputting coordinates in xyz format
INFO:root:Energy of [CH:3](=[CH2:4])[CH:5]=[CH-:6] is -11.139513704239 hartree
INFO:root:Converting [C:1](#[C:2][CH:6]=[CH2:5])[C:3]#[CH:4] to coordinates
INFO:root:Outputting coordinates in xyz format
INFO:root:Energy of [C:1](#[C:2][CH:6]=[CH2:5])[C:3]#[CH:4] is -14.713658104963 hartree
INFO:root:Outputting coordinates in xyz format
INFO:root:Energy of [H+:7] is 0.229552166667 hartree
INFO:root:Outputting coordinates in xyz format
INFO:root:Energy of [H-:8] is -0.610746694539 hartree
INFO:root:Converting [C-:3]#[CH:4] to coordinates
INFO:root:Outputting coordinates in xyz format
INFO:root:Energy of [C-:3]#[CH:4] is -4.791036646911 hartree
INFO:root:Converting [C:1](#[CH:2])[CH:5]=[CH+:6] to coordinates
INFO:root:Outputting coordinates in xyz format
INFO:root:Energy of [C:1](#[CH:2])[CH:5]=[CH+:6] is -9.461650769857 hartree
INFO:root:Converting [H:7][H:9] to coordinates
INFO:root:Outputting coordinates in xyz format
INFO:root:Energy of [H:7][H:9] is -0.982686168659 hartree
INFO:root:Converting [C:1](#[C-:2])[CH:3]=[CH2:4] to coordinates
INFO:root:Outputting coordinates in xyz format
INFO:root:Energy of [C:1](#[C-:2])[CH:3]=[CH2:4] is -10.100323965537 hartree
INFO:root:Converting [CH:5]#[CH:6] to coordinates
INFO:root:Outputting coordinates in xyz format
INFO:root:Energy of [CH:5]#[CH:6] is -5.206768795604 hartree
INFO:root:Outputting coordinates in xyz format
INFO:root:Energy of [H+:7] is 0.229552166667 hartree
INFO:root:Converting [C:1]#[CH:2] to coordinates
INFO:root:Outputting coordinates in xyz format
INFO:root:Energy of [C:1]#[CH:2] is -4.577904248828 hartree
INFO:root:Converting [C:3](#[CH:4])[CH:5]=[CH:6] to coordinates
INFO:root:Outputting coordinates in xyz format
INFO:root:Energy of [C:3](#[CH:4])[CH:5]=[CH:6] is -9.87776402236 hartree
INFO:root:Converting [H:7][H:9] to coordinates
INFO:root:Outputting coordinates in xyz format
INFO:root:Energy of [H:7][H:9] is -0.982686168659 hartree
INFO:root:Converting [C:1](#[C:2][CH:6]=[CH2:5])[CH:3]=[CH2:4] to coordinates
INFO:root:Outputting coordinates in xyz format
INFO:root:Energy of [C:1](#[C:2][CH:6]=[CH2:5])[CH:3]=[CH2:4] is -15.774019123559 hartree
INFO:root:Converting [C:1]#[C:2][C:3]#[C:4] to coordinates
INFO:root:Outputting coordinates in xyz format
INFO:root:Energy of [C:1]#[C:2][C:3]#[C:4] is -8.174133333646 hartree
INFO:root:Converting [CH:5]#[CH:6] to coordinates
INFO:root:Outputting coordinates in xyz format
INFO:root:Energy of [CH:5]#[CH:6] is -5.206768795604 hartree
INFO:root:Converting [H:7][H:8] to coordinates
INFO:root:Outputting coordinates in xyz format
INFO:root:Energy of [H:7][H:8] is -0.982686168659 hartree
INFO:root:Converting [H:9][H:10] to coordinates
INFO:root:Outputting coordinates in xyz format
INFO:root:Energy of [H:9][H:10] is -0.982686168659 hartree
INFO:root:Converting [C:1]#[C:2] to coordinates
INFO:root:Outputting coordinates in xyz format
INFO:root:Energy of [C:1]#[C:2] is -3.94884651587 hartree
INFO:root:Converting [CH2:3]=[CH2:4] to coordinates
INFO:root:Outputting coordinates in xyz format
INFO:root:Energy of [CH2:3]=[CH2:4] is -6.27126052533 hartree
INFO:root:Converting [CH:5]#[CH:6] to coordinates
INFO:root:Outputting coordinates in xyz format
INFO:root:Energy of [CH:5]#[CH:6] is -5.206768795604 hartree
INFO:root:Converting [C+:1]#[CH:2] to coordinates
INFO:root:Outputting coordinates in xyz format
INFO:root:Energy of [C+:1]#[CH:2] is -3.987950318802 hartree
INFO:root:Converting [C-:3]#[CH:4] to coordinates
INFO:root:Outputting coordinates in xyz format
INFO:root:Energy of [C-:3]#[CH:4] is -4.791036646911 hartree
INFO:root:Converting [CH2:5]=[CH2:6] to coordinates
INFO:root:Outputting coordinates in xyz format
INFO:root:Energy of [CH2:5]=[CH2:6] is -6.27126052533 hartree
INFO:root:{'[C+:1]#[C:2][H:8].[C-:3](=[C:4]([H:7])[H:10])[H:9].[C:5](#[C:6][H:12])[H:11]': 15.992030289979597, '[C:1](#[C:2][H:8])[C:5](=[C:6]([H:9])[H:12])[H:11].[C:3]#[C:4][H:10].[H:7]': 4.337026413936654, '[C:1]#[C:2].[C:3](#[C:4][H:10])[H:9].[C:5](#[C:6][H:12])[H:11].[H:7].[H:8]': 12.815392557889751, '[C:1](#[C:2][H:8])[C:3]#[C:4][H:10].[C:5](#[C:6][H:12])[H:11].[H+:7].[H-:9]': 16.430718489140336, '[C:1](#[C:2][H:8])[C:3](=[C:4]([C:5](=[C:6][H:12])[H:11])[H:10])[H:9].[H:7]': 1.807550579590841, '[C:1](#[C-:2])[C:6](=[C:5]([C:3](=[C+:4][H:10])[H:9])[H:11])[H:12].[H:7][H:8]': 2.3019906567261925, '[C:1](#[C:2][H:8])[C:3](=[C:4][H:10])[H:9].[C:5](=[C:6][H:12])([H:7])[H:11]': 2.1787254808682217, '[C:1](#[C:2])[C:3]#[C:4][H:10].[C:5](=[C:6]([H:8])[H:12])([H:9])[H:11].[H:7]': 4.270956540004302, '[C+:1]#[C:2][H:8].[C:3](#[C:4][H:10])[C:5](=[C-:6][H:12])[H:11].[H:7][H:9]': 15.657053271101708, '[C:1](#[C:2][H:8])[C:3]#[C:4][H:10].[C:5](#[C:6][H:12])[H:11].[H:7].[H:9]': 5.389121499740345, '[C:1]#[C:2].[C:3](#[C:4][H:10])[H:9].[C:5](#[C:6][H:12])[H:11].[H:7][H:8]': 7.48955991317833, '[C:1]#[C:2].[C:3](#[C:4][H:10])[C:6](=[C:5]([H:8])[H:11])[H:12].[H+:7].[H-:9]': 21.7889481153819, '[C-:3]#[C:4][H:10].[C:1]#[C:2].[C:5](=[C:6]([H:9])[H:12])([H:8])[H:11].[H+:7]': 22.822605688018996, '[C:1]#[C:2].[C:3]#[C:4][H:10].[C:5](#[C:6][H:12])[H:11].[H:7].[H:8][H:9]': 13.894627759022827, '[C:1]#[C:2].[C:3](#[C:4][H:10])[C:5]#[C:6][H:12].[H:11].[H:7].[H:8][H:9]': 12.878681412646538, '[C:1]1#[C:2][C:4]([H:10])=[C:3]1[H:9].[C:5](#[C:6][H:12])[H:11].[H+:7].[H-:8]': 19.036965817979098, '[C:1](#[C:2][C:6](=[C-:5][H:11])[H:12])[C:3](=[C+:4][H:10])[H:9].[H:7][H:8]': 2.024624115723037, '[C:1]#[C:2].[C:3](#[C:4][H:10])[H:9].[C:5](#[C:6][H:12])[H:11].[H+:7].[H-:8]': 23.856989547289743, '[C:1]#[C:2].[C:3](=[C:4]([C:5](=[C:6][H:12])[H:11])[H:10])([H:8])[H:9].[H:7]': 9.147331494347712, '[C:1](#[C:2][H:8])[C:3]#[C:4][H:10].[C:5](=[C:6][H:12])([H:9])[H:11].[H:7]': 3.695914971281864, '[C:1]#[C:2].[C:3](=[C-:4][H:10])([H:8])[H:9].[C:5](#[C:6][H:12])[H:11].[H+:7]': 23.302543781258574, '[C+:3](=[C:4]([C:5](=[C:6]([H:7])[H:12])[H:11])[H:10])[H:9].[C-:1]#[C:2][H:8]': 9.13261198676524, '[C:1](#[C:2][H:7])[H:8].[C:3](#[C:4][H:10])[H:9].[C:5](#[C:6][H:12])[H:11]': 0.0, '[C+:1]#[C:2][C:3]#[C:4][H:10].[C-:5]#[C:6][H:12].[H:7][H:8].[H:9][H:11]': 16.875106106425317, '[C:1]#[C:2].[C:3](=[C:4]([C:5](=[C:6]([H:7])[H:12])[H:11])[H:10])([H:8])[H:9]': 3.2315652959678394, '[C:1]#[C:2].[C:3](=[C:4][H:10])([H:8])[H:9].[C:5](#[C:6][H:12])[H:11].[H:7]': 11.122186029703457, '[C+:1]#[C:2][H:8].[C-:3]#[C:4][H:10].[C:5](#[C:6][H:12])[H:11].[H:7][H:9]': 17.73814448129126, '[C:1]1#[C:2][C:4]#[C:3]1.[C:5](#[C:6][H:12])[H:11].[H:10].[H:7].[H:8][H:9]': 13.790995599094549, '[C:1]#[C:2][C:5](=[C:6]([C:3]#[C:4][H:10])[H:12])[H:11].[H:7][H:8].[H:9]': 4.371090169119616, '[C:1]1#[C:2][C:3]([H:9])=[C:4]([H:10])[C:5]([H:11])=[C:6]1[H:12].[H:7][H:8]': 0.23600773947275228, '[C:1]#[C:2][C:3](=[C:4]([H:7])[H:10])[H:9].[C:5](=[C:6][H:12])([H:8])[H:11]': 2.5963733075526374, '[C:1]#[C:2][C:3](=[C:4][H:10])[H:9].[C:5](#[C:6][H:12])[H:11].[H:7][H:8]': 4.962046331390678, '[C:1]#[C:2].[C:3]#[C:4][H:10].[C:5]#[C:6][H:12].[H:7][H:9].[H:8][H:11]': 14.973862959883764, '[C:1]1#[C:2][C:4]([H:10])=[C:3]1[H:9].[C:5](#[C:6][H:12])[H:11].[H:7].[H:8]': 7.995368828579108, '[C:1]#[C:2][H:8].[C:3]#[C:4][H:10].[C:5](#[C:6][H:12])[H:11].[H:7][H:9]': 7.484303046977572, '[C:1](=[C:2]([C:4](=[C:3][H:9])[H:10])[H:8])[H:7].[C:5](#[C:6][H:12])[H:11]': 2.378555078125159, '[C:1]#[C:2][C:5](=[C:6]([H:9])[H:12])[H:11].[C:3]#[C:4][H:10].[H:7][H:8]': 5.368815036872055, '[C-:1]#[C:2][C:3]#[C:4][H:10].[C:5](#[C:6][H:12])[H:11].[H+:9].[H:7][H:8]': 16.7844693110131, '[C:1]#[C:2].[C:3]#[C:4].[C:5](#[C:6][H:12])[H:11].[H:7][H:10].[H:8][H:9]': 14.97911982635666, '[C:1](#[C:2][H:8])[C:3](=[C:4][H:10])[H:9].[C:5](#[C:6][H:12])[H:11].[H:7]': 3.871932009326606, '[C-:1]#[C:2][H:8].[C:3](#[C:4][H:10])[H:9].[C:5](#[C:6][H:12])[H:11].[H+:7]': 17.559089619259186, '[C:1](#[C:2][H:8])[C:6](=[C-:5][H:11])[H:12].[C:3](=[C+:4][H:10])([H:7])[H:9]': 9.407676549099108, '[C:1]#[C:2].[C:3](=[C:4]([C:5](=[C-:6][H:12])[H:11])[H:10])([H:8])[H:9].[H+:7]': 20.712857006399606, '[C+:1]#[C:2][C:3]#[C-:4].[C:5](#[C:6][H:12])[H:11].[H:7][H:8].[H:9][H:10]': 6.736249243817029, '[C:1](#[C:2])[C:3](=[C:4]([C:5](=[C:6]([H:8])[H:12])[H:11])[H:10])[H:9].[H:7]': 2.232064089683683, '[C:1](#[C:2][C:6](=[C:5][H:11])[H:12])[C:3](=[C:4][H:10])[H:9].[H:7][H:8]': 2.3654060800855405, '[C:1](#[C-:2])[C:3](=[C+:4][H:10])[H:9].[C:5](#[C:6][H:12])[H:11].[H:7][H:8]': 2.9585855950733713, '[C:1]1([H:7])=[C:2]([H:8])[C:4]([H:10])=[C:3]1[H:9].[C:5](#[C:6][H:12])[H:11]': -0.8522482271583963, '[C:1](#[C:2][H:8])[C:3](=[C:4]([C:5](=[C:6]([H:7])[H:12])[H:11])[H:10])[H:9]': -4.069695235100077, '[C+:3]#[C:4][H:10].[C-:5]#[C:6][H:12].[C:1]#[C:2].[H:7][H:9].[H:8][H:11]': 25.227704394197502, '[C-:5](=[C:6]([H:8])[H:12])[H:11].[C:1]#[C:2].[C:3](=[C+:4][H:10])([H:7])[H:9]': 17.23221348088324, '[C+:3](=[C:4]([H:7])[H:10])[H:9].[C:1](#[C-:2])[C:6](=[C:5]([H:8])[H:11])[H:12]': 8.69906726240489, '[C:1]#[C:2].[C:3]#[C:4].[C:5](#[C:6][H:12])[H:11].[H:10].[H:7].[H:8][H:9]': 20.30495247106808, '[C+:1](=[C:2]([C:4](=[C-:3][H:9])[H:10])[H:8])[H:7].[C:5](#[C:6][H:12])[H:11]': -0.05805842233596514, '[C:1](#[C:2][C:3]#[C:4][H:10])[C:6](=[C:5]([H:9])[H:11])[H:12].[H:7][H:8]': -2.0691400413519534, '[C:1]1#[C:2][C:4]#[C:3]1.[C:5](#[C:6][H:12])[H:11].[H+:7].[H-:10].[H:8][H:9]': 24.832592588494542, '[C:1](#[C:2][H:8])[C:3](=[C-:4][H:10])[H:9].[C:5](#[C:6][H:12])[H:11].[H+:7]': 15.47799840934172, '[C:1](#[C:2][C:6](=[C:5][H:11])[H:12])[C:3]#[C:4][H:10].[H:7].[H:8][H:9]': 3.8603502034337733, '[C:1]1#[C:2][C:4]([H:10])=[C:3]1[H:9].[C:5](=[C:6][H:12])([H:8])[H:11].[H:7]': 6.302162300120626, '[C:1]1#[C:2][C:6]([H:12])=[C:5]([H:11])[C:4]([H:10])=[C:3]1[H:9].[H:7].[H:8]': 5.5618403841841735, '[C:1](#[C:2][H:8])[C:6](=[C:5]([C:3]#[C:4][H:10])[H:11])[H:12].[H:7][H:9]': -1.922095722370701, '[C-:5]#[C:6][H:12].[C:1](#[C:2][H:8])[C:3]#[C:4][H:10].[H+:7].[H:9][H:11]': 17.62237847401602, '[C+:3]#[C:4][H:10].[C:1]#[C:2].[C:5](=[C-:6][H:12])([H:8])[H:11].[H:7][H:9]': 23.48159864301856, '[C-:3]#[C:4][H:10].[C:1]#[C:2].[C:5](=[C+:6][H:12])([H:7])[H:11].[H:8][H:9]': 18.978327672194997, '[C:1](#[C:2][H:8])[C:3]#[C:4][H:10].[C:5](=[C:6]([H:7])[H:12])([H:9])[H:11]': -2.1627549893896427, '[C:1](#[C:2][C:5]#[C:6][H:12])[C:3]#[C:4][H:10].[H+:7].[H-:11].[H:8][H:9]': 16.405745947701924, '[C:1](=[C:2][H:8])([C:3](=[C:4]([C:5](=[C:6][H:12])[H:11])[H:10])[H:9])[H:7]': 0.2257400419375716, '[C:1](#[C:2][H:8])[C:5](=[C:6]([C:3]#[C:4][H:10])[H:12])[H:11].[H:7].[H:9]': 3.40373692234072, '[C+:3]#[C:4][H:10].[C:1](#[C-:2])[C:5]#[C:6][H:12].[H:7][H:9].[H:8][H:11]': 16.963537430139986, '[C:1]1#[C:2][C:4]([H:10])=[C:3]1[H:9].[C:5](=[C-:6][H:12])([H:8])[H:11].[H+:7]': 18.48252005167579, '[C:1]1#[C:2][C:6]([H:12])=[C:5]([H:11])[C:4]([H:10])=[C:3]1[H:9].[H+:7].[H-:8]': 16.603437373584164, '[C:1]#[C:2][H:8].[C:3](#[C:4][H:10])[H:9].[C:5](#[C:6][H:12])[H:11].[H:7]': 6.405067845844448, '[C-:1]#[C:2][H:8].[C:3](=[C+:4][H:10])([H:7])[H:9].[C:5](#[C:6][H:12])[H:11]': 11.488767759288757, '[C:1]#[C:2].[C:3]#[C:4][H:10].[C:5](=[C:6]([H:9])[H:12])([H:8])[H:11].[H:7]': 11.66858391460426, '[C:1]1#[C:2][C:3]([H:9])=[C:4]1[H:10].[C:5](#[C:6][H:12])[H:11].[H:7][H:8]': 2.6695361838676863, '[C:1]1#[C:2][C:6]([H:12])=[C:5]1[H:11].[C:3]#[C:4][H:10].[H:7].[H:8][H:9]': 9.074604029440044, '[C:1](#[C:2][H:8])[C:3]#[C:4][H:10].[C:5](#[C:6][H:12])[H:11].[H:7][H:9]': 0.06328885502892403, '[C:1](=[C+:2][H:8])([C:3](=[C:4]([C:5](=[C-:6][H:12])[H:11])[H:10])[H:9])[H:7]': -0.09206026480831649, '[C+:5](=[C:6]([H:7])[H:12])[H:11].[C:1](#[C-:2])[C:3]#[C:4][H:10].[H:8][H:9]': 10.714132748614391, '[C+:3]#[C:4][H:10].[C:1](#[C-:2])[C:5](=[C:6]([H:8])[H:12])[H:11].[H:7][H:9]': 14.948471943930487, '[C+:1]#[C:2][C:3]#[C:4][H:10].[C:5](=[C-:6][H:12])([H:9])[H:11].[H:7][H:8]': 15.129000355246376, '[C:1](#[C:2][C:3]#[C:4][H:10])[C:5]#[C:6][H:12].[H:7][H:8].[H:9][H:11]': 0.03831631359051006, '[C:1](#[C:2][C:6](=[C-:5][H:11])[H:12])[C:3]#[C:4][H:10].[H+:7].[H:8][H:9]': 14.946573134043945, '[C:1](#[C:2][H:8])[C:3]#[C:4][H:10].[C:5](=[C-:6][H:12])([H:9])[H:11].[H+:7]': 15.87627272283703, '[C:1]#[C:2][C:6](=[C:5][H:11])[H:12].[C:3](=[C:4]([H:7])[H:10])([H:8])[H:9]': 2.7360024869721116, '[C:1]1([H:7])=[C:2]([H:8])[C:6]([H:12])=[C:5]([H:11])[C:4]([H:10])=[C:3]1[H:9]': -7.056838230346341, '[C:1]#[C:2].[C:3]#[C:4].[C:5](#[C:6][H:12])[H:11].[H+:7].[H-:10].[H:8][H:9]': 31.346549460468072, '[C:1]#[C:2][C:3]#[C:4][H:10].[C:5](=[C:6][H:12])([H:9])[H:11].[H:7][H:8]': 4.803760634355237, '[C:1](#[C:2][C:5]#[C:6][H:12])[C:3]#[C:4][H:10].[H:11].[H:7].[H:8][H:9]': 5.364148958301931, '[C:1](#[C:2])[C:3](=[C:4]([H:8])[H:10])[H:9].[C:5](#[C:6][H:12])[H:11].[H:7]': 4.2869827339534226, '[C:1](#[C:2][C:6](=[C:5]([H:9])[H:11])[H:12])[C:3]#[C:4][H:10].[H:7].[H:8]': 3.2567352921139423, '[C:1]#[C:2][C:3]#[C:4][H:10].[C:5]#[C:6][H:12].[H:7][H:8].[H:9][H:11]': 7.576202363674655, '[C:1]1#[C:2][C:3]#[C:4]1.[C:5](#[C:6][H:12])[H:11].[H:7][H:8].[H:9][H:10]': 8.465162954383128, '[C:1]#[C:2].[C:3](#[C:4][H:10])[C:6](=[C:5]([H:8])[H:11])[H:12].[H:7].[H:9]': 10.74735112598191, '[C:1](#[C-:2])[C:4](=[C+:3][H:9])[H:10].[C:5](=[C:6]([H:8])[H:12])([H:7])[H:11]': 0.7325417506548049, '[C:1]#[C:2].[C:3](#[C:4][H:10])[C:6](=[C-:5][H:11])[H:12].[H+:7].[H:8][H:9]': 22.967558322247914, '[C:1](#[C:2][C:6](=[C-:5][H:11])[H:12])[C:3](=[C:4]([H:8])[H:10])[H:9].[H+:7]': 12.931541769841559, '[C+:1]#[C:2][C:6](=[C-:5][H:11])[H:12].[C:3](=[C:4]([H:7])[H:10])([H:8])[H:9]': 0.7325073094851308, '[C:1]#[C:2][H:8].[C:3](=[C:4]([H:7])[H:10])([C:5](=[C:6][H:12])[H:11])[H:9]': 2.7228470633414004, '[C:1]#[C:2].[C:3](#[C:4][H:10])[C:5]#[C:6][H:12].[H+:7].[H-:11].[H:8][H:9]': 23.920278402046527, '[C+:1]#[C:2][C:3](=[C:4]([C:5](=[C-:6][H:12])[H:11])[H:10])[H:9].[H:7][H:8]': 0.3524753792545769, '[C:1](#[C:2][H:8])[C:3](=[C:4]([H:7])[H:10])[H:9].[C:5](#[C:6][H:12])[H:11]': -2.068041431635753, '[C:1]#[C:2].[C:3]#[C:4][H:10].[C:5](=[C:6][H:12])([H:8])[H:11].[H:7][H:9]': 12.201421230564346, '[C:1]#[C:2][H:8].[C:3](=[C:4]([H:7])[H:10])[H:9].[C:5](#[C:6][H:12])[H:11]': 4.711860806872992, '[C:1]#[C:2][C:3]#[C:4][H:10].[C:5](#[C:6][H:12])[H:11].[H:7][H:8].[H:9]': 6.496967162813719, '[C+:1]#[C:2][C:3](=[C:4]([H:7])[H:10])[H:9].[C:5](=[C-:6][H:12])([H:8])[H:11]': 11.984837020847607, '[C+:1]#[C:2][C:5](=[C:6]([H:9])[H:12])[H:11].[C-:3]#[C:4][H:10].[H:7][H:8]': 13.730942772026548, '[C:1]#[C:2].[C:3](#[C:4][H:10])[C:6](=[C:5]([H:7])[H:11])[H:12].[H:8][H:9]': 5.421518481270488, '[C:1]#[C:2].[C:3](=[C:4][H:10])([H:7])[H:9].[C:5](=[C:6]([H:8])[H:12])[H:11]': 9.428978981833808, '[C:1](#[C-:2])[C:3]#[C:4][H:10].[C:5](=[C:6]([H:8])[H:12])([H:9])[H:11].[H+:7]': 14.558438723961435, '[C:1]1#[C:2][C:4]([H:10])=[C:3]1[H:9].[C:5](=[C:6]([H:7])[H:12])([H:8])[H:11]': 0.44349233944911975, '[C-:3]#[C:4][H:10].[C:1](#[C:2][H:8])[C:5](=[C:6]([H:9])[H:12])[H:11].[H+:7]': 15.491048187351343, '[C-:1]#[C:2][C:5](=[C:6]([C:3]#[C:4][H:10])[H:12])[H:11].[H+:9].[H:7][H:8]': 14.492803032079788, '[C+:1]#[C:2][C:3](=[C-:4][H:10])[H:9].[C:5](#[C:6][H:12])[H:11].[H:7][H:8]': 2.9585511539036973, '[C:1](#[C:2][H:8])[C:3]#[C:4][H:10].[C:5]#[C:6][H:12].[H:7].[H:9][H:11]': 6.468356700601282, '[C:1](#[C:2][H:8])[C:3](=[C:4]([C:5](=[C-:6][H:12])[H:11])[H:10])[H:9].[H+:7]': 13.089122051359876, '[C:1]#[C:2].[C:3](#[C:4][H:10])[C:6](=[C:5][H:11])[H:12].[H:7].[H:8][H:9]': 11.361491922232847, '[C:1]#[C:2][C:3](=[C:4]([C:5](=[C:6][H:12])[H:11])[H:10])[H:9].[H:7][H:8]': 2.8048718217083275, '[C:1](#[C-:2])[C:3](=[C:4]([C:5](=[C:6]([H:8])[H:12])[H:11])[H:10])[H:9].[H+:7]': 12.329477610003165, '[C-:3]#[C:4][H:10].[C:1]#[C:2].[C:5](#[C:6][H:12])[H:11].[H+:7].[H:8][H:9]': 25.048649532437516, '[C:1](#[C:2][C:6](=[C:5][H:11])[H:12])[C:3](=[C:4]([H:8])[H:10])[H:9].[H:7]': 1.7486293957630457, '[C:1](#[C:2][H:8])[C:5](=[C:6]([C:3]#[C:4][H:10])[H:12])[H:11].[H+:7].[H-:9]': 14.445333911740711, '[C:1](#[C:2][H:8])[C:3](=[C+:4][H:10])[H:9].[C:5](=[C-:6][H:12])([H:7])[H:11]': 8.728454680972986, '[C-:3]#[C:4][H:10].[C:1]1#[C:2][C:6]([H:12])=[C:5]1[H:11].[H+:7].[H:8][H:9]': 20.228625802854783, '[C:1]#[C:2][H:8].[C:3]#[C:4][H:10].[C:5](=[C:6]([H:7])[H:12])([H:9])[H:11]': 5.258259202559005, '[C:1]#[C:2].[C:3](#[C:4][H:10])[C:5]#[C:6][H:12].[H:7][H:11].[H:8][H:9]': 7.552848767935116, '[C+:1]#[C:2][H:8].[C:3](=[C:4]([H:7])[H:10])([C:5](=[C-:6][H:12])[H:11])[H:9]': 13.410930698062382, '[C:1](#[C:2][C:6](=[C:5]([H:9])[H:11])[H:12])[C:3]#[C:4][H:10].[H+:7].[H-:8]': 14.298332281513934, '[C-:3]#[C:4][H:10].[C:1](#[C:2][H:8])[C:5](=[C+:6][H:12])[H:11].[H:7][H:9]': 10.474560432151925, '[C:1](#[C-:2])[C:3](=[C:4]([H:8])[H:10])[H:9].[C:5](#[C:6][H:12])[H:11].[H+:7]': 14.769417082170452, '[C:1]#[C:2][H:8].[C:3](#[C:4][H:10])[C:5](=[C:6][H:12])[H:11].[H:7][H:9]': 4.951167210187592, '[C:1](#[C:2][C:6](=[C:5]([H:7])[H:11])[H:12])[C:3](=[C:4]([H:8])[H:10])[H:9]': -4.182738764173134, '[C:1]#[C:2][C:3]#[C:4].[C:5](#[C:6][H:12])[H:11].[H:7][H:8].[H:9][H:10]': 7.456792195071738, '[C:1]#[C:2].[C:3](=[C:4]([H:7])[H:10])([H:8])[H:9].[C:5](#[C:6][H:12])[H:11]': 5.263516069031854, '[C+:1]#[C:2][H:8].[C-:3]#[C:4][H:10].[C:5](=[C:6]([H:7])[H:12])([H:9])[H:11]': 15.512100636872741}
INFO:root:135
INFO:root:Program finished in: 88.75549602508545 seconds
INFO:root:idx: 0; vos: ['self.atom_idx: 0; self.idx: 0; self.num_electrons: 1; self.paired: True', 'self.atom_idx: 8; self.idx: 0; self.num_electrons: 1; self.paired: True']
INFO:root:idx: 1; vos: ['self.atom_idx: 0; self.idx: 1; self.num_electrons: 1; self.paired: True', 'self.atom_idx: 1; self.idx: 0; self.num_electrons: 1; self.paired: True']
INFO:root:idx: 2; vos: ['self.atom_idx: 0; self.idx: 2; self.num_electrons: 1; self.paired: True', 'self.atom_idx: 1; self.idx: 1; self.num_electrons: 1; self.paired: True']
INFO:root:idx: 3; vos: ['self.atom_idx: 0; self.idx: 3; self.num_electrons: 1; self.paired: True', 'self.atom_idx: 1; self.idx: 2; self.num_electrons: 1; self.paired: True']
INFO:root:idx: 4; vos: ['self.atom_idx: 1; self.idx: 3; self.num_electrons: 1; self.paired: True', 'self.atom_idx: 9; self.idx: 0; self.num_electrons: 1; self.paired: True']
INFO:root:idx: 5; vos: ['self.atom_idx: 2; self.idx: 0; self.num_electrons: 1; self.paired: True', 'self.atom_idx: 10; self.idx: 0; self.num_electrons: 1; self.paired: True']
INFO:root:idx: 6; vos: ['self.atom_idx: 2; self.idx: 1; self.num_electrons: 1; self.paired: True', 'self.atom_idx: 3; self.idx: 0; self.num_electrons: 1; self.paired: True']
INFO:root:idx: 7; vos: ['self.atom_idx: 2; self.idx: 2; self.num_electrons: 1; self.paired: True', 'self.atom_idx: 3; self.idx: 1; self.num_electrons: 1; self.paired: True']
INFO:root:idx: 8; vos: ['self.atom_idx: 2; self.idx: 3; self.num_electrons: 1; self.paired: True', 'self.atom_idx: 3; self.idx: 2; self.num_electrons: 1; self.paired: True']
INFO:root:idx: 9; vos: ['self.atom_idx: 3; self.idx: 3; self.num_electrons: 1; self.paired: True', 'self.atom_idx: 11; self.idx: 0; self.num_electrons: 1; self.paired: True']
INFO:root:idx: 10; vos: ['self.atom_idx: 4; self.idx: 0; self.num_electrons: 1; self.paired: True', 'self.atom_idx: 12; self.idx: 0; self.num_electrons: 1; self.paired: True']
INFO:root:idx: 11; vos: ['self.atom_idx: 4; self.idx: 1; self.num_electrons: 1; self.paired: True', 'self.atom_idx: 5; self.idx: 0; self.num_electrons: 1; self.paired: True']
INFO:root:idx: 12; vos: ['self.atom_idx: 4; self.idx: 2; self.num_electrons: 1; self.paired: True', 'self.atom_idx: 5; self.idx: 1; self.num_electrons: 1; self.paired: True']
INFO:root:idx: 13; vos: ['self.atom_idx: 4; self.idx: 3; self.num_electrons: 1; self.paired: True', 'self.atom_idx: 5; self.idx: 2; self.num_electrons: 1; self.paired: True']
INFO:root:idx: 14; vos: ['self.atom_idx: 5; self.idx: 3; self.num_electrons: 1; self.paired: True', 'self.atom_idx: 13; self.idx: 0; self.num_electrons: 1; self.paired: True']
INFO:root:idx: 15; vos: ['self.atom_idx: 6; self.idx: 0; self.num_electrons: 1; self.paired: True', 'self.atom_idx: 14; self.idx: 0; self.num_electrons: 1; self.paired: True']
INFO:root:idx: 16; vos: ['self.atom_idx: 6; self.idx: 1; self.num_electrons: 1; self.paired: True', 'self.atom_idx: 7; self.idx: 0; self.num_electrons: 1; self.paired: True']
INFO:root:idx: 17; vos: ['self.atom_idx: 6; self.idx: 2; self.num_electrons: 1; self.paired: True', 'self.atom_idx: 7; self.idx: 1; self.num_electrons: 1; self.paired: True']
INFO:root:idx: 18; vos: ['self.atom_idx: 6; self.idx: 3; self.num_electrons: 1; self.paired: True', 'self.atom_idx: 7; self.idx: 2; self.num_electrons: 1; self.paired: True']
INFO:root:idx: 19; vos: ['self.atom_idx: 7; self.idx: 3; self.num_electrons: 1; self.paired: True', 'self.atom_idx: 15; self.idx: 0; self.num_electrons: 1; self.paired: True']
INFO:root:12
INFO:root:Converting [CH:2]#[CH:3] to coordinates
INFO:root:Outputting coordinates in xyz format
INFO:root:Energy of [CH:2]#[CH:3] is -5.206768795604 hartree
INFO:root:Converting [CH:6]#[CH:7] to coordinates
INFO:root:Outputting coordinates in xyz format
INFO:root:Energy of [CH:6]#[CH:7] is -5.206768795614 hartree
INFO:root:Converting [CH:10]#[CH:11] to coordinates
INFO:root:Outputting coordinates in xyz format
INFO:root:Energy of [CH:10]#[CH:11] is -5.206768795614 hartree
INFO:root:Converting [CH:14]#[CH:15] to coordinates
INFO:root:Outputting coordinates in xyz format
INFO:root:Energy of [CH:14]#[CH:15] is -5.206768795614 hartree
INFO:root:Converting [C:1](#[C:2])[CH:4]=[CH:3][CH:6]=[CH2:5] to coordinates
INFO:root:Outputting coordinates in xyz format
INFO:root:Energy of [C:1](#[C:2])[CH:4]=[CH:3][CH:6]=[CH2:5] is -15.144796822008 hartree
INFO:root:Converting [CH:7]#[CH:8] to coordinates
INFO:root:Outputting coordinates in xyz format
INFO:root:Energy of [CH:7]#[CH:8] is -5.206768795604 hartree
INFO:root:Outputting coordinates in xyz format
INFO:root:Energy of [H:9] is -0.393482763936 hartree
INFO:root:Converting [CH:1]#[CH:2] to coordinates
INFO:root:Outputting coordinates in xyz format
INFO:root:Energy of [CH:1]#[CH:2] is -5.206768795604 hartree
INFO:root:Converting [CH:3]#[CH:4] to coordinates
INFO:root:Outputting coordinates in xyz format
INFO:root:Energy of [CH:3]#[CH:4] is -5.206768795614 hartree
INFO:root:Converting [CH:5]#[CH:6] to coordinates
INFO:root:Outputting coordinates in xyz format
INFO:root:Energy of [CH:5]#[CH:6] is -5.206768795614 hartree
INFO:root:Converting [CH:7]#[CH:8] to coordinates
INFO:root:Outputting coordinates in xyz format
INFO:root:Energy of [CH:7]#[CH:8] is -5.206768795614 hartree
INFO:root:Converting [C+:1]#[CH:2] to coordinates
INFO:root:Outputting coordinates in xyz format
INFO:root:Energy of [C+:1]#[CH:2] is -3.987950318802 hartree
INFO:root:Converting [C-:5]#[CH:6] to coordinates
INFO:root:Outputting coordinates in xyz format
INFO:root:Energy of [C-:5]#[CH:6] is -4.791036646911 hartree
INFO:root:Converting [C:3](#[CH:4])[CH:8]=[CH2:7] to coordinates
INFO:root:Outputting coordinates in xyz format
INFO:root:Energy of [C:3](#[CH:4])[CH:8]=[CH2:7] is -10.489536673658 hartree
INFO:root:Converting [H:9][H:11] to coordinates
INFO:root:Outputting coordinates in xyz format
INFO:root:Energy of [H:9][H:11] is -0.982686168659 hartree
INFO:root:Converting [C:1]#[C:2] to coordinates
INFO:root:Outputting coordinates in xyz format
INFO:root:Energy of [C:1]#[C:2] is -3.94884651587 hartree
INFO:root:Converting [C:3]#[C:4] to coordinates
INFO:root:Outputting coordinates in xyz format
INFO:root:Energy of [C:3]#[C:4] is -3.94884651587 hartree
INFO:root:Converting [CH:5]#[CH:6] to coordinates
INFO:root:Outputting coordinates in xyz format
INFO:root:Energy of [CH:5]#[CH:6] is -5.206768795604 hartree
INFO:root:Converting [CH:7]#[CH:8] to coordinates
INFO:root:Outputting coordinates in xyz format
INFO:root:Energy of [CH:7]#[CH:8] is -5.206768795614 hartree
INFO:root:Converting [H:10][H:11] to coordinates
INFO:root:Outputting coordinates in xyz format
INFO:root:Energy of [H:10][H:11] is -0.982686168659 hartree
INFO:root:Outputting coordinates in xyz format
INFO:root:Energy of [H:12] is -0.393482763936 hartree
INFO:root:Outputting coordinates in xyz format
INFO:root:Energy of [H:9] is -0.393482763936 hartree
INFO:root:Converting [C:1]1#[C:2][CH:3]=[CH:4]1 to coordinates
INFO:root:Outputting coordinates in xyz format
INFO:root:Energy of [C:1]1#[C:2][CH:3]=[CH:4]1 is -9.332747826875 hartree
INFO:root:Converting [CH:5]#[CH:6] to coordinates
INFO:root:Outputting coordinates in xyz format
INFO:root:Energy of [CH:5]#[CH:6] is -5.206768795604 hartree
INFO:root:Converting [CH:7]#[CH:8] to coordinates
INFO:root:Outputting coordinates in xyz format
INFO:root:Energy of [CH:7]#[CH:8] is -5.206768795614 hartree
INFO:root:Outputting coordinates in xyz format
INFO:root:Energy of [H+:9] is 0.229552166667 hartree
INFO:root:Outputting coordinates in xyz format
INFO:root:Energy of [H-:10] is -0.610746694539 hartree
INFO:root:Converting [C:1](#[CH:2])[CH:6]=[CH2:5] to coordinates
INFO:root:Outputting coordinates in xyz format
INFO:root:Energy of [C:1](#[CH:2])[CH:6]=[CH2:5] is -10.489536673658 hartree
INFO:root:Converting [C:3](#[CH:4])[CH:7]=[CH:8] to coordinates
INFO:root:Outputting coordinates in xyz format
INFO:root:Energy of [C:3](#[CH:4])[CH:7]=[CH:8] is -9.87776402236 hartree
INFO:root:Outputting coordinates in xyz format
INFO:root:Energy of [H:9] is -0.393482763936 hartree
INFO:root:Converting [C:1](#[C-:2])[CH:4]=[CH:3][CH:6]=[CH2:5] to coordinates
INFO:root:Outputting coordinates in xyz format
INFO:root:Energy of [C:1](#[C-:2])[CH:4]=[CH:3][CH:6]=[CH2:5] is -15.396758837571 hartree
INFO:root:Converting [CH:7]#[CH:8] to coordinates
INFO:root:Outputting coordinates in xyz format
INFO:root:Energy of [CH:7]#[CH:8] is -5.206768795604 hartree
INFO:root:Outputting coordinates in xyz format
INFO:root:Energy of [H+:9] is 0.229552166667 hartree
INFO:root:Converting [C:1](#[CH:2])[CH:5]=[CH:6][C:3]#[CH:4] to coordinates
INFO:root:Outputting coordinates in xyz format
INFO:root:Energy of [C:1](#[CH:2])[CH:5]=[CH:6][C:3]#[CH:4] is -14.708255897424 hartree
INFO:root:Converting [CH:7]#[CH:8] to coordinates
INFO:root:Outputting coordinates in xyz format
INFO:root:Energy of [CH:7]#[CH:8] is -5.206768795604 hartree
INFO:root:Converting [H:9][H:11] to coordinates
INFO:root:Outputting coordinates in xyz format
INFO:root:Energy of [H:9][H:11] is -0.982686168659 hartree
INFO:root:Converting [C:1]1#[C:2][C:4]#[C:3]1 to coordinates
INFO:root:Outputting coordinates in xyz format
INFO:root:Energy of [C:1]1#[C:2][C:4]#[C:3]1 is -8.13707641047 hartree
INFO:root:Converting [CH:5]#[CH:6] to coordinates
INFO:root:Outputting coordinates in xyz format
INFO:root:Energy of [CH:5]#[CH:6] is -5.206768795604 hartree
INFO:root:Converting [CH:7]#[CH:8] to coordinates
INFO:root:Outputting coordinates in xyz format
INFO:root:Energy of [CH:7]#[CH:8] is -5.206768795614 hartree
INFO:root:Converting [H:10][H:11] to coordinates
INFO:root:Outputting coordinates in xyz format
INFO:root:Energy of [H:10][H:11] is -0.982686168659 hartree
INFO:root:Outputting coordinates in xyz format
INFO:root:Energy of [H:12] is -0.393482763936 hartree
INFO:root:Outputting coordinates in xyz format
INFO:root:Energy of [H:9] is -0.393482763936 hartree
INFO:root:Converting [C:1]#[CH:2] to coordinates
INFO:root:Outputting coordinates in xyz format
INFO:root:Energy of [C:1]#[CH:2] is -4.577904248828 hartree
INFO:root:Converting [C:3](#[CH:4])[CH:8]=[CH2:7] to coordinates
INFO:root:Outputting coordinates in xyz format
INFO:root:Energy of [C:3](#[CH:4])[CH:8]=[CH2:7] is -10.489536673658 hartree
INFO:root:Converting [C:5]#[CH:6] to coordinates
INFO:root:Outputting coordinates in xyz format
INFO:root:Energy of [C:5]#[CH:6] is -4.577904248828 hartree
INFO:root:Converting [H:9][H:11] to coordinates
INFO:root:Outputting coordinates in xyz format
INFO:root:Energy of [H:9][H:11] is -0.982686168659 hartree
INFO:root:Converting [CH+:7]=[CH2:8] to coordinates
INFO:root:Outputting coordinates in xyz format
INFO:root:Energy of [CH+:7]=[CH2:8] is -5.200297757426 hartree
INFO:root:Converting [C-:5]#[CH:6] to coordinates
INFO:root:Outputting coordinates in xyz format
INFO:root:Energy of [C-:5]#[CH:6] is -4.791036646911 hartree
INFO:root:Converting [C:1](#[CH:2])[C:3]#[CH:4] to coordinates
INFO:root:Outputting coordinates in xyz format
INFO:root:Energy of [C:1](#[CH:2])[C:3]#[CH:4] is -9.428525601221 hartree
INFO:root:Converting [H:11][H:13] to coordinates
INFO:root:Outputting coordinates in xyz format
INFO:root:Energy of [H:11][H:13] is -0.982686168659 hartree
INFO:root:Converting [C:1](#[C:2][CH:5]=[CH-:6])[CH:4]=[CH+:3] to coordinates
INFO:root:Outputting coordinates in xyz format
INFO:root:Energy of [C:1](#[C:2][CH:5]=[CH-:6])[CH:4]=[CH+:3] is -14.563216691867 hartree
INFO:root:Converting [CH:7]#[CH:8] to coordinates
INFO:root:Outputting coordinates in xyz format
INFO:root:Energy of [CH:7]#[CH:8] is -5.206768795604 hartree
INFO:root:Converting [H:9][H:10] to coordinates
INFO:root:Outputting coordinates in xyz format
INFO:root:Energy of [H:9][H:10] is -0.982686168659 hartree
INFO:root:Converting [C:1]#[CH:2] to coordinates
INFO:root:Outputting coordinates in xyz format
INFO:root:Energy of [C:1]#[CH:2] is -4.577904248828 hartree
INFO:root:Converting [C:3](#[CH:4])[C:5]#[CH:6] to coordinates
INFO:root:Outputting coordinates in xyz format
INFO:root:Energy of [C:3](#[CH:4])[C:5]#[CH:6] is -9.428525601221 hartree
INFO:root:Converting [CH:7]=[CH2:8] to coordinates
INFO:root:Outputting coordinates in xyz format
INFO:root:Energy of [CH:7]=[CH2:8] is -5.662475739084 hartree
INFO:root:Converting [H:9][H:11] to coordinates
INFO:root:Outputting coordinates in xyz format
INFO:root:Energy of [H:9][H:11] is -0.982686168659 hartree
INFO:root:Converting [C:1](#[CH:2])[CH:6]=[CH:5][C:3]#[CH:4] to coordinates
INFO:root:Outputting coordinates in xyz format
INFO:root:Energy of [C:1](#[CH:2])[CH:6]=[CH:5][C:3]#[CH:4] is -14.708255897424 hartree
INFO:root:Converting [CH:7]#[CH:8] to coordinates
INFO:root:Outputting coordinates in xyz format
INFO:root:Energy of [CH:7]#[CH:8] is -5.206768795604 hartree
INFO:root:Outputting coordinates in xyz format
INFO:root:Energy of [H+:9] is 0.229552166667 hartree
INFO:root:Outputting coordinates in xyz format
INFO:root:Energy of [H-:11] is -0.610746694539 hartree
INFO:root:Converting [C:1](#[CH:2])[CH:6]=[CH:5] to coordinates
INFO:root:Outputting coordinates in xyz format
INFO:root:Energy of [C:1](#[CH:2])[CH:6]=[CH:5] is -9.87776402236 hartree
INFO:root:Converting [C:3](#[CH:4])[CH:7]=[CH:8] to coordinates
INFO:root:Outputting coordinates in xyz format
INFO:root:Energy of [C:3](#[CH:4])[CH:7]=[CH:8] is -9.877764022347 hartree
INFO:root:Converting [H:9][H:11] to coordinates
INFO:root:Outputting coordinates in xyz format
INFO:root:Energy of [H:9][H:11] is -0.982686168659 hartree
INFO:root:Converting [C:1]1#[C:2][C:4]#[C:3]1 to coordinates
INFO:root:Outputting coordinates in xyz format
INFO:root:Energy of [C:1]1#[C:2][C:4]#[C:3]1 is -8.13707641047 hartree
INFO:root:Converting [CH:5]#[CH:6] to coordinates
INFO:root:Outputting coordinates in xyz format
INFO:root:Energy of [CH:5]#[CH:6] is -5.206768795604 hartree
INFO:root:Converting [CH:7]#[CH:8] to coordinates
INFO:root:Outputting coordinates in xyz format
INFO:root:Energy of [CH:7]#[CH:8] is -5.206768795614 hartree
INFO:root:Outputting coordinates in xyz format
INFO:root:Energy of [H+:9] is 0.229552166667 hartree
INFO:root:Outputting coordinates in xyz format
INFO:root:Energy of [H-:12] is -0.610746694539 hartree
INFO:root:Converting [H:10][H:11] to coordinates
INFO:root:Outputting coordinates in xyz format
INFO:root:Energy of [H:10][H:11] is -0.982686168659 hartree
INFO:root:Converting [CH-:3]=[CH2:4] to coordinates
INFO:root:Outputting coordinates in xyz format
INFO:root:Energy of [CH-:3]=[CH2:4] is -5.837891296108 hartree
INFO:root:Converting [C:1]#[C:2] to coordinates
INFO:root:Outputting coordinates in xyz format
INFO:root:Energy of [C:1]#[C:2] is -3.94884651587 hartree
INFO:root:Converting [CH:5]#[CH:6] to coordinates
INFO:root:Outputting coordinates in xyz format
INFO:root:Energy of [CH:5]#[CH:6] is -5.206768795604 hartree
INFO:root:Converting [CH:7]#[CH:8] to coordinates
INFO:root:Outputting coordinates in xyz format
INFO:root:Energy of [CH:7]#[CH:8] is -5.206768795614 hartree
INFO:root:Outputting coordinates in xyz format
INFO:root:Energy of [H+:9] is 0.229552166667 hartree
INFO:root:Converting [c:1]1[cH:4][cH:3][cH:6][cH:5][c:2]#1 to coordinates
INFO:root:Outputting coordinates in xyz format
INFO:root:Energy of [c:1]1[cH:4][cH:3][cH:6][cH:5][c:2]#1 is -14.628947098103 hartree
INFO:root:Converting [CH:7]#[CH:8] to coordinates
INFO:root:Outputting coordinates in xyz format
INFO:root:Energy of [CH:7]#[CH:8] is -5.206768795604 hartree
INFO:root:Outputting coordinates in xyz format
INFO:root:Energy of [H+:9] is 0.229552166667 hartree
INFO:root:Outputting coordinates in xyz format
INFO:root:Energy of [H-:10] is -0.610746694539 hartree
INFO:root:Converting [C:1](#[C:2][CH:5]=[CH:6])[CH:4]=[CH:3] to coordinates
INFO:root:Outputting coordinates in xyz format
INFO:root:Energy of [C:1](#[C:2][CH:5]=[CH:6])[CH:4]=[CH:3] is -14.550693191997 hartree
INFO:root:Converting [CH:7]#[CH:8] to coordinates
INFO:root:Outputting coordinates in xyz format
INFO:root:Energy of [CH:7]#[CH:8] is -5.206768795604 hartree
INFO:root:Converting [H:9][H:10] to coordinates
INFO:root:Outputting coordinates in xyz format
INFO:root:Energy of [H:9][H:10] is -0.982686168659 hartree
INFO:root:Converting [C-:3]#[CH:4] to coordinates
INFO:root:Outputting coordinates in xyz format
INFO:root:Energy of [C-:3]#[CH:4] is -4.791036646911 hartree
INFO:root:Converting [C:1]#[C:2] to coordinates
INFO:root:Outputting coordinates in xyz format
INFO:root:Energy of [C:1]#[C:2] is -3.94884651587 hartree
INFO:root:Converting [CH:5]#[CH:6] to coordinates
INFO:root:Outputting coordinates in xyz format
INFO:root:Energy of [CH:5]#[CH:6] is -5.206768795604 hartree
INFO:root:Converting [CH:7]#[CH:8] to coordinates
INFO:root:Outputting coordinates in xyz format
INFO:root:Energy of [CH:7]#[CH:8] is -5.206768795614 hartree
INFO:root:Outputting coordinates in xyz format
INFO:root:Energy of [H+:9] is 0.229552166667 hartree
INFO:root:Converting [H:10][H:11] to coordinates
INFO:root:Outputting coordinates in xyz format
INFO:root:Energy of [H:10][H:11] is -0.982686168659 hartree
INFO:root:Converting [C+:1]#[CH:2] to coordinates
INFO:root:Outputting coordinates in xyz format
INFO:root:Energy of [C+:1]#[CH:2] is -3.987950318802 hartree
INFO:root:Converting [C:3](#[CH:4])[CH:6]=[CH:5][CH:8]=[CH-:7] to coordinates
INFO:root:Outputting coordinates in xyz format
INFO:root:Energy of [C:3](#[CH:4])[CH:6]=[CH:5][CH:8]=[CH-:7] is -15.368842433367 hartree
INFO:root:Converting [H:9][H:11] to coordinates
INFO:root:Outputting coordinates in xyz format
INFO:root:Energy of [H:9][H:11] is -0.982686168659 hartree
INFO:root:Converting [C:1]#[C:2] to coordinates
INFO:root:Outputting coordinates in xyz format
INFO:root:Energy of [C:1]#[C:2] is -3.94884651587 hartree
INFO:root:Converting [CH2:3]=[CH2:4] to coordinates
INFO:root:Outputting coordinates in xyz format
INFO:root:Energy of [CH2:3]=[CH2:4] is -6.27126052533 hartree
INFO:root:Converting [CH:5]#[CH:6] to coordinates
INFO:root:Outputting coordinates in xyz format
INFO:root:Energy of [CH:5]#[CH:6] is -5.206768795604 hartree
INFO:root:Converting [CH:7]#[CH:8] to coordinates
INFO:root:Outputting coordinates in xyz format
INFO:root:Energy of [CH:7]#[CH:8] is -5.206768795614 hartree
INFO:root:Converting [C:1](#[C:2][CH:5]=[CH-:6])[C:3]#[CH:4] to coordinates
INFO:root:Outputting coordinates in xyz format
INFO:root:Energy of [C:1](#[C:2][CH:5]=[CH-:6])[C:3]#[CH:4] is -14.317896230947 hartree
INFO:root:Converting [CH:7]#[CH:8] to coordinates
INFO:root:Outputting coordinates in xyz format
INFO:root:Energy of [CH:7]#[CH:8] is -5.206768795604 hartree
INFO:root:Outputting coordinates in xyz format
INFO:root:Energy of [H+:9] is 0.229552166667 hartree
INFO:root:Converting [H:10][H:11] to coordinates
INFO:root:Outputting coordinates in xyz format
INFO:root:Energy of [H:10][H:11] is -0.982686168659 hartree
INFO:root:Converting [C+:1]#[CH:2] to coordinates
INFO:root:Outputting coordinates in xyz format
INFO:root:Energy of [C+:1]#[CH:2] is -3.987950318802 hartree
INFO:root:Converting [CH-:7]=[CH2:8] to coordinates
INFO:root:Outputting coordinates in xyz format
INFO:root:Energy of [CH-:7]=[CH2:8] is -5.837891296108 hartree
INFO:root:Converting [C:3](#[CH:4])[CH:6]=[CH2:5] to coordinates
INFO:root:Outputting coordinates in xyz format
INFO:root:Energy of [C:3](#[CH:4])[CH:6]=[CH2:5] is -10.489536673658 hartree
INFO:root:Converting [C-:1]#[CH:2] to coordinates
INFO:root:Outputting coordinates in xyz format
INFO:root:Energy of [C-:1]#[CH:2] is -4.791036646911 hartree
INFO:root:Converting [CH2:3]=[CH+:4] to coordinates
INFO:root:Outputting coordinates in xyz format
INFO:root:Energy of [CH2:3]=[CH+:4] is -5.200296729933 hartree
INFO:root:Converting [CH:5]#[CH:6] to coordinates
INFO:root:Outputting coordinates in xyz format
INFO:root:Energy of [CH:5]#[CH:6] is -5.206768795604 hartree
INFO:root:Converting [CH:7]#[CH:8] to coordinates
INFO:root:Outputting coordinates in xyz format
INFO:root:Energy of [CH:7]#[CH:8] is -5.206768795614 hartree
INFO:root:Converting [C:1](#[CH:2])[C:3]#[CH:4] to coordinates
INFO:root:Outputting coordinates in xyz format
INFO:root:Energy of [C:1](#[CH:2])[C:3]#[CH:4] is -9.428525601221 hartree
INFO:root:Converting [CH:5](=[CH2:6])[CH:8]=[CH-:7] to coordinates
INFO:root:Outputting coordinates in xyz format
INFO:root:Energy of [CH:5](=[CH2:6])[CH:8]=[CH-:7] is -11.139513704239 hartree
INFO:root:Outputting coordinates in xyz format
INFO:root:Energy of [H+:9] is 0.229552166667 hartree
INFO:root:Converting [C:1]#[CH:2] to coordinates
INFO:root:Outputting coordinates in xyz format
INFO:root:Energy of [C:1]#[CH:2] is -4.577904248828 hartree
INFO:root:Converting [CH:3]#[CH:4] to coordinates
INFO:root:Outputting coordinates in xyz format
INFO:root:Energy of [CH:3]#[CH:4] is -5.206768795604 hartree
INFO:root:Converting [CH:5]#[CH:6] to coordinates
INFO:root:Outputting coordinates in xyz format
INFO:root:Energy of [CH:5]#[CH:6] is -5.206768795614 hartree
INFO:root:Converting [CH:7]#[CH:8] to coordinates
INFO:root:Outputting coordinates in xyz format
INFO:root:Energy of [CH:7]#[CH:8] is -5.206768795614 hartree
INFO:root:Outputting coordinates in xyz format
INFO:root:Energy of [H:9] is -0.393482763936 hartree
INFO:root:Converting [C:1]#[C:2] to coordinates
INFO:root:Outputting coordinates in xyz format
INFO:root:Energy of [C:1]#[C:2] is -3.94884651587 hartree
INFO:root:Converting [C:3](#[CH:4])[CH:5]=[CH:6] to coordinates
INFO:root:Outputting coordinates in xyz format
INFO:root:Energy of [C:3](#[CH:4])[CH:5]=[CH:6] is -9.87776402236 hartree
INFO:root:Converting [CH:7]#[CH:8] to coordinates
INFO:root:Outputting coordinates in xyz format
INFO:root:Energy of [CH:7]#[CH:8] is -5.206768795604 hartree
INFO:root:Converting [H:10][H:11] to coordinates
INFO:root:Outputting coordinates in xyz format
INFO:root:Energy of [H:10][H:11] is -0.982686168659 hartree
INFO:root:Outputting coordinates in xyz format
INFO:root:Energy of [H:9] is -0.393482763936 hartree
INFO:root:Converting [C:1]#[C:2] to coordinates
INFO:root:Outputting coordinates in xyz format
INFO:root:Energy of [C:1]#[C:2] is -3.94884651587 hartree
INFO:root:Converting [C:3](#[CH:4])[C:5]#[CH:6] to coordinates
INFO:root:Outputting coordinates in xyz format
INFO:root:Energy of [C:3](#[CH:4])[C:5]#[CH:6] is -9.428525601221 hartree
INFO:root:Converting [CH:7]#[CH:8] to coordinates
INFO:root:Outputting coordinates in xyz format
INFO:root:Energy of [CH:7]#[CH:8] is -5.206768795604 hartree
INFO:root:Converting [H:10][H:11] to coordinates
INFO:root:Outputting coordinates in xyz format
INFO:root:Energy of [H:10][H:11] is -0.982686168659 hartree
INFO:root:Outputting coordinates in xyz format
INFO:root:Energy of [H:13] is -0.393482763936 hartree
INFO:root:Outputting coordinates in xyz format
INFO:root:Energy of [H:9] is -0.393482763936 hartree
INFO:root:Converting [C:1](#[CH:2])[C:3]#[CH:4] to coordinates
INFO:root:Outputting coordinates in xyz format
INFO:root:Energy of [C:1](#[CH:2])[C:3]#[CH:4] is -9.428525601221 hartree
INFO:root:Converting [C:5](#[CH:6])[CH:7]=[CH2:8] to coordinates
INFO:root:Outputting coordinates in xyz format
INFO:root:Energy of [C:5](#[CH:6])[CH:7]=[CH2:8] is -10.489536673658 hartree
INFO:root:Outputting coordinates in xyz format
INFO:root:Energy of [H+:9] is 0.229552166667 hartree
INFO:root:Outputting coordinates in xyz format
INFO:root:Energy of [H-:13] is -0.610746694539 hartree
INFO:root:Converting [C:1](#[CH:2])[C:3]#[CH:4] to coordinates
INFO:root:Outputting coordinates in xyz format
INFO:root:Energy of [C:1](#[CH:2])[C:3]#[CH:4] is -9.428525601221 hartree
INFO:root:Converting [C:5](#[CH:6])[CH:7]=[CH-:8] to coordinates
INFO:root:Outputting coordinates in xyz format
INFO:root:Energy of [C:5](#[CH:6])[CH:7]=[CH-:8] is -10.074284095219 hartree
INFO:root:Outputting coordinates in xyz format
INFO:root:Energy of [H+:9] is 0.229552166667 hartree
INFO:root:Converting [H:11][H:13] to coordinates
INFO:root:Outputting coordinates in xyz format
INFO:root:Energy of [H:11][H:13] is -0.982686168659 hartree
INFO:root:Converting [C+:1]#[C:2][C:3]#[C-:4] to coordinates
INFO:root:Outputting coordinates in xyz format
INFO:root:Energy of [C+:1]#[C:2][C:3]#[C-:4] is -8.200612785319 hartree
INFO:root:Converting [CH:5]#[CH:6] to coordinates
INFO:root:Outputting coordinates in xyz format
INFO:root:Energy of [CH:5]#[CH:6] is -5.206768795604 hartree
INFO:root:Converting [CH:7]#[CH:8] to coordinates
INFO:root:Outputting coordinates in xyz format
INFO:root:Energy of [CH:7]#[CH:8] is -5.206768795614 hartree
INFO:root:Converting [H:11][H:12] to coordinates
INFO:root:Outputting coordinates in xyz format
INFO:root:Energy of [H:11][H:12] is -0.982686168659 hartree
INFO:root:Converting [H:9][H:10] to coordinates
INFO:root:Outputting coordinates in xyz format
INFO:root:Energy of [H:9][H:10] is -0.982686168659 hartree
INFO:root:Converting [C:1](#[CH:2])[C:3]#[CH:4] to coordinates
INFO:root:Outputting coordinates in xyz format
INFO:root:Energy of [C:1](#[CH:2])[C:3]#[CH:4] is -9.428525601221 hartree
INFO:root:Converting [CH:5]=[CH2:6] to coordinates
INFO:root:Outputting coordinates in xyz format
INFO:root:Energy of [CH:5]=[CH2:6] is -5.662475739084 hartree
INFO:root:Converting [CH:7]#[CH:8] to coordinates
INFO:root:Outputting coordinates in xyz format
INFO:root:Energy of [CH:7]#[CH:8] is -5.206768795604 hartree
INFO:root:Outputting coordinates in xyz format
INFO:root:Energy of [H:9] is -0.393482763936 hartree
INFO:root:Converting [C:1](#[C:2][C:3]#[CH:4])[C:5]#[CH:6] to coordinates
INFO:root:Outputting coordinates in xyz format
INFO:root:Energy of [C:1](#[C:2][C:3]#[CH:4])[C:5]#[CH:6] is -13.653525951673 hartree
INFO:root:Converting [CH:7]#[CH:8] to coordinates
INFO:root:Outputting coordinates in xyz format
INFO:root:Energy of [CH:7]#[CH:8] is -5.206768795604 hartree
INFO:root:Converting [H:11][H:13] to coordinates
INFO:root:Outputting coordinates in xyz format
INFO:root:Energy of [H:11][H:13] is -0.982686168659 hartree
INFO:root:Converting [H:9][H:10] to coordinates
INFO:root:Outputting coordinates in xyz format
INFO:root:Energy of [H:9][H:10] is -0.982686168659 hartree
INFO:root:Converting [C:1](#[CH:2])[CH:6]=[CH2:5] to coordinates
INFO:root:Outputting coordinates in xyz format
INFO:root:Energy of [C:1](#[CH:2])[CH:6]=[CH2:5] is -10.489536673658 hartree
INFO:root:Converting [C:3](#[CH:4])[CH:7]=[CH2:8] to coordinates
INFO:root:Outputting coordinates in xyz format
INFO:root:Energy of [C:3](#[CH:4])[CH:7]=[CH2:8] is -10.489536673606 hartree
INFO:root:Converting [C:1]#[CH:2] to coordinates
INFO:root:Outputting coordinates in xyz format
INFO:root:Energy of [C:1]#[CH:2] is -4.577904248828 hartree
INFO:root:Converting [C:3](#[CH:4])[CH:8]=[CH:7][C:5]#[CH:6] to coordinates
INFO:root:Outputting coordinates in xyz format
INFO:root:Energy of [C:3](#[CH:4])[CH:8]=[CH:7][C:5]#[CH:6] is -14.708255897424 hartree
INFO:root:Outputting coordinates in xyz format
INFO:root:Energy of [H:13] is -0.393482763936 hartree
INFO:root:Converting [H:9][H:11] to coordinates
INFO:root:Outputting coordinates in xyz format
INFO:root:Energy of [H:9][H:11] is -0.982686168659 hartree
INFO:root:Converting [C:1]#[C:2] to coordinates
INFO:root:Outputting coordinates in xyz format
INFO:root:Energy of [C:1]#[C:2] is -3.94884651587 hartree
INFO:root:Converting [CH:3]#[CH:4] to coordinates
INFO:root:Outputting coordinates in xyz format
INFO:root:Energy of [CH:3]#[CH:4] is -5.206768795604 hartree
INFO:root:Converting [CH:5]#[CH:6] to coordinates
INFO:root:Outputting coordinates in xyz format
INFO:root:Energy of [CH:5]#[CH:6] is -5.206768795614 hartree
INFO:root:Converting [CH:7]#[CH:8] to coordinates
INFO:root:Outputting coordinates in xyz format
INFO:root:Energy of [CH:7]#[CH:8] is -5.206768795614 hartree
INFO:root:Outputting coordinates in xyz format
INFO:root:Energy of [H:10] is -0.393482763936 hartree
INFO:root:Outputting coordinates in xyz format
INFO:root:Energy of [H:9] is -0.393482763936 hartree
INFO:root:Converting [C:1]#[C:2][C:3]#[CH:4] to coordinates
INFO:root:Outputting coordinates in xyz format
INFO:root:Energy of [C:1]#[C:2][C:3]#[CH:4] is -8.798609639883 hartree
INFO:root:Converting [C:5]#[CH:6] to coordinates
INFO:root:Outputting coordinates in xyz format
INFO:root:Energy of [C:5]#[CH:6] is -4.577904248828 hartree
INFO:root:Converting [CH:7]#[CH:8] to coordinates
INFO:root:Outputting coordinates in xyz format
INFO:root:Energy of [CH:7]#[CH:8] is -5.206768795604 hartree
INFO:root:Converting [H:11][H:13] to coordinates
INFO:root:Outputting coordinates in xyz format
INFO:root:Energy of [H:11][H:13] is -0.982686168659 hartree
INFO:root:Converting [H:9][H:10] to coordinates
INFO:root:Outputting coordinates in xyz format
INFO:root:Energy of [H:9][H:10] is -0.982686168659 hartree
INFO:root:Converting [C:1](#[C:2][CH:5]=[CH-:6])[CH:4]=[CH2:3] to coordinates
INFO:root:Outputting coordinates in xyz format
INFO:root:Energy of [C:1](#[C:2][CH:5]=[CH-:6])[CH:4]=[CH2:3] is -15.374633398974 hartree
INFO:root:Converting [CH:7]#[CH:8] to coordinates
INFO:root:Outputting coordinates in xyz format
INFO:root:Energy of [CH:7]#[CH:8] is -5.206768795604 hartree
INFO:root:Outputting coordinates in xyz format
INFO:root:Energy of [H+:9] is 0.229552166667 hartree
INFO:root:Converting [C+:1]#[CH:2] to coordinates
INFO:root:Outputting coordinates in xyz format
INFO:root:Energy of [C+:1]#[CH:2] is -3.987950318802 hartree
INFO:root:Converting [CH-:3]=[CH2:4] to coordinates
INFO:root:Outputting coordinates in xyz format
INFO:root:Energy of [CH-:3]=[CH2:4] is -5.837891296108 hartree
INFO:root:Converting [CH:5]#[CH:6] to coordinates
INFO:root:Outputting coordinates in xyz format
INFO:root:Energy of [CH:5]#[CH:6] is -5.206768795604 hartree
INFO:root:Converting [CH:7]#[CH:8] to coordinates
INFO:root:Outputting coordinates in xyz format
INFO:root:Energy of [CH:7]#[CH:8] is -5.206768795614 hartree
INFO:root:Converting [C-:1]#[C:2][C:3]#[CH:4] to coordinates
INFO:root:Outputting coordinates in xyz format
INFO:root:Energy of [C-:1]#[C:2][C:3]#[CH:4] is -9.043586030749 hartree
INFO:root:Converting [CH:5]#[CH:6] to coordinates
INFO:root:Outputting coordinates in xyz format
INFO:root:Energy of [CH:5]#[CH:6] is -5.206768795604 hartree
INFO:root:Converting [CH:7]#[CH:8] to coordinates
INFO:root:Outputting coordinates in xyz format
INFO:root:Energy of [CH:7]#[CH:8] is -5.206768795614 hartree
INFO:root:Outputting coordinates in xyz format
INFO:root:Energy of [H+:11] is 0.229552166667 hartree
INFO:root:Converting [H:9][H:10] to coordinates
INFO:root:Outputting coordinates in xyz format
INFO:root:Energy of [H:9][H:10] is -0.982686168659 hartree
INFO:root:Converting [C:1]#[C:2] to coordinates
INFO:root:Outputting coordinates in xyz format
INFO:root:Energy of [C:1]#[C:2] is -3.94884651587 hartree
INFO:root:Converting [CH:3]#[CH:4] to coordinates
INFO:root:Outputting coordinates in xyz format
INFO:root:Energy of [CH:3]#[CH:4] is -5.206768795604 hartree
INFO:root:Converting [CH:5]#[CH:6] to coordinates
INFO:root:Outputting coordinates in xyz format
INFO:root:Energy of [CH:5]#[CH:6] is -5.206768795614 hartree
INFO:root:Converting [CH:7]#[CH:8] to coordinates
INFO:root:Outputting coordinates in xyz format
INFO:root:Energy of [CH:7]#[CH:8] is -5.206768795614 hartree
INFO:root:Converting [H:9][H:10] to coordinates
INFO:root:Outputting coordinates in xyz format
INFO:root:Energy of [H:9][H:10] is -0.982686168659 hartree
INFO:root:Converting [C:1]1#[C:2][CH:4]=[CH:3]1 to coordinates
INFO:root:Outputting coordinates in xyz format
INFO:root:Energy of [C:1]1#[C:2][CH:4]=[CH:3]1 is -9.332747826875 hartree
INFO:root:Converting [CH:5]#[CH:6] to coordinates
INFO:root:Outputting coordinates in xyz format
INFO:root:Energy of [CH:5]#[CH:6] is -5.206768795604 hartree
INFO:root:Converting [CH:7]#[CH:8] to coordinates
INFO:root:Outputting coordinates in xyz format
INFO:root:Energy of [CH:7]#[CH:8] is -5.206768795614 hartree
INFO:root:Converting [H:9][H:10] to coordinates
INFO:root:Outputting coordinates in xyz format
INFO:root:Energy of [H:9][H:10] is -0.982686168659 hartree
INFO:root:Converting [C:1](#[CH:2])[CH:4]=[CH:3][CH:6]=[CH:5][CH:8]=[CH-:7] to coordinates
INFO:root:Outputting coordinates in xyz format
INFO:root:Energy of [C:1](#[CH:2])[CH:4]=[CH:3][CH:6]=[CH:5][CH:8]=[CH-:7] is -20.663164109782 hartree
INFO:root:Outputting coordinates in xyz format
INFO:root:Energy of [H+:9] is 0.229552166667 hartree
INFO:root:Converting [C:1](#[C:2][C:5]#[CH:6])[C:3]#[CH:4] to coordinates
INFO:root:Outputting coordinates in xyz format
INFO:root:Energy of [C:1](#[C:2][C:5]#[CH:6])[C:3]#[CH:4] is -13.653525951673 hartree
INFO:root:Converting [CH:7]#[CH:8] to coordinates
INFO:root:Outputting coordinates in xyz format
INFO:root:Energy of [CH:7]#[CH:8] is -5.206768795604 hartree
INFO:root:Converting [H:10][H:11] to coordinates
INFO:root:Outputting coordinates in xyz format
INFO:root:Energy of [H:10][H:11] is -0.982686168659 hartree
INFO:root:Outputting coordinates in xyz format
INFO:root:Energy of [H:13] is -0.393482763936 hartree
INFO:root:Outputting coordinates in xyz format
INFO:root:Energy of [H:9] is -0.393482763936 hartree
INFO:root:Converting [C:1](#[CH:2])[C:3]#[CH:4] to coordinates
INFO:root:Outputting coordinates in xyz format
INFO:root:Energy of [C:1](#[CH:2])[C:3]#[CH:4] is -9.428525601221 hartree
INFO:root:Converting [C:5]#[CH:6] to coordinates
INFO:root:Outputting coordinates in xyz format
INFO:root:Energy of [C:5]#[CH:6] is -4.577904248828 hartree
INFO:root:Converting [CH:7]#[CH:8] to coordinates
INFO:root:Outputting coordinates in xyz format
INFO:root:Energy of [CH:7]#[CH:8] is -5.206768795604 hartree
INFO:root:Converting [H:11][H:13] to coordinates
INFO:root:Outputting coordinates in xyz format
INFO:root:Energy of [H:11][H:13] is -0.982686168659 hartree
INFO:root:Outputting coordinates in xyz format
INFO:root:Energy of [H:9] is -0.393482763936 hartree
INFO:root:Converting [C:1]#[CH:2] to coordinates
INFO:root:Outputting coordinates in xyz format
INFO:root:Energy of [C:1]#[CH:2] is -4.577904248828 hartree
INFO:root:Converting [C:3](#[CH:4])[CH:6]=[CH2:5] to coordinates
INFO:root:Outputting coordinates in xyz format
INFO:root:Energy of [C:3](#[CH:4])[CH:6]=[CH2:5] is -10.489536673658 hartree
INFO:root:Converting [CH:7]=[CH2:8] to coordinates
INFO:root:Outputting coordinates in xyz format
INFO:root:Energy of [CH:7]=[CH2:8] is -5.662475739084 hartree
INFO:root:Converting [C:1](#[CH:2])[C:3]#[CH:4] to coordinates
INFO:root:Outputting coordinates in xyz format
INFO:root:Energy of [C:1](#[CH:2])[C:3]#[CH:4] is -9.428525601221 hartree
INFO:root:Converting [CH:5]=[CH2:6] to coordinates
INFO:root:Outputting coordinates in xyz format
INFO:root:Energy of [CH:5]=[CH2:6] is -5.662475739084 hartree
INFO:root:Converting [CH2:7]=[CH:8] to coordinates
INFO:root:Outputting coordinates in xyz format
INFO:root:Energy of [CH2:7]=[CH:8] is -5.662475720322 hartree
INFO:root:Converting [CH+:3]=[CH2:4] to coordinates
INFO:root:Outputting coordinates in xyz format
INFO:root:Energy of [CH+:3]=[CH2:4] is -5.200297757426 hartree
INFO:root:Converting [C:1]#[C:2] to coordinates
INFO:root:Outputting coordinates in xyz format
INFO:root:Energy of [C:1]#[C:2] is -3.94884651587 hartree
INFO:root:Converting [CH2:5]=[CH-:6] to coordinates
INFO:root:Outputting coordinates in xyz format
INFO:root:Energy of [CH2:5]=[CH-:6] is -5.837890985939 hartree
INFO:root:Converting [CH:7]#[CH:8] to coordinates
INFO:root:Outputting coordinates in xyz format
INFO:root:Energy of [CH:7]#[CH:8] is -5.206768795604 hartree
INFO:root:Converting [C+:1]#[CH:2] to coordinates
INFO:root:Outputting coordinates in xyz format
INFO:root:Energy of [C+:1]#[CH:2] is -3.987950318802 hartree
INFO:root:Converting [CH-:7]=[CH2:8] to coordinates
INFO:root:Outputting coordinates in xyz format
INFO:root:Energy of [CH-:7]=[CH2:8] is -5.837891296108 hartree
INFO:root:Converting [C:3](#[CH:4])[C:5]#[CH:6] to coordinates
INFO:root:Outputting coordinates in xyz format
INFO:root:Energy of [C:3](#[CH:4])[C:5]#[CH:6] is -9.428525601221 hartree
INFO:root:Converting [H:9][H:11] to coordinates
INFO:root:Outputting coordinates in xyz format
INFO:root:Energy of [H:9][H:11] is -0.982686168659 hartree
INFO:root:Converting [C-:1]#[C:2][CH:6]=[CH:5][C:3]#[CH:4] to coordinates
INFO:root:Outputting coordinates in xyz format
INFO:root:Energy of [C-:1]#[C:2][CH:6]=[CH:5][C:3]#[CH:4] is -14.334571966189 hartree
INFO:root:Converting [CH:7]#[CH:8] to coordinates
INFO:root:Outputting coordinates in xyz format
INFO:root:Energy of [CH:7]#[CH:8] is -5.206768795604 hartree
INFO:root:Outputting coordinates in xyz format
INFO:root:Energy of [H+:11] is 0.229552166667 hartree
INFO:root:Converting [H:9][H:10] to coordinates
INFO:root:Outputting coordinates in xyz format
INFO:root:Energy of [H:9][H:10] is -0.982686168659 hartree
INFO:root:Converting [CH-:5]=[CH2:6] to coordinates
INFO:root:Outputting coordinates in xyz format
INFO:root:Energy of [CH-:5]=[CH2:6] is -5.837891296108 hartree
INFO:root:Converting [C:1](#[CH:2])[CH:4]=[CH+:3] to coordinates
INFO:root:Outputting coordinates in xyz format
INFO:root:Energy of [C:1](#[CH:2])[CH:4]=[CH+:3] is -9.461650769857 hartree
INFO:root:Converting [CH:7]#[CH:8] to coordinates
INFO:root:Outputting coordinates in xyz format
INFO:root:Energy of [CH:7]#[CH:8] is -5.206768795604 hartree
INFO:root:Converting [C:1](#[CH:2])[CH:7]=[CH:8][CH:5]=[CH:6][C:3]#[CH:4] to coordinates
INFO:root:Outputting coordinates in xyz format
INFO:root:Energy of [C:1](#[CH:2])[CH:7]=[CH:8][CH:5]=[CH:6][C:3]#[CH:4] is -19.993843275302 hartree
INFO:root:Converting [H:9][H:11] to coordinates
INFO:root:Outputting coordinates in xyz format
INFO:root:Energy of [H:9][H:11] is -0.982686168659 hartree
INFO:root:Converting [C:1](#[C:2])[CH:4]=[CH2:3] to coordinates
INFO:root:Outputting coordinates in xyz format
INFO:root:Energy of [C:1](#[C:2])[CH:4]=[CH2:3] is -9.862511197271 hartree
INFO:root:Converting [CH:5]#[CH:6] to coordinates
INFO:root:Outputting coordinates in xyz format
INFO:root:Energy of [CH:5]#[CH:6] is -5.206768795604 hartree
INFO:root:Converting [CH:7]#[CH:8] to coordinates
INFO:root:Outputting coordinates in xyz format
INFO:root:Energy of [CH:7]#[CH:8] is -5.206768795614 hartree
INFO:root:Outputting coordinates in xyz format
INFO:root:Energy of [H:9] is -0.393482763936 hartree
INFO:root:Converting [CH-:7]=[CH2:8] to coordinates
INFO:root:Outputting coordinates in xyz format
INFO:root:Energy of [CH-:7]=[CH2:8] is -5.837891296108 hartree
INFO:root:Converting [C:1](#[CH:2])[CH:5]=[CH:6][CH:4]=[CH+:3] to coordinates
INFO:root:Outputting coordinates in xyz format
INFO:root:Energy of [C:1](#[CH:2])[CH:5]=[CH:6][CH:4]=[CH+:3] is -14.774054042537 hartree
INFO:root:Converting [C:1]#[C:2] to coordinates
INFO:root:Outputting coordinates in xyz format
INFO:root:Energy of [C:1]#[C:2] is -3.94884651587 hartree
INFO:root:Converting [C:3]#[CH:4] to coordinates
INFO:root:Outputting coordinates in xyz format
INFO:root:Energy of [C:3]#[CH:4] is -4.577904248828 hartree
INFO:root:Converting [CH:5]=[CH2:6] to coordinates
INFO:root:Outputting coordinates in xyz format
INFO:root:Energy of [CH:5]=[CH2:6] is -5.662475739084 hartree
INFO:root:Converting [CH:7]#[CH:8] to coordinates
INFO:root:Outputting coordinates in xyz format
INFO:root:Energy of [CH:7]#[CH:8] is -5.206768795604 hartree
INFO:root:Converting [H:9][H:11] to coordinates
INFO:root:Outputting coordinates in xyz format
INFO:root:Energy of [H:9][H:11] is -0.982686168659 hartree
INFO:root:Converting [C-:5]#[CH:6] to coordinates
INFO:root:Outputting coordinates in xyz format
INFO:root:Energy of [C-:5]#[CH:6] is -4.791036646911 hartree
INFO:root:Converting [C:1](#[CH:2])[C:3]#[CH:4] to coordinates
INFO:root:Outputting coordinates in xyz format
INFO:root:Energy of [C:1](#[CH:2])[C:3]#[CH:4] is -9.428525601221 hartree
INFO:root:Converting [CH2:7]=[CH2:8] to coordinates
INFO:root:Outputting coordinates in xyz format
INFO:root:Energy of [CH2:7]=[CH2:8] is -6.27126052533 hartree
INFO:root:Outputting coordinates in xyz format
INFO:root:Energy of [H+:9] is 0.229552166667 hartree
INFO:root:Converting [C:1]#[CH:2] to coordinates
INFO:root:Outputting coordinates in xyz format
INFO:root:Energy of [C:1]#[CH:2] is -4.577904248828 hartree
INFO:root:Converting [CH2:3]=[CH:4][CH:6]=[CH:5] to coordinates
INFO:root:Outputting coordinates in xyz format
INFO:root:Energy of [CH2:3]=[CH:4][CH:6]=[CH:5] is -10.941819044804 hartree
INFO:root:Converting [CH:7]#[CH:8] to coordinates
INFO:root:Outputting coordinates in xyz format
INFO:root:Energy of [CH:7]#[CH:8] is -5.206768795604 hartree
INFO:root:Converting [C:1](#[CH:2])[CH:6]=[CH:5][CH:8]=[CH:7][C:3]#[CH:4] to coordinates
INFO:root:Outputting coordinates in xyz format
INFO:root:Energy of [C:1](#[CH:2])[CH:6]=[CH:5][CH:8]=[CH:7][C:3]#[CH:4] is -19.993843275302 hartree
INFO:root:Outputting coordinates in xyz format
INFO:root:Energy of [H:11] is -0.393482763936 hartree
INFO:root:Outputting coordinates in xyz format
INFO:root:Energy of [H:9] is -0.393482763936 hartree
INFO:root:Converting [C:1]#[CH:2] to coordinates
INFO:root:Outputting coordinates in xyz format
INFO:root:Energy of [C:1]#[CH:2] is -4.577904248828 hartree
INFO:root:Converting [C:3](#[CH:4])[CH:6]=[CH:5] to coordinates
INFO:root:Outputting coordinates in xyz format
INFO:root:Energy of [C:3](#[CH:4])[CH:6]=[CH:5] is -9.87776402236 hartree
INFO:root:Converting [CH:7]#[CH:8] to coordinates
INFO:root:Outputting coordinates in xyz format
INFO:root:Energy of [CH:7]#[CH:8] is -5.206768795604 hartree
INFO:root:Converting [H:9][H:11] to coordinates
INFO:root:Outputting coordinates in xyz format
INFO:root:Energy of [H:9][H:11] is -0.982686168659 hartree
INFO:root:Converting [C:1](#[CH:2])[C:3]#[CH:4] to coordinates
INFO:root:Outputting coordinates in xyz format
INFO:root:Energy of [C:1](#[CH:2])[C:3]#[CH:4] is -9.428525601221 hartree
INFO:root:Converting [C:5]#[CH:6] to coordinates
INFO:root:Outputting coordinates in xyz format
INFO:root:Energy of [C:5]#[CH:6] is -4.577904248828 hartree
INFO:root:Converting [CH2:7]=[CH2:8] to coordinates
INFO:root:Outputting coordinates in xyz format
INFO:root:Energy of [CH2:7]=[CH2:8] is -6.27126052533 hartree
INFO:root:Outputting coordinates in xyz format
INFO:root:Energy of [H:9] is -0.393482763936 hartree
INFO:root:Converting [C+:1]#[CH:2] to coordinates
INFO:root:Outputting coordinates in xyz format
INFO:root:Energy of [C+:1]#[CH:2] is -3.987950318802 hartree
INFO:root:Converting [CH2:3]=[CH:4][CH:6]=[CH-:5] to coordinates
INFO:root:Outputting coordinates in xyz format
INFO:root:Energy of [CH2:3]=[CH:4][CH:6]=[CH-:5] is -11.139828967063 hartree
INFO:root:Converting [CH:7]#[CH:8] to coordinates
INFO:root:Outputting coordinates in xyz format
INFO:root:Energy of [CH:7]#[CH:8] is -5.206768795604 hartree
INFO:root:Converting [C+:1]#[CH:2] to coordinates
INFO:root:Outputting coordinates in xyz format
INFO:root:Energy of [C+:1]#[CH:2] is -3.987950318802 hartree
INFO:root:Converting [C:3](#[CH:4])[CH:7]=[CH-:8] to coordinates
INFO:root:Outputting coordinates in xyz format
INFO:root:Energy of [C:3](#[CH:4])[CH:7]=[CH-:8] is -10.074284095219 hartree
INFO:root:Converting [CH2:5]=[CH2:6] to coordinates
INFO:root:Outputting coordinates in xyz format
INFO:root:Energy of [CH2:5]=[CH2:6] is -6.27126052533 hartree
INFO:root:Converting [C:1](#[CH:2])[C:3]#[CH:4] to coordinates
INFO:root:Outputting coordinates in xyz format
INFO:root:Energy of [C:1](#[CH:2])[C:3]#[CH:4] is -9.428525601221 hartree
INFO:root:Converting [CH:5](=[CH2:6])[CH:8]=[CH:7] to coordinates
INFO:root:Outputting coordinates in xyz format
INFO:root:Energy of [CH:5](=[CH2:6])[CH:8]=[CH:7] is -10.942339404615 hartree
INFO:root:Outputting coordinates in xyz format
INFO:root:Energy of [H:9] is -0.393482763936 hartree
INFO:root:Converting [CH+:1]=[CH:2][CH:4]=[CH:3][CH:6]=[CH:5][CH:8]=[CH-:7] to coordinates
INFO:root:Outputting coordinates in xyz format
INFO:root:Energy of [CH+:1]=[CH:2][CH:4]=[CH:3][CH:6]=[CH:5][CH:8]=[CH-:7] is -20.897036781237 hartree
INFO:root:Converting [c:1]1[cH:4][cH:3][cH:6][cH:5][c:2]#1 to coordinates
INFO:root:Outputting coordinates in xyz format
INFO:root:Energy of [c:1]1[cH:4][cH:3][cH:6][cH:5][c:2]#1 is -14.628947098103 hartree
INFO:root:Converting [CH:7]#[CH:8] to coordinates
INFO:root:Outputting coordinates in xyz format
INFO:root:Energy of [CH:7]#[CH:8] is -5.206768795604 hartree
INFO:root:Outputting coordinates in xyz format
INFO:root:Energy of [H:10] is -0.393482763936 hartree
INFO:root:Outputting coordinates in xyz format
INFO:root:Energy of [H:9] is -0.393482763936 hartree
INFO:root:Converting [C:1](#[CH:2])[C:3]#[CH:4] to coordinates
INFO:root:Outputting coordinates in xyz format
INFO:root:Energy of [C:1](#[CH:2])[C:3]#[CH:4] is -9.428525601221 hartree
INFO:root:Converting [CH:5]#[CH:6] to coordinates
INFO:root:Outputting coordinates in xyz format
INFO:root:Energy of [CH:5]#[CH:6] is -5.206768795604 hartree
INFO:root:Converting [CH:7]#[CH:8] to coordinates
INFO:root:Outputting coordinates in xyz format
INFO:root:Energy of [CH:7]#[CH:8] is -5.206768795614 hartree
INFO:root:Converting [H:9][H:11] to coordinates
INFO:root:Outputting coordinates in xyz format
INFO:root:Energy of [H:9][H:11] is -0.982686168659 hartree
INFO:root:Converting [C:1](#[C:2][CH:5]=[CH2:6])[C:3]#[CH:4] to coordinates
INFO:root:Outputting coordinates in xyz format
INFO:root:Energy of [C:1](#[C:2][CH:5]=[CH2:6])[C:3]#[CH:4] is -14.713658104963 hartree
INFO:root:Converting [CH:7]#[CH:8] to coordinates
INFO:root:Outputting coordinates in xyz format
INFO:root:Energy of [CH:7]#[CH:8] is -5.206768795604 hartree
INFO:root:Outputting coordinates in xyz format
INFO:root:Energy of [H:10] is -0.393482763936 hartree
INFO:root:Outputting coordinates in xyz format
INFO:root:Energy of [H:9] is -0.393482763936 hartree
INFO:root:Converting [CH+:3]=[CH2:4] to coordinates
INFO:root:Outputting coordinates in xyz format
INFO:root:Energy of [CH+:3]=[CH2:4] is -5.200297757426 hartree
INFO:root:Converting [C:1](#[CH:2])[CH:5]=[CH:6][CH:8]=[CH-:7] to coordinates
INFO:root:Outputting coordinates in xyz format
INFO:root:Energy of [C:1](#[CH:2])[CH:5]=[CH:6][CH:8]=[CH-:7] is -15.368842433367 hartree
INFO:root:Converting [CH+:3]=[CH:4][CH:6]=[CH2:5] to coordinates
INFO:root:Outputting coordinates in xyz format
INFO:root:Energy of [CH+:3]=[CH:4][CH:6]=[CH2:5] is -10.493652609352 hartree
INFO:root:Converting [C:1](#[CH:2])[CH:7]=[CH-:8] to coordinates
INFO:root:Outputting coordinates in xyz format
INFO:root:Energy of [C:1](#[CH:2])[CH:7]=[CH-:8] is -10.074284095219 hartree
INFO:root:Converting [C:1](#[C-:2])[CH:4]=[CH+:3] to coordinates
INFO:root:Outputting coordinates in xyz format
INFO:root:Energy of [C:1](#[C-:2])[CH:4]=[CH+:3] is -9.322125462307 hartree
INFO:root:Converting [CH:5]#[CH:6] to coordinates
INFO:root:Outputting coordinates in xyz format
INFO:root:Energy of [CH:5]#[CH:6] is -5.206768795604 hartree
INFO:root:Converting [CH:7]#[CH:8] to coordinates
INFO:root:Outputting coordinates in xyz format
INFO:root:Energy of [CH:7]#[CH:8] is -5.206768795614 hartree
INFO:root:Converting [H:9][H:10] to coordinates
INFO:root:Outputting coordinates in xyz format
INFO:root:Energy of [H:9][H:10] is -0.982686168659 hartree
INFO:root:Converting [C+:1]#[C:2][CH:5]=[CH-:6] to coordinates
INFO:root:Outputting coordinates in xyz format
INFO:root:Energy of [C+:1]#[C:2][CH:5]=[CH-:6] is -9.322126727996 hartree
INFO:root:Converting [CH2:3]=[CH2:4] to coordinates
INFO:root:Outputting coordinates in xyz format
INFO:root:Energy of [CH2:3]=[CH2:4] is -6.27126052533 hartree
INFO:root:Converting [CH:7]#[CH:8] to coordinates
INFO:root:Outputting coordinates in xyz format
INFO:root:Energy of [CH:7]#[CH:8] is -5.206768795604 hartree
INFO:root:Converting [C:1](#[CH:2])[CH:4]=[CH:3][CH:6]=[CH2:5] to coordinates
INFO:root:Outputting coordinates in xyz format
INFO:root:Energy of [C:1](#[CH:2])[CH:4]=[CH:3][CH:6]=[CH2:5] is -15.769864852589 hartree
INFO:root:Converting [CH:7]#[CH:8] to coordinates
INFO:root:Outputting coordinates in xyz format
INFO:root:Energy of [CH:7]#[CH:8] is -5.206768795604 hartree
INFO:root:Converting [C:1]#[C:2][CH:6]=[CH:5][C:3]#[CH:4] to coordinates
INFO:root:Outputting coordinates in xyz format
INFO:root:Energy of [C:1]#[C:2][CH:6]=[CH:5][C:3]#[CH:4] is -14.083502934546 hartree
INFO:root:Converting [CH:7]#[CH:8] to coordinates
INFO:root:Outputting coordinates in xyz format
INFO:root:Energy of [CH:7]#[CH:8] is -5.206768795604 hartree
INFO:root:Outputting coordinates in xyz format
INFO:root:Energy of [H:11] is -0.393482763936 hartree
INFO:root:Converting [H:9][H:10] to coordinates
INFO:root:Outputting coordinates in xyz format
INFO:root:Energy of [H:9][H:10] is -0.982686168659 hartree
INFO:root:Converting [C:1](#[C:2])[C:3]#[CH:4] to coordinates
INFO:root:Outputting coordinates in xyz format
INFO:root:Energy of [C:1](#[C:2])[C:3]#[CH:4] is -8.798608419012 hartree
INFO:root:Converting [CH2:5]=[CH2:6] to coordinates
INFO:root:Outputting coordinates in xyz format
INFO:root:Energy of [CH2:5]=[CH2:6] is -6.27126052533 hartree
INFO:root:Converting [CH:7]#[CH:8] to coordinates
INFO:root:Outputting coordinates in xyz format
INFO:root:Energy of [CH:7]#[CH:8] is -5.206768795604 hartree
INFO:root:Outputting coordinates in xyz format
INFO:root:Energy of [H:9] is -0.393482763936 hartree
INFO:root:Converting [C:1]#[C:2] to coordinates
INFO:root:Outputting coordinates in xyz format
INFO:root:Energy of [C:1]#[C:2] is -3.94884651587 hartree
INFO:root:Converting [CH:3](=[CH2:4])[CH:6]=[CH-:5] to coordinates
INFO:root:Outputting coordinates in xyz format
INFO:root:Energy of [CH:3](=[CH2:4])[CH:6]=[CH-:5] is -11.139513704239 hartree
INFO:root:Converting [CH:7]#[CH:8] to coordinates
INFO:root:Outputting coordinates in xyz format
INFO:root:Energy of [CH:7]#[CH:8] is -5.206768795604 hartree
INFO:root:Outputting coordinates in xyz format
INFO:root:Energy of [H+:9] is 0.229552166667 hartree
INFO:root:Converting [C:1](#[C-:2])[C:3]#[CH:4] to coordinates
INFO:root:Outputting coordinates in xyz format
INFO:root:Energy of [C:1](#[C-:2])[C:3]#[CH:4] is -9.04358554355 hartree
INFO:root:Converting [CH2:5]=[CH2:6] to coordinates
INFO:root:Outputting coordinates in xyz format
INFO:root:Energy of [CH2:5]=[CH2:6] is -6.27126052533 hartree
INFO:root:Converting [CH:7]#[CH:8] to coordinates
INFO:root:Outputting coordinates in xyz format
INFO:root:Energy of [CH:7]#[CH:8] is -5.206768795604 hartree
INFO:root:Outputting coordinates in xyz format
INFO:root:Energy of [H+:9] is 0.229552166667 hartree
INFO:root:Converting [C:1]#[C:2] to coordinates
INFO:root:Outputting coordinates in xyz format
INFO:root:Energy of [C:1]#[C:2] is -3.94884651587 hartree
INFO:root:Converting [C:3]#[C:4] to coordinates
INFO:root:Outputting coordinates in xyz format
INFO:root:Energy of [C:3]#[C:4] is -3.94884651587 hartree
INFO:root:Converting [CH:5]#[CH:6] to coordinates
INFO:root:Outputting coordinates in xyz format
INFO:root:Energy of [CH:5]#[CH:6] is -5.206768795604 hartree
INFO:root:Converting [CH:7]#[CH:8] to coordinates
INFO:root:Outputting coordinates in xyz format
INFO:root:Energy of [CH:7]#[CH:8] is -5.206768795614 hartree
INFO:root:Converting [H:10][H:11] to coordinates
INFO:root:Outputting coordinates in xyz format
INFO:root:Energy of [H:10][H:11] is -0.982686168659 hartree
INFO:root:Converting [H:9][H:12] to coordinates
INFO:root:Outputting coordinates in xyz format
INFO:root:Energy of [H:9][H:12] is -0.982686168659 hartree
INFO:root:Converting [C:1]#[C:2] to coordinates
INFO:root:Outputting coordinates in xyz format
INFO:root:Energy of [C:1]#[C:2] is -3.94884651587 hartree
INFO:root:Converting [C:3](#[CH:4])[CH:5]=[CH2:6] to coordinates
INFO:root:Outputting coordinates in xyz format
INFO:root:Energy of [C:3](#[CH:4])[CH:5]=[CH2:6] is -10.489536673658 hartree
INFO:root:Converting [CH:7]#[CH:8] to coordinates
INFO:root:Outputting coordinates in xyz format
INFO:root:Energy of [CH:7]#[CH:8] is -5.206768795604 hartree
INFO:root:Outputting coordinates in xyz format
INFO:root:Energy of [H+:9] is 0.229552166667 hartree
INFO:root:Outputting coordinates in xyz format
INFO:root:Energy of [H-:11] is -0.610746694539 hartree
INFO:root:Converting [C+:3]#[CH:4] to coordinates
INFO:root:Outputting coordinates in xyz format
INFO:root:Energy of [C+:3]#[CH:4] is -3.987950318802 hartree
INFO:root:Converting [CH-:5]=[CH2:6] to coordinates
INFO:root:Outputting coordinates in xyz format
INFO:root:Energy of [CH-:5]=[CH2:6] is -5.837891296108 hartree
INFO:root:Converting [C:1]#[C:2] to coordinates
INFO:root:Outputting coordinates in xyz format
INFO:root:Energy of [C:1]#[C:2] is -3.94884651587 hartree
INFO:root:Converting [CH:7]#[CH:8] to coordinates
INFO:root:Outputting coordinates in xyz format
INFO:root:Energy of [CH:7]#[CH:8] is -5.206768795604 hartree
INFO:root:Converting [H:9][H:11] to coordinates
INFO:root:Outputting coordinates in xyz format
INFO:root:Energy of [H:9][H:11] is -0.982686168659 hartree
INFO:root:Converting [C+:1]#[CH:2] to coordinates
INFO:root:Outputting coordinates in xyz format
INFO:root:Energy of [C+:1]#[CH:2] is -3.987950318802 hartree
INFO:root:Converting [C-:3]#[CH:4] to coordinates
INFO:root:Outputting coordinates in xyz format
INFO:root:Energy of [C-:3]#[CH:4] is -4.791036646911 hartree
INFO:root:Converting [CH2:5]=[CH:6][CH:8]=[CH2:7] to coordinates
INFO:root:Outputting coordinates in xyz format
INFO:root:Energy of [CH2:5]=[CH:6][CH:8]=[CH2:7] is -11.552702096795 hartree
INFO:root:Converting [C:1]#[CH:2] to coordinates
INFO:root:Outputting coordinates in xyz format
INFO:root:Energy of [C:1]#[CH:2] is -4.577904248828 hartree
INFO:root:Converting [C:3](#[CH:4])[CH:7]=[CH:8] to coordinates
INFO:root:Outputting coordinates in xyz format
INFO:root:Energy of [C:3](#[CH:4])[CH:7]=[CH:8] is -9.87776402236 hartree
INFO:root:Converting [CH2:5]=[CH2:6] to coordinates
INFO:root:Outputting coordinates in xyz format
INFO:root:Energy of [CH2:5]=[CH2:6] is -6.27126052533 hartree
INFO:root:Converting [C-:3]#[CH:4] to coordinates
INFO:root:Outputting coordinates in xyz format
INFO:root:Energy of [C-:3]#[CH:4] is -4.791036646911 hartree
INFO:root:Converting [C:1]1#[C:2][CH:5]=[CH:6]1 to coordinates
INFO:root:Outputting coordinates in xyz format
INFO:root:Energy of [C:1]1#[C:2][CH:5]=[CH:6]1 is -9.332747826875 hartree
INFO:root:Converting [CH:7]#[CH:8] to coordinates
INFO:root:Outputting coordinates in xyz format
INFO:root:Energy of [CH:7]#[CH:8] is -5.206768795604 hartree
INFO:root:Outputting coordinates in xyz format
INFO:root:Energy of [H+:9] is 0.229552166667 hartree
INFO:root:Converting [H:10][H:11] to coordinates
INFO:root:Outputting coordinates in xyz format
INFO:root:Energy of [H:10][H:11] is -0.982686168659 hartree
INFO:root:Converting [C:1]#[C:2][C:3]#[C:4] to coordinates
INFO:root:Outputting coordinates in xyz format
INFO:root:Energy of [C:1]#[C:2][C:3]#[C:4] is -8.174133333646 hartree
INFO:root:Converting [CH:5]#[CH:6] to coordinates
INFO:root:Outputting coordinates in xyz format
INFO:root:Energy of [CH:5]#[CH:6] is -5.206768795604 hartree
INFO:root:Converting [CH:7]#[CH:8] to coordinates
INFO:root:Outputting coordinates in xyz format
INFO:root:Energy of [CH:7]#[CH:8] is -5.206768795614 hartree
INFO:root:Converting [H:11][H:12] to coordinates
INFO:root:Outputting coordinates in xyz format
INFO:root:Energy of [H:11][H:12] is -0.982686168659 hartree
INFO:root:Converting [H:9][H:10] to coordinates
INFO:root:Outputting coordinates in xyz format
INFO:root:Energy of [H:9][H:10] is -0.982686168659 hartree
INFO:root:Converting [C+:1]#[C:2][C:3]#[CH:4] to coordinates
INFO:root:Outputting coordinates in xyz format
INFO:root:Energy of [C+:1]#[C:2][C:3]#[CH:4] is -8.243749005004 hartree
INFO:root:Converting [CH-:5]=[CH2:6] to coordinates
INFO:root:Outputting coordinates in xyz format
INFO:root:Energy of [CH-:5]=[CH2:6] is -5.837891296108 hartree
INFO:root:Converting [CH:7]#[CH:8] to coordinates
INFO:root:Outputting coordinates in xyz format
INFO:root:Energy of [CH:7]#[CH:8] is -5.206768795604 hartree
INFO:root:Converting [H:9][H:10] to coordinates
INFO:root:Outputting coordinates in xyz format
INFO:root:Energy of [H:9][H:10] is -0.982686168659 hartree
INFO:root:Converting [C:1]#[CH:2] to coordinates
INFO:root:Outputting coordinates in xyz format
INFO:root:Energy of [C:1]#[CH:2] is -4.577904248828 hartree
INFO:root:Converting [C:3](#[CH:4])[C:5]#[CH:6] to coordinates
INFO:root:Outputting coordinates in xyz format
INFO:root:Energy of [C:3](#[CH:4])[C:5]#[CH:6] is -9.428525601221 hartree
INFO:root:Converting [C:7]#[CH:8] to coordinates
INFO:root:Outputting coordinates in xyz format
INFO:root:Energy of [C:7]#[CH:8] is -4.577904248828 hartree
INFO:root:Converting [H:13][H:15] to coordinates
INFO:root:Outputting coordinates in xyz format
INFO:root:Energy of [H:13][H:15] is -0.982686168659 hartree
INFO:root:Converting [H:9][H:11] to coordinates
INFO:root:Outputting coordinates in xyz format
INFO:root:Energy of [H:9][H:11] is -0.982686168659 hartree
INFO:root:Converting [C:1](#[CH:2])[CH:3]=[CH-:4] to coordinates
INFO:root:Outputting coordinates in xyz format
INFO:root:Energy of [C:1](#[CH:2])[CH:3]=[CH-:4] is -10.074284095219 hartree
INFO:root:Converting [CH:5]#[CH:6] to coordinates
INFO:root:Outputting coordinates in xyz format
INFO:root:Energy of [CH:5]#[CH:6] is -5.206768795604 hartree
INFO:root:Converting [CH:7]#[CH:8] to coordinates
INFO:root:Outputting coordinates in xyz format
INFO:root:Energy of [CH:7]#[CH:8] is -5.206768795614 hartree
INFO:root:Outputting coordinates in xyz format
INFO:root:Energy of [H+:9] is 0.229552166667 hartree
INFO:root:Converting [C-:3]#[CH:4] to coordinates
INFO:root:Outputting coordinates in xyz format
INFO:root:Energy of [C-:3]#[CH:4] is -4.791036646911 hartree
INFO:root:Converting [C:1](#[CH:2])[CH:6]=[CH+:5] to coordinates
INFO:root:Outputting coordinates in xyz format
INFO:root:Energy of [C:1](#[CH:2])[CH:6]=[CH+:5] is -9.461650769857 hartree
INFO:root:Converting [CH:7]#[CH:8] to coordinates
INFO:root:Outputting coordinates in xyz format
INFO:root:Energy of [CH:7]#[CH:8] is -5.206768795604 hartree
INFO:root:Converting [H:9][H:11] to coordinates
INFO:root:Outputting coordinates in xyz format
INFO:root:Energy of [H:9][H:11] is -0.982686168659 hartree
INFO:root:Converting [C:1]#[C:2] to coordinates
INFO:root:Outputting coordinates in xyz format
INFO:root:Energy of [C:1]#[C:2] is -3.94884651587 hartree
INFO:root:Converting [C:3](#[CH:4])[CH:5]=[CH2:6] to coordinates
INFO:root:Outputting coordinates in xyz format
INFO:root:Energy of [C:3](#[CH:4])[CH:5]=[CH2:6] is -10.489536673658 hartree
INFO:root:Converting [CH:7]#[CH:8] to coordinates
INFO:root:Outputting coordinates in xyz format
INFO:root:Energy of [CH:7]#[CH:8] is -5.206768795604 hartree
INFO:root:Converting [H:10][H:11] to coordinates
INFO:root:Outputting coordinates in xyz format
INFO:root:Energy of [H:10][H:11] is -0.982686168659 hartree
INFO:root:Converting [C:1]#[C:2][CH:4]=[CH:3] to coordinates
INFO:root:Outputting coordinates in xyz format
INFO:root:Energy of [C:1]#[C:2][CH:4]=[CH:3] is -9.248499675456 hartree
INFO:root:Converting [CH:5]#[CH:6] to coordinates
INFO:root:Outputting coordinates in xyz format
INFO:root:Energy of [CH:5]#[CH:6] is -5.206768795604 hartree
INFO:root:Converting [CH:7]#[CH:8] to coordinates
INFO:root:Outputting coordinates in xyz format
INFO:root:Energy of [CH:7]#[CH:8] is -5.206768795614 hartree
INFO:root:Converting [H:9][H:10] to coordinates
INFO:root:Outputting coordinates in xyz format
INFO:root:Energy of [H:9][H:10] is -0.982686168659 hartree
INFO:root:Converting [C+:1]#[CH:2] to coordinates
INFO:root:Outputting coordinates in xyz format
INFO:root:Energy of [C+:1]#[CH:2] is -3.987950318802 hartree
INFO:root:Converting [C-:3]#[CH:4] to coordinates
INFO:root:Outputting coordinates in xyz format
INFO:root:Energy of [C-:3]#[CH:4] is -4.791036646911 hartree
INFO:root:Converting [CH:5]#[CH:6] to coordinates
INFO:root:Outputting coordinates in xyz format
INFO:root:Energy of [CH:5]#[CH:6] is -5.206768795604 hartree
INFO:root:Converting [CH:7]#[CH:8] to coordinates
INFO:root:Outputting coordinates in xyz format
INFO:root:Energy of [CH:7]#[CH:8] is -5.206768795614 hartree
INFO:root:Converting [H:9][H:11] to coordinates
INFO:root:Outputting coordinates in xyz format
INFO:root:Energy of [H:9][H:11] is -0.982686168659 hartree
INFO:root:Converting [C:1](#[CH:2])[CH:4]=[CH:3][CH:6]=[CH:5] to coordinates
INFO:root:Outputting coordinates in xyz format
INFO:root:Energy of [C:1](#[CH:2])[CH:4]=[CH:3][CH:6]=[CH:5] is -15.160397397873 hartree
INFO:root:Converting [CH:7]#[CH:8] to coordinates
INFO:root:Outputting coordinates in xyz format
INFO:root:Energy of [CH:7]#[CH:8] is -5.206768795604 hartree
INFO:root:Outputting coordinates in xyz format
INFO:root:Energy of [H:9] is -0.393482763936 hartree
INFO:root:Converting [C:1]#[C:2] to coordinates
INFO:root:Outputting coordinates in xyz format
INFO:root:Energy of [C:1]#[C:2] is -3.94884651587 hartree
INFO:root:Converting [C:3](#[CH:4])[CH:5]=[CH-:6] to coordinates
INFO:root:Outputting coordinates in xyz format
INFO:root:Energy of [C:3](#[CH:4])[CH:5]=[CH-:6] is -10.074284095219 hartree
INFO:root:Converting [CH:7]#[CH:8] to coordinates
INFO:root:Outputting coordinates in xyz format
INFO:root:Energy of [CH:7]#[CH:8] is -5.206768795604 hartree
INFO:root:Outputting coordinates in xyz format
INFO:root:Energy of [H+:9] is 0.229552166667 hartree
INFO:root:Converting [H:10][H:11] to coordinates
INFO:root:Outputting coordinates in xyz format
INFO:root:Energy of [H:10][H:11] is -0.982686168659 hartree
INFO:root:Converting [C:1](#[CH:2])[CH:4]=[CH:3][CH:6]=[CH:5][CH:8]=[CH2:7] to coordinates
INFO:root:Outputting coordinates in xyz format
INFO:root:Energy of [C:1](#[CH:2])[CH:4]=[CH:3][CH:6]=[CH:5][CH:8]=[CH2:7] is -21.049537113829 hartree
INFO:root:Converting [C:1]#[C:2] to coordinates
INFO:root:Outputting coordinates in xyz format
INFO:root:Energy of [C:1]#[C:2] is -3.94884651587 hartree
INFO:root:Converting [C:3](#[CH:4])[C:5]#[CH:6] to coordinates
INFO:root:Outputting coordinates in xyz format
INFO:root:Energy of [C:3](#[CH:4])[C:5]#[CH:6] is -9.428525601221 hartree
INFO:root:Converting [CH:7]#[CH:8] to coordinates
INFO:root:Outputting coordinates in xyz format
INFO:root:Energy of [CH:7]#[CH:8] is -5.206768795604 hartree
INFO:root:Outputting coordinates in xyz format
INFO:root:Energy of [H+:9] is 0.229552166667 hartree
INFO:root:Outputting coordinates in xyz format
INFO:root:Energy of [H-:13] is -0.610746694539 hartree
INFO:root:Converting [H:10][H:11] to coordinates
INFO:root:Outputting coordinates in xyz format
INFO:root:Energy of [H:10][H:11] is -0.982686168659 hartree
INFO:root:Converting [C:1](#[CH:2])[C:3]#[CH:4] to coordinates
INFO:root:Outputting coordinates in xyz format
INFO:root:Energy of [C:1](#[CH:2])[C:3]#[CH:4] is -9.428525601221 hartree
INFO:root:Converting [C:5](#[CH:6])[CH:7]=[CH2:8] to coordinates
INFO:root:Outputting coordinates in xyz format
INFO:root:Energy of [C:5](#[CH:6])[CH:7]=[CH2:8] is -10.489536673658 hartree
INFO:root:Outputting coordinates in xyz format
INFO:root:Energy of [H:13] is -0.393482763936 hartree
INFO:root:Outputting coordinates in xyz format
INFO:root:Energy of [H:9] is -0.393482763936 hartree
INFO:root:Converting [C:1]#[C:2] to coordinates
INFO:root:Outputting coordinates in xyz format
INFO:root:Energy of [C:1]#[C:2] is -3.94884651587 hartree
INFO:root:Converting [CH:3]=[CH2:4] to coordinates
INFO:root:Outputting coordinates in xyz format
INFO:root:Energy of [CH:3]=[CH2:4] is -5.662475739084 hartree
INFO:root:Converting [CH:5]#[CH:6] to coordinates
INFO:root:Outputting coordinates in xyz format
INFO:root:Energy of [CH:5]#[CH:6] is -5.206768795604 hartree
INFO:root:Converting [CH:7]#[CH:8] to coordinates
INFO:root:Outputting coordinates in xyz format
INFO:root:Energy of [CH:7]#[CH:8] is -5.206768795614 hartree
INFO:root:Outputting coordinates in xyz format
INFO:root:Energy of [H:9] is -0.393482763936 hartree
INFO:root:Converting [CH:1]=[CH:2][CH:4]=[CH:3][CH:6]=[CH:5] to coordinates
INFO:root:Outputting coordinates in xyz format
INFO:root:Energy of [CH:1]=[CH:2][CH:4]=[CH:3][CH:6]=[CH:5] is -15.609753377389 hartree
INFO:root:Converting [CH:7]#[CH:8] to coordinates
INFO:root:Outputting coordinates in xyz format
INFO:root:Energy of [CH:7]#[CH:8] is -5.206768795604 hartree
INFO:root:Converting [C:1]#[C:2] to coordinates
INFO:root:Outputting coordinates in xyz format
INFO:root:Energy of [C:1]#[C:2] is -3.94884651587 hartree
INFO:root:Converting [C:3]#[CH:4] to coordinates
INFO:root:Outputting coordinates in xyz format
INFO:root:Energy of [C:3]#[CH:4] is -4.577904248828 hartree
INFO:root:Converting [C:5]#[CH:6] to coordinates
INFO:root:Outputting coordinates in xyz format
INFO:root:Energy of [C:5]#[CH:6] is -4.577904248828 hartree
INFO:root:Converting [CH:7]#[CH:8] to coordinates
INFO:root:Outputting coordinates in xyz format
INFO:root:Energy of [CH:7]#[CH:8] is -5.206768795604 hartree
INFO:root:Converting [H:10][H:13] to coordinates
INFO:root:Outputting coordinates in xyz format
INFO:root:Energy of [H:10][H:13] is -0.982686168659 hartree
INFO:root:Converting [H:9][H:11] to coordinates
INFO:root:Outputting coordinates in xyz format
INFO:root:Energy of [H:9][H:11] is -0.982686168659 hartree
INFO:root:Converting [C:1]1#[C:2][C:3]#[C:4]1 to coordinates
INFO:root:Outputting coordinates in xyz format
INFO:root:Energy of [C:1]1#[C:2][C:3]#[C:4]1 is -8.13707641047 hartree
INFO:root:Converting [CH:5]#[CH:6] to coordinates
INFO:root:Outputting coordinates in xyz format
INFO:root:Energy of [CH:5]#[CH:6] is -5.206768795604 hartree
INFO:root:Converting [CH:7]#[CH:8] to coordinates
INFO:root:Outputting coordinates in xyz format
INFO:root:Energy of [CH:7]#[CH:8] is -5.206768795614 hartree
INFO:root:Converting [H:11][H:12] to coordinates
INFO:root:Outputting coordinates in xyz format
INFO:root:Energy of [H:11][H:12] is -0.982686168659 hartree
INFO:root:Converting [H:9][H:10] to coordinates
INFO:root:Outputting coordinates in xyz format
INFO:root:Energy of [H:9][H:10] is -0.982686168659 hartree
INFO:root:Converting [C:1](#[C-:2])[C:3]#[CH:4] to coordinates
INFO:root:Outputting coordinates in xyz format
INFO:root:Energy of [C:1](#[C-:2])[C:3]#[CH:4] is -9.04358554355 hartree
INFO:root:Converting [CH2:5]=[CH+:6] to coordinates
INFO:root:Outputting coordinates in xyz format
INFO:root:Energy of [CH2:5]=[CH+:6] is -5.200296729933 hartree
INFO:root:Converting [CH:7]#[CH:8] to coordinates
INFO:root:Outputting coordinates in xyz format
INFO:root:Energy of [CH:7]#[CH:8] is -5.206768795604 hartree
INFO:root:Converting [H:10][H:11] to coordinates
INFO:root:Outputting coordinates in xyz format
INFO:root:Energy of [H:10][H:11] is -0.982686168659 hartree
INFO:root:Converting [C:1](#[C:2][C:3]#[CH:4])[CH:5]=[CH2:6] to coordinates
INFO:root:Outputting coordinates in xyz format
INFO:root:Energy of [C:1](#[C:2][C:3]#[CH:4])[CH:5]=[CH2:6] is -14.713659673745 hartree
INFO:root:Converting [CH:7]#[CH:8] to coordinates
INFO:root:Outputting coordinates in xyz format
INFO:root:Energy of [CH:7]#[CH:8] is -5.206768795604 hartree
INFO:root:Converting [H:9][H:10] to coordinates
INFO:root:Outputting coordinates in xyz format
INFO:root:Energy of [H:9][H:10] is -0.982686168659 hartree
INFO:root:Converting [C:1](#[C-:2])[CH:3]=[CH+:4] to coordinates
INFO:root:Outputting coordinates in xyz format
INFO:root:Energy of [C:1](#[C-:2])[CH:3]=[CH+:4] is -9.322125462307 hartree
INFO:root:Converting [CH2:5]=[CH2:6] to coordinates
INFO:root:Outputting coordinates in xyz format
INFO:root:Energy of [CH2:5]=[CH2:6] is -6.27126052533 hartree
INFO:root:Converting [CH:7]#[CH:8] to coordinates
INFO:root:Outputting coordinates in xyz format
INFO:root:Energy of [CH:7]#[CH:8] is -5.206768795604 hartree
INFO:root:Converting [C:1](#[CH:2])[CH:6]=[CH:5][C:3]#[CH:4] to coordinates
INFO:root:Outputting coordinates in xyz format
INFO:root:Energy of [C:1](#[CH:2])[CH:6]=[CH:5][C:3]#[CH:4] is -14.708255897424 hartree
INFO:root:Converting [CH2:7]=[CH2:8] to coordinates
INFO:root:Outputting coordinates in xyz format
INFO:root:Energy of [CH2:7]=[CH2:8] is -6.27126052533 hartree
INFO:root:Converting [C:1](#[CH:2])[CH:6]=[CH:5][C:3]#[CH:4] to coordinates
INFO:root:Outputting coordinates in xyz format
INFO:root:Energy of [C:1](#[CH:2])[CH:6]=[CH:5][C:3]#[CH:4] is -14.708255897424 hartree
INFO:root:Converting [CH:7]#[CH:8] to coordinates
INFO:root:Outputting coordinates in xyz format
INFO:root:Energy of [CH:7]#[CH:8] is -5.206768795604 hartree
INFO:root:Outputting coordinates in xyz format
INFO:root:Energy of [H:11] is -0.393482763936 hartree
INFO:root:Outputting coordinates in xyz format
INFO:root:Energy of [H:9] is -0.393482763936 hartree
INFO:root:Converting [C:1]1#[C:2][CH:5]=[CH:6]1 to coordinates
INFO:root:Outputting coordinates in xyz format
INFO:root:Energy of [C:1]1#[C:2][CH:5]=[CH:6]1 is -9.332747826875 hartree
INFO:root:Converting [C:3]#[CH:4] to coordinates
INFO:root:Outputting coordinates in xyz format
INFO:root:Energy of [C:3]#[CH:4] is -4.577904248828 hartree
INFO:root:Converting [CH:7]#[CH:8] to coordinates
INFO:root:Outputting coordinates in xyz format
INFO:root:Energy of [CH:7]#[CH:8] is -5.206768795604 hartree
INFO:root:Converting [H:10][H:11] to coordinates
INFO:root:Outputting coordinates in xyz format
INFO:root:Energy of [H:10][H:11] is -0.982686168659 hartree
INFO:root:Outputting coordinates in xyz format
INFO:root:Energy of [H:9] is -0.393482763936 hartree
INFO:root:Converting [C:1](#[CH:2])[CH:6]=[CH2:5] to coordinates
INFO:root:Outputting coordinates in xyz format
INFO:root:Energy of [C:1](#[CH:2])[CH:6]=[CH2:5] is -10.489536673658 hartree
INFO:root:Converting [C:3]#[CH:4] to coordinates
INFO:root:Outputting coordinates in xyz format
INFO:root:Energy of [C:3]#[CH:4] is -4.577904248828 hartree
INFO:root:Converting [CH:7]#[CH:8] to coordinates
INFO:root:Outputting coordinates in xyz format
INFO:root:Energy of [CH:7]#[CH:8] is -5.206768795604 hartree
INFO:root:Outputting coordinates in xyz format
INFO:root:Energy of [H:9] is -0.393482763936 hartree
INFO:root:Converting [C:1](#[C:2][CH:5]=[CH2:6])[CH:4]=[CH2:3] to coordinates
INFO:root:Outputting coordinates in xyz format
INFO:root:Energy of [C:1](#[C:2][CH:5]=[CH2:6])[CH:4]=[CH2:3] is -15.774019123559 hartree
INFO:root:Converting [CH:7]#[CH:8] to coordinates
INFO:root:Outputting coordinates in xyz format
INFO:root:Energy of [CH:7]#[CH:8] is -5.206768795604 hartree
INFO:root:Converting [C:1](#[CH:2])[C:3]#[CH:4] to coordinates
INFO:root:Outputting coordinates in xyz format
INFO:root:Energy of [C:1](#[CH:2])[C:3]#[CH:4] is -9.428525601221 hartree
INFO:root:Converting [C:5](#[CH:6])[C:7]#[CH:8] to coordinates
INFO:root:Outputting coordinates in xyz format
INFO:root:Energy of [C:5](#[CH:6])[C:7]#[CH:8] is -9.428525601222 hartree
INFO:root:Converting [H:11][H:13] to coordinates
INFO:root:Outputting coordinates in xyz format
INFO:root:Energy of [H:11][H:13] is -0.982686168659 hartree
INFO:root:Converting [H:9][H:15] to coordinates
INFO:root:Outputting coordinates in xyz format
INFO:root:Energy of [H:9][H:15] is -0.982686168659 hartree
INFO:root:Converting [C:1]#[CH:2] to coordinates
INFO:root:Outputting coordinates in xyz format
INFO:root:Energy of [C:1]#[CH:2] is -4.577904248828 hartree
INFO:root:Converting [CH:3]=[CH2:4] to coordinates
INFO:root:Outputting coordinates in xyz format
INFO:root:Energy of [CH:3]=[CH2:4] is -5.662475739084 hartree
INFO:root:Converting [CH:5]#[CH:6] to coordinates
INFO:root:Outputting coordinates in xyz format
INFO:root:Energy of [CH:5]#[CH:6] is -5.206768795604 hartree
INFO:root:Converting [CH:7]#[CH:8] to coordinates
INFO:root:Outputting coordinates in xyz format
INFO:root:Energy of [CH:7]#[CH:8] is -5.206768795614 hartree
INFO:root:Converting [C:1]#[CH:2] to coordinates
INFO:root:Outputting coordinates in xyz format
INFO:root:Energy of [C:1]#[CH:2] is -4.577904248828 hartree
INFO:root:Converting [C:3](#[CH:4])[CH:6]=[CH:5][CH:8]=[CH:7] to coordinates
INFO:root:Outputting coordinates in xyz format
INFO:root:Energy of [C:3](#[CH:4])[CH:6]=[CH:5][CH:8]=[CH:7] is -15.160397397873 hartree
INFO:root:Converting [H:9][H:11] to coordinates
INFO:root:Outputting coordinates in xyz format
INFO:root:Energy of [H:9][H:11] is -0.982686168659 hartree
INFO:root:Converting [CH-:5]=[CH2:6] to coordinates
INFO:root:Outputting coordinates in xyz format
INFO:root:Energy of [CH-:5]=[CH2:6] is -5.837891296108 hartree
INFO:root:Converting [C:1](#[CH:2])[C:3]#[CH:4] to coordinates
INFO:root:Outputting coordinates in xyz format
INFO:root:Energy of [C:1](#[CH:2])[C:3]#[CH:4] is -9.428525601221 hartree
INFO:root:Converting [CH:7]#[CH:8] to coordinates
INFO:root:Outputting coordinates in xyz format
INFO:root:Energy of [CH:7]#[CH:8] is -5.206768795604 hartree
INFO:root:Outputting coordinates in xyz format
INFO:root:Energy of [H+:9] is 0.229552166667 hartree
INFO:root:Converting [C-:1]#[CH:2] to coordinates
INFO:root:Outputting coordinates in xyz format
INFO:root:Energy of [C-:1]#[CH:2] is -4.791036646911 hartree
INFO:root:Converting [CH:3](=[CH+:4])[CH:6]=[CH2:5] to coordinates
INFO:root:Outputting coordinates in xyz format
INFO:root:Energy of [CH:3](=[CH+:4])[CH:6]=[CH2:5] is -10.493652981065 hartree
INFO:root:Converting [CH:7]#[CH:8] to coordinates
INFO:root:Outputting coordinates in xyz format
INFO:root:Energy of [CH:7]#[CH:8] is -5.206768795604 hartree
INFO:root:Converting [C-:1]#[CH:2] to coordinates
INFO:root:Outputting coordinates in xyz format
INFO:root:Energy of [C-:1]#[CH:2] is -4.791036646911 hartree
INFO:root:Converting [C:3](#[CH:4])[CH:8]=[CH:7][C:5]#[CH:6] to coordinates
INFO:root:Outputting coordinates in xyz format
INFO:root:Energy of [C:3](#[CH:4])[CH:8]=[CH:7][C:5]#[CH:6] is -14.708255897424 hartree
INFO:root:Outputting coordinates in xyz format
INFO:root:Energy of [H+:13] is 0.229552166667 hartree
INFO:root:Converting [H:9][H:11] to coordinates
INFO:root:Outputting coordinates in xyz format
INFO:root:Energy of [H:9][H:11] is -0.982686168659 hartree
INFO:root:Converting [C:1](#[CH:2])[C:3]#[CH:4] to coordinates
INFO:root:Outputting coordinates in xyz format
INFO:root:Energy of [C:1](#[CH:2])[C:3]#[CH:4] is -9.428525601221 hartree
INFO:root:Converting [CH:5]#[CH:6] to coordinates
INFO:root:Outputting coordinates in xyz format
INFO:root:Energy of [CH:5]#[CH:6] is -5.206768795604 hartree
INFO:root:Converting [CH:7]#[CH:8] to coordinates
INFO:root:Outputting coordinates in xyz format
INFO:root:Energy of [CH:7]#[CH:8] is -5.206768795614 hartree
INFO:root:Outputting coordinates in xyz format
INFO:root:Energy of [H:11] is -0.393482763936 hartree
INFO:root:Outputting coordinates in xyz format
INFO:root:Energy of [H:9] is -0.393482763936 hartree
INFO:root:Converting [C:1](#[CH:2])[CH:6]=[CH2:5] to coordinates
INFO:root:Outputting coordinates in xyz format
INFO:root:Energy of [C:1](#[CH:2])[CH:6]=[CH2:5] is -10.489536673658 hartree
INFO:root:Converting [C:3](#[CH:4])[CH:7]=[CH-:8] to coordinates
INFO:root:Outputting coordinates in xyz format
INFO:root:Energy of [C:3](#[CH:4])[CH:7]=[CH-:8] is -10.074284095219 hartree
INFO:root:Outputting coordinates in xyz format
INFO:root:Energy of [H+:9] is 0.229552166667 hartree
INFO:root:Converting [CH+:5]=[CH2:6] to coordinates
INFO:root:Outputting coordinates in xyz format
INFO:root:Energy of [CH+:5]=[CH2:6] is -5.200297757426 hartree
INFO:root:Converting [C-:3]#[CH:4] to coordinates
INFO:root:Outputting coordinates in xyz format
INFO:root:Energy of [C-:3]#[CH:4] is -4.791036646911 hartree
INFO:root:Converting [C:1]#[C:2] to coordinates
INFO:root:Outputting coordinates in xyz format
INFO:root:Energy of [C:1]#[C:2] is -3.94884651587 hartree
INFO:root:Converting [CH:7]#[CH:8] to coordinates
INFO:root:Outputting coordinates in xyz format
INFO:root:Energy of [CH:7]#[CH:8] is -5.206768795604 hartree
INFO:root:Converting [H:10][H:11] to coordinates
INFO:root:Outputting coordinates in xyz format
INFO:root:Energy of [H:10][H:11] is -0.982686168659 hartree
INFO:root:Converting [C:1]#[C:2] to coordinates
INFO:root:Outputting coordinates in xyz format
INFO:root:Energy of [C:1]#[C:2] is -3.94884651587 hartree
INFO:root:Converting [C:3]#[CH:4] to coordinates
INFO:root:Outputting coordinates in xyz format
INFO:root:Energy of [C:3]#[CH:4] is -4.577904248828 hartree
INFO:root:Converting [CH:5]#[CH:6] to coordinates
INFO:root:Outputting coordinates in xyz format
INFO:root:Energy of [CH:5]#[CH:6] is -5.206768795604 hartree
INFO:root:Converting [CH:7]#[CH:8] to coordinates
INFO:root:Outputting coordinates in xyz format
INFO:root:Energy of [CH:7]#[CH:8] is -5.206768795614 hartree
INFO:root:Converting [H:10][H:11] to coordinates
INFO:root:Outputting coordinates in xyz format
INFO:root:Energy of [H:10][H:11] is -0.982686168659 hartree
INFO:root:Outputting coordinates in xyz format
INFO:root:Energy of [H:9] is -0.393482763936 hartree
INFO:root:Converting [C-:5]#[CH:6] to coordinates
INFO:root:Outputting coordinates in xyz format
INFO:root:Energy of [C-:5]#[CH:6] is -4.791036646911 hartree
INFO:root:Converting [C:1](#[CH:2])[C:3]#[CH:4] to coordinates
INFO:root:Outputting coordinates in xyz format
INFO:root:Energy of [C:1](#[CH:2])[C:3]#[CH:4] is -9.428525601221 hartree
INFO:root:Converting [CH:7]#[CH:8] to coordinates
INFO:root:Outputting coordinates in xyz format
INFO:root:Energy of [CH:7]#[CH:8] is -5.206768795604 hartree
INFO:root:Outputting coordinates in xyz format
INFO:root:Energy of [H+:9] is 0.229552166667 hartree
INFO:root:Converting [H:11][H:13] to coordinates
INFO:root:Outputting coordinates in xyz format
INFO:root:Energy of [H:11][H:13] is -0.982686168659 hartree
INFO:root:Converting [C+:1]#[CH:2] to coordinates
INFO:root:Outputting coordinates in xyz format
INFO:root:Energy of [C+:1]#[CH:2] is -3.987950318802 hartree
INFO:root:Converting [C:3](#[CH:4])[CH:6]=[CH-:5] to coordinates
INFO:root:Outputting coordinates in xyz format
INFO:root:Energy of [C:3](#[CH:4])[CH:6]=[CH-:5] is -10.074284095219 hartree
INFO:root:Converting [CH:7]#[CH:8] to coordinates
INFO:root:Outputting coordinates in xyz format
INFO:root:Energy of [CH:7]#[CH:8] is -5.206768795604 hartree
INFO:root:Converting [H:9][H:11] to coordinates
INFO:root:Outputting coordinates in xyz format
INFO:root:Energy of [H:9][H:11] is -0.982686168659 hartree
INFO:root:Converting [C:1](#[CH:2])[CH:3]=[CH:4] to coordinates
INFO:root:Outputting coordinates in xyz format
INFO:root:Energy of [C:1](#[CH:2])[CH:3]=[CH:4] is -9.87776402236 hartree
INFO:root:Converting [CH:5]#[CH:6] to coordinates
INFO:root:Outputting coordinates in xyz format
INFO:root:Energy of [CH:5]#[CH:6] is -5.206768795604 hartree
INFO:root:Converting [CH:7]#[CH:8] to coordinates
INFO:root:Outputting coordinates in xyz format
INFO:root:Energy of [CH:7]#[CH:8] is -5.206768795614 hartree
INFO:root:Outputting coordinates in xyz format
INFO:root:Energy of [H:9] is -0.393482763936 hartree
INFO:root:Converting [CH-:5]=[CH2:6] to coordinates
INFO:root:Outputting coordinates in xyz format
INFO:root:Energy of [CH-:5]=[CH2:6] is -5.837891296108 hartree
INFO:root:Converting [C:1]1#[C:2][CH:3]=[CH:4]1 to coordinates
INFO:root:Outputting coordinates in xyz format
INFO:root:Energy of [C:1]1#[C:2][CH:3]=[CH:4]1 is -9.332747826875 hartree
INFO:root:Converting [CH:7]#[CH:8] to coordinates
INFO:root:Outputting coordinates in xyz format
INFO:root:Energy of [CH:7]#[CH:8] is -5.206768795604 hartree
INFO:root:Outputting coordinates in xyz format
INFO:root:Energy of [H+:9] is 0.229552166667 hartree
INFO:root:Converting [C-:3]#[CH:4] to coordinates
INFO:root:Outputting coordinates in xyz format
INFO:root:Energy of [C-:3]#[CH:4] is -4.791036646911 hartree
INFO:root:Converting [C:1](#[CH:2])[CH:7]=[CH:8][CH:6]=[CH+:5] to coordinates
INFO:root:Outputting coordinates in xyz format
INFO:root:Energy of [C:1](#[CH:2])[CH:7]=[CH:8][CH:6]=[CH+:5] is -14.774054042537 hartree
INFO:root:Converting [H:9][H:11] to coordinates
INFO:root:Outputting coordinates in xyz format
INFO:root:Energy of [H:9][H:11] is -0.982686168659 hartree
INFO:root:Converting [C:1]#[C:2][CH:6]=[CH2:5] to coordinates
INFO:root:Outputting coordinates in xyz format
INFO:root:Energy of [C:1]#[C:2][CH:6]=[CH2:5] is -9.862415755579 hartree
INFO:root:Converting [C:3]#[CH:4] to coordinates
INFO:root:Outputting coordinates in xyz format
INFO:root:Energy of [C:3]#[CH:4] is -4.577904248828 hartree
INFO:root:Converting [CH:7]#[CH:8] to coordinates
INFO:root:Outputting coordinates in xyz format
INFO:root:Energy of [CH:7]#[CH:8] is -5.206768795604 hartree
INFO:root:Converting [H:9][H:10] to coordinates
INFO:root:Outputting coordinates in xyz format
INFO:root:Energy of [H:9][H:10] is -0.982686168659 hartree
INFO:root:Converting [C+:1]#[C:2][CH:4]=[CH2:3] to coordinates
INFO:root:Outputting coordinates in xyz format
INFO:root:Energy of [C+:1]#[C:2][CH:4]=[CH2:3] is -9.341980986609 hartree
INFO:root:Converting [CH-:5]=[CH2:6] to coordinates
INFO:root:Outputting coordinates in xyz format
INFO:root:Energy of [CH-:5]=[CH2:6] is -5.837891296108 hartree
INFO:root:Converting [CH:7]#[CH:8] to coordinates
INFO:root:Outputting coordinates in xyz format
INFO:root:Energy of [CH:7]#[CH:8] is -5.206768795604 hartree
INFO:root:Converting [CH+:1]=[CH:2][CH:4]=[CH:3][CH:6]=[CH-:5] to coordinates
INFO:root:Outputting coordinates in xyz format
INFO:root:Energy of [CH+:1]=[CH:2][CH:4]=[CH:3][CH:6]=[CH-:5] is -15.619256763731 hartree
INFO:root:Converting [CH:7]#[CH:8] to coordinates
INFO:root:Outputting coordinates in xyz format
INFO:root:Energy of [CH:7]#[CH:8] is -5.206768795604 hartree
INFO:root:Converting [C:1]#[C:2] to coordinates
INFO:root:Outputting coordinates in xyz format
INFO:root:Energy of [C:1]#[C:2] is -3.94884651587 hartree
INFO:root:Converting [C:3](#[CH:4])[C:5]#[CH:6] to coordinates
INFO:root:Outputting coordinates in xyz format
INFO:root:Energy of [C:3](#[CH:4])[C:5]#[CH:6] is -9.428525601221 hartree
INFO:root:Converting [CH:7]#[CH:8] to coordinates
INFO:root:Outputting coordinates in xyz format
INFO:root:Energy of [CH:7]#[CH:8] is -5.206768795604 hartree
INFO:root:Converting [H:10][H:11] to coordinates
INFO:root:Outputting coordinates in xyz format
INFO:root:Energy of [H:10][H:11] is -0.982686168659 hartree
INFO:root:Converting [H:9][H:13] to coordinates
INFO:root:Outputting coordinates in xyz format
INFO:root:Energy of [H:9][H:13] is -0.982686168659 hartree
INFO:root:Converting [C:1](#[CH:2])[C:3]#[CH:4] to coordinates
INFO:root:Outputting coordinates in xyz format
INFO:root:Energy of [C:1](#[CH:2])[C:3]#[CH:4] is -9.428525601221 hartree
INFO:root:Converting [CH2:5]=[CH2:6] to coordinates
INFO:root:Outputting coordinates in xyz format
INFO:root:Energy of [CH2:5]=[CH2:6] is -6.27126052533 hartree
INFO:root:Converting [CH:7]#[CH:8] to coordinates
INFO:root:Outputting coordinates in xyz format
INFO:root:Energy of [CH:7]#[CH:8] is -5.206768795604 hartree
INFO:root:Converting [C+:1]#[C:2][CH:6]=[CH2:5] to coordinates
INFO:root:Outputting coordinates in xyz format
INFO:root:Energy of [C+:1]#[C:2][CH:6]=[CH2:5] is -9.341980986609 hartree
INFO:root:Converting [C-:3]#[CH:4] to coordinates
INFO:root:Outputting coordinates in xyz format
INFO:root:Energy of [C-:3]#[CH:4] is -4.791036646911 hartree
INFO:root:Converting [CH:7]#[CH:8] to coordinates
INFO:root:Outputting coordinates in xyz format
INFO:root:Energy of [CH:7]#[CH:8] is -5.206768795604 hartree
INFO:root:Converting [H:9][H:10] to coordinates
INFO:root:Outputting coordinates in xyz format
INFO:root:Energy of [H:9][H:10] is -0.982686168659 hartree
INFO:root:Converting [C:1]#[C:2] to coordinates
INFO:root:Outputting coordinates in xyz format
INFO:root:Energy of [C:1]#[C:2] is -3.94884651587 hartree
INFO:root:Converting [CH:3]#[CH:4] to coordinates
INFO:root:Outputting coordinates in xyz format
INFO:root:Energy of [CH:3]#[CH:4] is -5.206768795604 hartree
INFO:root:Converting [CH:5]#[CH:6] to coordinates
INFO:root:Outputting coordinates in xyz format
INFO:root:Energy of [CH:5]#[CH:6] is -5.206768795614 hartree
INFO:root:Converting [CH:7]#[CH:8] to coordinates
INFO:root:Outputting coordinates in xyz format
INFO:root:Energy of [CH:7]#[CH:8] is -5.206768795614 hartree
INFO:root:Outputting coordinates in xyz format
INFO:root:Energy of [H+:9] is 0.229552166667 hartree
INFO:root:Outputting coordinates in xyz format
INFO:root:Energy of [H-:10] is -0.610746694539 hartree
INFO:root:Converting [C:1](#[CH:2])[CH:4]=[CH:3][CH:6]=[CH:5][CH:8]=[CH:7] to coordinates
INFO:root:Outputting coordinates in xyz format
INFO:root:Energy of [C:1](#[CH:2])[CH:4]=[CH:3][CH:6]=[CH:5][CH:8]=[CH:7] is -20.444449486782 hartree
INFO:root:Outputting coordinates in xyz format
INFO:root:Energy of [H:9] is -0.393482763936 hartree
INFO:root:Converting [C:1]#[CH:2] to coordinates
INFO:root:Outputting coordinates in xyz format
INFO:root:Energy of [C:1]#[CH:2] is -4.577904248828 hartree
INFO:root:Converting [C:3]#[CH:4] to coordinates
INFO:root:Outputting coordinates in xyz format
INFO:root:Energy of [C:3]#[CH:4] is -4.577904248828 hartree
INFO:root:Converting [CH:5]#[CH:6] to coordinates
INFO:root:Outputting coordinates in xyz format
INFO:root:Energy of [CH:5]#[CH:6] is -5.206768795604 hartree
INFO:root:Converting [CH:7]#[CH:8] to coordinates
INFO:root:Outputting coordinates in xyz format
INFO:root:Energy of [CH:7]#[CH:8] is -5.206768795614 hartree
INFO:root:Converting [H:9][H:11] to coordinates
INFO:root:Outputting coordinates in xyz format
INFO:root:Energy of [H:9][H:11] is -0.982686168659 hartree
INFO:root:Converting [C:1](#[CH:2])[CH:6]=[CH:5][CH:8]=[CH2:7] to coordinates
INFO:root:Outputting coordinates in xyz format
INFO:root:Energy of [C:1](#[CH:2])[CH:6]=[CH:5][CH:8]=[CH2:7] is -15.769864852589 hartree
INFO:root:Converting [C:3]#[CH:4] to coordinates
INFO:root:Outputting coordinates in xyz format
INFO:root:Energy of [C:3]#[CH:4] is -4.577904248828 hartree
INFO:root:Outputting coordinates in xyz format
INFO:root:Energy of [H:9] is -0.393482763936 hartree
INFO:root:Converting [C:1](#[CH:2])[CH:5]=[CH:6][CH:8]=[CH:7] to coordinates
INFO:root:Outputting coordinates in xyz format
INFO:root:Energy of [C:1](#[CH:2])[CH:5]=[CH:6][CH:8]=[CH:7] is -15.160397397873 hartree
INFO:root:Converting [CH:3]=[CH2:4] to coordinates
INFO:root:Outputting coordinates in xyz format
INFO:root:Energy of [CH:3]=[CH2:4] is -5.662475739084 hartree
INFO:root:Converting [C:1](#[C:2][CH:5]=[CH:6])[CH:4]=[CH2:3] to coordinates
INFO:root:Outputting coordinates in xyz format
INFO:root:Energy of [C:1](#[C:2][CH:5]=[CH:6])[CH:4]=[CH2:3] is -15.162562710346 hartree
INFO:root:Converting [CH:7]#[CH:8] to coordinates
INFO:root:Outputting coordinates in xyz format
INFO:root:Energy of [CH:7]#[CH:8] is -5.206768795604 hartree
INFO:root:Outputting coordinates in xyz format
INFO:root:Energy of [H:9] is -0.393482763936 hartree
INFO:root:Converting [C:1](#[CH:2])[C:3]#[CH:4] to coordinates
INFO:root:Outputting coordinates in xyz format
INFO:root:Energy of [C:1](#[CH:2])[C:3]#[CH:4] is -9.428525601221 hartree
INFO:root:Converting [CH:5]#[CH:6] to coordinates
INFO:root:Outputting coordinates in xyz format
INFO:root:Energy of [CH:5]#[CH:6] is -5.206768795604 hartree
INFO:root:Converting [CH:7]#[CH:8] to coordinates
INFO:root:Outputting coordinates in xyz format
INFO:root:Energy of [CH:7]#[CH:8] is -5.206768795614 hartree
INFO:root:Outputting coordinates in xyz format
INFO:root:Energy of [H+:9] is 0.229552166667 hartree
INFO:root:Outputting coordinates in xyz format
INFO:root:Energy of [H-:11] is -0.610746694539 hartree
INFO:root:Converting [cH:1]1[cH:2][cH:4][cH:3][cH:6][cH:5]1 to coordinates
INFO:root:Outputting coordinates in xyz format
INFO:root:Energy of [cH:1]1[cH:2][cH:4][cH:3][cH:6][cH:5]1 is -15.879640277421 hartree
INFO:root:Converting [CH:7]#[CH:8] to coordinates
INFO:root:Outputting coordinates in xyz format
INFO:root:Energy of [CH:7]#[CH:8] is -5.206768795604 hartree
INFO:root:Converting [C:1]#[C:2][CH:4]=[CH:3][CH:6]=[CH:5] to coordinates
INFO:root:Outputting coordinates in xyz format
INFO:root:Energy of [C:1]#[C:2][CH:4]=[CH:3][CH:6]=[CH:5] is -14.534543132036 hartree
INFO:root:Converting [CH:7]#[CH:8] to coordinates
INFO:root:Outputting coordinates in xyz format
INFO:root:Energy of [CH:7]#[CH:8] is -5.206768795604 hartree
INFO:root:Converting [H:9][H:10] to coordinates
INFO:root:Outputting coordinates in xyz format
INFO:root:Energy of [H:9][H:10] is -0.982686168659 hartree
INFO:root:Converting [C:1]#[C:2] to coordinates
INFO:root:Outputting coordinates in xyz format
INFO:root:Energy of [C:1]#[C:2] is -3.94884651587 hartree
INFO:root:Converting [C:3]#[C:4] to coordinates
INFO:root:Outputting coordinates in xyz format
INFO:root:Energy of [C:3]#[C:4] is -3.94884651587 hartree
INFO:root:Converting [CH:5]#[CH:6] to coordinates
INFO:root:Outputting coordinates in xyz format
INFO:root:Energy of [CH:5]#[CH:6] is -5.206768795604 hartree
INFO:root:Converting [CH:7]#[CH:8] to coordinates
INFO:root:Outputting coordinates in xyz format
INFO:root:Energy of [CH:7]#[CH:8] is -5.206768795614 hartree
INFO:root:Outputting coordinates in xyz format
INFO:root:Energy of [H+:9] is 0.229552166667 hartree
INFO:root:Outputting coordinates in xyz format
INFO:root:Energy of [H-:12] is -0.610746694539 hartree
INFO:root:Converting [H:10][H:11] to coordinates
INFO:root:Outputting coordinates in xyz format
INFO:root:Energy of [H:10][H:11] is -0.982686168659 hartree
INFO:root:Converting [C:1](#[CH:2])[C:3]#[CH:4] to coordinates
INFO:root:Outputting coordinates in xyz format
INFO:root:Energy of [C:1](#[CH:2])[C:3]#[CH:4] is -9.428525601221 hartree
INFO:root:Converting [C:5](#[CH:6])[CH:7]=[CH2:8] to coordinates
INFO:root:Outputting coordinates in xyz format
INFO:root:Energy of [C:5](#[CH:6])[CH:7]=[CH2:8] is -10.489536673658 hartree
INFO:root:Converting [H:11][H:13] to coordinates
INFO:root:Outputting coordinates in xyz format
INFO:root:Energy of [H:11][H:13] is -0.982686168659 hartree
INFO:root:Converting [C-:3]#[CH:4] to coordinates
INFO:root:Outputting coordinates in xyz format
INFO:root:Energy of [C-:3]#[CH:4] is -4.791036646911 hartree
INFO:root:Converting [C:1](#[CH:2])[CH:6]=[CH:5][CH:8]=[CH2:7] to coordinates
INFO:root:Outputting coordinates in xyz format
INFO:root:Energy of [C:1](#[CH:2])[CH:6]=[CH:5][CH:8]=[CH2:7] is -15.769864852589 hartree
INFO:root:Outputting coordinates in xyz format
INFO:root:Energy of [H+:9] is 0.229552166667 hartree
INFO:root:Converting [CH+:5]=[CH2:6] to coordinates
INFO:root:Outputting coordinates in xyz format
INFO:root:Energy of [CH+:5]=[CH2:6] is -5.200297757426 hartree
INFO:root:Converting [C:1](#[CH:2])[C:3]#[CH:4] to coordinates
INFO:root:Outputting coordinates in xyz format
INFO:root:Energy of [C:1](#[CH:2])[C:3]#[CH:4] is -9.428525601221 hartree
INFO:root:Converting [CH2:7]=[CH-:8] to coordinates
INFO:root:Outputting coordinates in xyz format
INFO:root:Energy of [CH2:7]=[CH-:8] is -5.837890985939 hartree
INFO:root:Converting [C:1]#[CH:2] to coordinates
INFO:root:Outputting coordinates in xyz format
INFO:root:Energy of [C:1]#[CH:2] is -4.577904248828 hartree
INFO:root:Converting [C:3]#[CH:4] to coordinates
INFO:root:Outputting coordinates in xyz format
INFO:root:Energy of [C:3]#[CH:4] is -4.577904248828 hartree
INFO:root:Converting [CH2:5]=[CH2:6] to coordinates
INFO:root:Outputting coordinates in xyz format
INFO:root:Energy of [CH2:5]=[CH2:6] is -6.27126052533 hartree
INFO:root:Converting [CH:7]#[CH:8] to coordinates
INFO:root:Outputting coordinates in xyz format
INFO:root:Energy of [CH:7]#[CH:8] is -5.206768795604 hartree
INFO:root:Converting [C:1]#[C:2] to coordinates
INFO:root:Outputting coordinates in xyz format
INFO:root:Energy of [C:1]#[C:2] is -3.94884651587 hartree
INFO:root:Converting [CH:3]=[CH2:4] to coordinates
INFO:root:Outputting coordinates in xyz format
INFO:root:Energy of [CH:3]=[CH2:4] is -5.662475739084 hartree
INFO:root:Converting [CH2:5]=[CH:6] to coordinates
INFO:root:Outputting coordinates in xyz format
INFO:root:Energy of [CH2:5]=[CH:6] is -5.662475720322 hartree
INFO:root:Converting [CH:7]#[CH:8] to coordinates
INFO:root:Outputting coordinates in xyz format
INFO:root:Energy of [CH:7]#[CH:8] is -5.206768795604 hartree
INFO:root:Converting [C:1](#[CH:2])[C:3]#[CH:4] to coordinates
INFO:root:Outputting coordinates in xyz format
INFO:root:Energy of [C:1](#[CH:2])[C:3]#[CH:4] is -9.428525601221 hartree
INFO:root:Converting [C:5](#[CH:6])[C:7]#[CH:8] to coordinates
INFO:root:Outputting coordinates in xyz format
INFO:root:Energy of [C:5](#[CH:6])[C:7]#[CH:8] is -9.428525601222 hartree
INFO:root:Outputting coordinates in xyz format
INFO:root:Energy of [H+:9] is 0.229552166667 hartree
INFO:root:Outputting coordinates in xyz format
INFO:root:Energy of [H-:15] is -0.610746694539 hartree
INFO:root:Converting [H:11][H:13] to coordinates
INFO:root:Outputting coordinates in xyz format
INFO:root:Energy of [H:11][H:13] is -0.982686168659 hartree
INFO:root:Converting [C:1](#[C:2][CH:5]=[CH2:6])[C:3]#[CH:4] to coordinates
INFO:root:Outputting coordinates in xyz format
INFO:root:Energy of [C:1](#[C:2][CH:5]=[CH2:6])[C:3]#[CH:4] is -14.713658104963 hartree
INFO:root:Converting [CH:7]#[CH:8] to coordinates
INFO:root:Outputting coordinates in xyz format
INFO:root:Energy of [CH:7]#[CH:8] is -5.206768795604 hartree
INFO:root:Outputting coordinates in xyz format
INFO:root:Energy of [H+:9] is 0.229552166667 hartree
INFO:root:Outputting coordinates in xyz format
INFO:root:Energy of [H-:10] is -0.610746694539 hartree
INFO:root:Converting [C:1](#[CH:2])[C:3]#[CH:4] to coordinates
INFO:root:Outputting coordinates in xyz format
INFO:root:Energy of [C:1](#[CH:2])[C:3]#[CH:4] is -9.428525601221 hartree
INFO:root:Converting [C:5](#[CH:6])[CH:7]=[CH:8] to coordinates
INFO:root:Outputting coordinates in xyz format
INFO:root:Energy of [C:5](#[CH:6])[CH:7]=[CH:8] is -9.87776402236 hartree
INFO:root:Converting [H:11][H:13] to coordinates
INFO:root:Outputting coordinates in xyz format
INFO:root:Energy of [H:11][H:13] is -0.982686168659 hartree
INFO:root:Outputting coordinates in xyz format
INFO:root:Energy of [H:9] is -0.393482763936 hartree
INFO:root:Converting [C:1]#[C:2][CH:5]=[CH:6] to coordinates
INFO:root:Outputting coordinates in xyz format
INFO:root:Energy of [C:1]#[C:2][CH:5]=[CH:6] is -9.248499675456 hartree
INFO:root:Converting [CH2:3]=[CH2:4] to coordinates
INFO:root:Outputting coordinates in xyz format
INFO:root:Energy of [CH2:3]=[CH2:4] is -6.27126052533 hartree
INFO:root:Converting [CH:7]#[CH:8] to coordinates
INFO:root:Outputting coordinates in xyz format
INFO:root:Energy of [CH:7]#[CH:8] is -5.206768795604 hartree
INFO:root:Converting [C+:3]#[CH:4] to coordinates
INFO:root:Outputting coordinates in xyz format
INFO:root:Energy of [C+:3]#[CH:4] is -3.987950318802 hartree
INFO:root:Converting [C:1](#[C-:2])[CH:6]=[CH2:5] to coordinates
INFO:root:Outputting coordinates in xyz format
INFO:root:Energy of [C:1](#[C-:2])[CH:6]=[CH2:5] is -10.100323965537 hartree
INFO:root:Converting [CH:7]#[CH:8] to coordinates
INFO:root:Outputting coordinates in xyz format
INFO:root:Energy of [CH:7]#[CH:8] is -5.206768795604 hartree
INFO:root:Converting [H:9][H:11] to coordinates
INFO:root:Outputting coordinates in xyz format
INFO:root:Energy of [H:9][H:11] is -0.982686168659 hartree
INFO:root:Converting [C:1](#[CH:2])[CH:4]=[CH:3] to coordinates
INFO:root:Outputting coordinates in xyz format
INFO:root:Energy of [C:1](#[CH:2])[CH:4]=[CH:3] is -9.87776402236 hartree
INFO:root:Converting [CH:5]=[CH2:6] to coordinates
INFO:root:Outputting coordinates in xyz format
INFO:root:Energy of [CH:5]=[CH2:6] is -5.662475739084 hartree
INFO:root:Converting [CH:7]#[CH:8] to coordinates
INFO:root:Outputting coordinates in xyz format
INFO:root:Energy of [CH:7]#[CH:8] is -5.206768795604 hartree
INFO:root:Converting [C:1]#[C:2] to coordinates
INFO:root:Outputting coordinates in xyz format
INFO:root:Energy of [C:1]#[C:2] is -3.94884651587 hartree
INFO:root:Converting [CH:3](=[CH2:4])[CH:6]=[CH:5] to coordinates
INFO:root:Outputting coordinates in xyz format
INFO:root:Energy of [CH:3](=[CH2:4])[CH:6]=[CH:5] is -10.942339404615 hartree
INFO:root:Converting [CH:7]#[CH:8] to coordinates
INFO:root:Outputting coordinates in xyz format
INFO:root:Energy of [CH:7]#[CH:8] is -5.206768795604 hartree
INFO:root:Outputting coordinates in xyz format
INFO:root:Energy of [H:9] is -0.393482763936 hartree
INFO:root:Converting [C:1](#[C:2][C:5]#[CH:6])[C:3]#[CH:4] to coordinates
INFO:root:Outputting coordinates in xyz format
INFO:root:Energy of [C:1](#[C:2][C:5]#[CH:6])[C:3]#[CH:4] is -13.653525951673 hartree
INFO:root:Converting [CH:7]#[CH:8] to coordinates
INFO:root:Outputting coordinates in xyz format
INFO:root:Energy of [CH:7]#[CH:8] is -5.206768795604 hartree
INFO:root:Outputting coordinates in xyz format
INFO:root:Energy of [H+:9] is 0.229552166667 hartree
INFO:root:Outputting coordinates in xyz format
INFO:root:Energy of [H-:13] is -0.610746694539 hartree
INFO:root:Converting [H:10][H:11] to coordinates
INFO:root:Outputting coordinates in xyz format
INFO:root:Energy of [H:10][H:11] is -0.982686168659 hartree
INFO:root:Converting [CH:1]=[CH:2][CH:4]=[CH:3][CH:6]=[CH:5][CH:8]=[CH:7] to coordinates
INFO:root:Outputting coordinates in xyz format
INFO:root:Energy of [CH:1]=[CH:2][CH:4]=[CH:3][CH:6]=[CH:5][CH:8]=[CH:7] is -20.894684009405 hartree
INFO:root:Converting [C:1](#[CH:2])[CH:3]=[CH2:4] to coordinates
INFO:root:Outputting coordinates in xyz format
INFO:root:Energy of [C:1](#[CH:2])[CH:3]=[CH2:4] is -10.489536673658 hartree
INFO:root:Converting [CH:5]#[CH:6] to coordinates
INFO:root:Outputting coordinates in xyz format
INFO:root:Energy of [CH:5]#[CH:6] is -5.206768795604 hartree
INFO:root:Converting [CH:7]#[CH:8] to coordinates
INFO:root:Outputting coordinates in xyz format
INFO:root:Energy of [CH:7]#[CH:8] is -5.206768795614 hartree
INFO:root:Converting [C+:1]#[C:2][CH:4]=[CH:3][CH:6]=[CH-:5] to coordinates
INFO:root:Outputting coordinates in xyz format
INFO:root:Energy of [C+:1]#[C:2][CH:4]=[CH:3][CH:6]=[CH-:5] is -14.624666993449 hartree
INFO:root:Converting [CH:7]#[CH:8] to coordinates
INFO:root:Outputting coordinates in xyz format
INFO:root:Energy of [CH:7]#[CH:8] is -5.206768795604 hartree
INFO:root:Converting [H:9][H:10] to coordinates
INFO:root:Outputting coordinates in xyz format
INFO:root:Energy of [H:9][H:10] is -0.982686168659 hartree
INFO:root:Converting [C:1]1#[C:2][CH:3]=[CH:4]1 to coordinates
INFO:root:Outputting coordinates in xyz format
INFO:root:Energy of [C:1]1#[C:2][CH:3]=[CH:4]1 is -9.332747826875 hartree
INFO:root:Converting [CH2:5]=[CH2:6] to coordinates
INFO:root:Outputting coordinates in xyz format
INFO:root:Energy of [CH2:5]=[CH2:6] is -6.27126052533 hartree
INFO:root:Converting [CH:7]#[CH:8] to coordinates
INFO:root:Outputting coordinates in xyz format
INFO:root:Energy of [CH:7]#[CH:8] is -5.206768795604 hartree
INFO:root:Converting [C:1]#[CH:2] to coordinates
INFO:root:Outputting coordinates in xyz format
INFO:root:Energy of [C:1]#[CH:2] is -4.577904248828 hartree
INFO:root:Converting [CH2:3]=[CH:4][CH:6]=[CH:5][CH:8]=[CH:7] to coordinates
INFO:root:Outputting coordinates in xyz format
INFO:root:Energy of [CH2:3]=[CH:4][CH:6]=[CH:5][CH:8]=[CH:7] is -16.223137637589 hartree
INFO:root:Converting [C+:1]#[CH:2] to coordinates
INFO:root:Outputting coordinates in xyz format
INFO:root:Energy of [C+:1]#[CH:2] is -3.987950318802 hartree
INFO:root:Converting [CH2:3]=[CH:4][CH:6]=[CH:5][CH:8]=[CH-:7] to coordinates
INFO:root:Outputting coordinates in xyz format
INFO:root:Energy of [CH2:3]=[CH:4][CH:6]=[CH:5][CH:8]=[CH-:7] is -16.434228724603 hartree
INFO:root:Converting [C:1]#[C:2] to coordinates
INFO:root:Outputting coordinates in xyz format
INFO:root:Energy of [C:1]#[C:2] is -3.94884651587 hartree
INFO:root:Converting [C:3](#[CH:4])[CH:5]=[CH2:6] to coordinates
INFO:root:Outputting coordinates in xyz format
INFO:root:Energy of [C:3](#[CH:4])[CH:5]=[CH2:6] is -10.489536673658 hartree
INFO:root:Converting [CH:7]#[CH:8] to coordinates
INFO:root:Outputting coordinates in xyz format
INFO:root:Energy of [CH:7]#[CH:8] is -5.206768795604 hartree
INFO:root:Outputting coordinates in xyz format
INFO:root:Energy of [H:11] is -0.393482763936 hartree
INFO:root:Outputting coordinates in xyz format
INFO:root:Energy of [H:9] is -0.393482763936 hartree
INFO:root:Converting [C:1]#[C:2] to coordinates
INFO:root:Outputting coordinates in xyz format
INFO:root:Energy of [C:1]#[C:2] is -3.94884651587 hartree
INFO:root:Converting [C:3]#[CH:4] to coordinates
INFO:root:Outputting coordinates in xyz format
INFO:root:Energy of [C:3]#[CH:4] is -4.577904248828 hartree
INFO:root:Converting [CH2:5]=[CH2:6] to coordinates
INFO:root:Outputting coordinates in xyz format
INFO:root:Energy of [CH2:5]=[CH2:6] is -6.27126052533 hartree
INFO:root:Converting [CH:7]#[CH:8] to coordinates
INFO:root:Outputting coordinates in xyz format
INFO:root:Energy of [CH:7]#[CH:8] is -5.206768795604 hartree
INFO:root:Outputting coordinates in xyz format
INFO:root:Energy of [H:9] is -0.393482763936 hartree
INFO:root:Converting [C:1]#[C:2][CH:4]=[CH2:3] to coordinates
INFO:root:Outputting coordinates in xyz format
INFO:root:Energy of [C:1]#[C:2][CH:4]=[CH2:3] is -9.862415755579 hartree
INFO:root:Converting [CH:5]=[CH2:6] to coordinates
INFO:root:Outputting coordinates in xyz format
INFO:root:Energy of [CH:5]=[CH2:6] is -5.662475739084 hartree
INFO:root:Converting [CH:7]#[CH:8] to coordinates
INFO:root:Outputting coordinates in xyz format
INFO:root:Energy of [CH:7]#[CH:8] is -5.206768795604 hartree
INFO:root:Converting [C-:3]#[CH:4] to coordinates
INFO:root:Outputting coordinates in xyz format
INFO:root:Energy of [C-:3]#[CH:4] is -4.791036646911 hartree
INFO:root:Converting [C:1](#[CH:2])[CH:6]=[CH2:5] to coordinates
INFO:root:Outputting coordinates in xyz format
INFO:root:Energy of [C:1](#[CH:2])[CH:6]=[CH2:5] is -10.489536673658 hartree
INFO:root:Converting [CH:7]#[CH:8] to coordinates
INFO:root:Outputting coordinates in xyz format
INFO:root:Energy of [CH:7]#[CH:8] is -5.206768795604 hartree
INFO:root:Outputting coordinates in xyz format
INFO:root:Energy of [H+:9] is 0.229552166667 hartree
INFO:root:Converting [C:1]1#[C:2][CH:3]=[CH:4]1 to coordinates
INFO:root:Outputting coordinates in xyz format
INFO:root:Energy of [C:1]1#[C:2][CH:3]=[CH:4]1 is -9.332747826875 hartree
INFO:root:Converting [CH:5]#[CH:6] to coordinates
INFO:root:Outputting coordinates in xyz format
INFO:root:Energy of [CH:5]#[CH:6] is -5.206768795604 hartree
INFO:root:Converting [CH:7]#[CH:8] to coordinates
INFO:root:Outputting coordinates in xyz format
INFO:root:Energy of [CH:7]#[CH:8] is -5.206768795614 hartree
INFO:root:Outputting coordinates in xyz format
INFO:root:Energy of [H:10] is -0.393482763936 hartree
INFO:root:Outputting coordinates in xyz format
INFO:root:Energy of [H:9] is -0.393482763936 hartree
INFO:root:Converting [C+:3]#[CH:4] to coordinates
INFO:root:Outputting coordinates in xyz format
INFO:root:Energy of [C+:3]#[CH:4] is -3.987950318802 hartree
INFO:root:Converting [C-:5]#[CH:6] to coordinates
INFO:root:Outputting coordinates in xyz format
INFO:root:Energy of [C-:5]#[CH:6] is -4.791036646911 hartree
INFO:root:Converting [C:1]#[C:2] to coordinates
INFO:root:Outputting coordinates in xyz format
INFO:root:Energy of [C:1]#[C:2] is -3.94884651587 hartree
INFO:root:Converting [CH:7]#[CH:8] to coordinates
INFO:root:Outputting coordinates in xyz format
INFO:root:Energy of [CH:7]#[CH:8] is -5.206768795604 hartree
INFO:root:Converting [H:10][H:13] to coordinates
INFO:root:Outputting coordinates in xyz format
INFO:root:Energy of [H:10][H:13] is -0.982686168659 hartree
INFO:root:Converting [H:9][H:11] to coordinates
INFO:root:Outputting coordinates in xyz format
INFO:root:Energy of [H:9][H:11] is -0.982686168659 hartree
INFO:root:Converting [C:1]#[C:2] to coordinates
INFO:root:Outputting coordinates in xyz format
INFO:root:Energy of [C:1]#[C:2] is -3.94884651587 hartree
INFO:root:Converting [CH:3](=[CH2:4])[CH:6]=[CH2:5] to coordinates
INFO:root:Outputting coordinates in xyz format
INFO:root:Energy of [CH:3](=[CH2:4])[CH:6]=[CH2:5] is -11.55270129774 hartree
INFO:root:Converting [CH:7]#[CH:8] to coordinates
INFO:root:Outputting coordinates in xyz format
INFO:root:Energy of [CH:7]#[CH:8] is -5.206768795604 hartree
INFO:root:Converting [CH+:1]=[CH:2][CH:4]=[CH-:3] to coordinates
INFO:root:Outputting coordinates in xyz format
INFO:root:Energy of [CH+:1]=[CH:2][CH:4]=[CH-:3] is -10.415671197817 hartree
INFO:root:Converting [CH:5]#[CH:6] to coordinates
INFO:root:Outputting coordinates in xyz format
INFO:root:Energy of [CH:5]#[CH:6] is -5.206768795604 hartree
INFO:root:Converting [CH:7]#[CH:8] to coordinates
INFO:root:Outputting coordinates in xyz format
INFO:root:Energy of [CH:7]#[CH:8] is -5.206768795614 hartree
INFO:root:Converting [c:1]1[cH:5][cH:6][cH:3][cH:4][c:2]#1 to coordinates
INFO:root:Outputting coordinates in xyz format
INFO:root:Energy of [c:1]1[cH:5][cH:6][cH:3][cH:4][c:2]#1 is -14.628947098103 hartree
INFO:root:Converting [CH:7]#[CH:8] to coordinates
INFO:root:Outputting coordinates in xyz format
INFO:root:Energy of [CH:7]#[CH:8] is -5.206768795604 hartree
INFO:root:Converting [H:9][H:10] to coordinates
INFO:root:Outputting coordinates in xyz format
INFO:root:Energy of [H:9][H:10] is -0.982686168659 hartree
INFO:root:Converting [CH:1]1=[CH:2][CH:4]=[CH:3][CH:6]=[CH:5][CH:8]=[CH:7]1 to coordinates
INFO:root:Outputting coordinates in xyz format
INFO:root:Energy of [CH:1]1=[CH:2][CH:4]=[CH:3][CH:6]=[CH:5][CH:8]=[CH:7]1 is -21.097570871732 hartree
INFO:root:Converting [C:1](#[CH:2])[CH:4]=[CH:3] to coordinates
INFO:root:Outputting coordinates in xyz format
INFO:root:Energy of [C:1](#[CH:2])[CH:4]=[CH:3] is -9.87776402236 hartree
INFO:root:Converting [CH:5](=[CH2:6])[CH:8]=[CH:7] to coordinates
INFO:root:Outputting coordinates in xyz format
INFO:root:Energy of [CH:5](=[CH2:6])[CH:8]=[CH:7] is -10.942339404615 hartree
INFO:root:Converting [C-:1]#[CH:2] to coordinates
INFO:root:Outputting coordinates in xyz format
INFO:root:Energy of [C-:1]#[CH:2] is -4.791036646911 hartree
INFO:root:Converting [CH:3](=[CH+:4])[CH:6]=[CH:5][CH:8]=[CH2:7] to coordinates
INFO:root:Outputting coordinates in xyz format
INFO:root:Energy of [CH:3](=[CH+:4])[CH:6]=[CH:5][CH:8]=[CH2:7] is -15.813759570833 hartree
INFO:root:Converting [CH-:7]=[CH2:8] to coordinates
INFO:root:Outputting coordinates in xyz format
INFO:root:Energy of [CH-:7]=[CH2:8] is -5.837891296108 hartree
INFO:root:Converting [C:1](#[CH:2])[CH:6]=[CH:5][C:3]#[CH:4] to coordinates
INFO:root:Outputting coordinates in xyz format
INFO:root:Energy of [C:1](#[CH:2])[CH:6]=[CH:5][C:3]#[CH:4] is -14.708255897424 hartree
INFO:root:Outputting coordinates in xyz format
INFO:root:Energy of [H+:9] is 0.229552166667 hartree
INFO:root:Converting [C:1](#[CH:2])[C:3]#[CH:4] to coordinates
INFO:root:Outputting coordinates in xyz format
INFO:root:Energy of [C:1](#[CH:2])[C:3]#[CH:4] is -9.428525601221 hartree
INFO:root:Converting [CH:5](=[CH2:6])[CH:8]=[CH2:7] to coordinates
INFO:root:Outputting coordinates in xyz format
INFO:root:Energy of [CH:5](=[CH2:6])[CH:8]=[CH2:7] is -11.55270129774 hartree
INFO:root:Converting [C:1]#[C:2][C:3]#[CH:4] to coordinates
INFO:root:Outputting coordinates in xyz format
INFO:root:Energy of [C:1]#[C:2][C:3]#[CH:4] is -8.798609639883 hartree
INFO:root:Converting [CH:5]#[CH:6] to coordinates
INFO:root:Outputting coordinates in xyz format
INFO:root:Energy of [CH:5]#[CH:6] is -5.206768795604 hartree
INFO:root:Converting [CH:7]#[CH:8] to coordinates
INFO:root:Outputting coordinates in xyz format
INFO:root:Energy of [CH:7]#[CH:8] is -5.206768795614 hartree
INFO:root:Outputting coordinates in xyz format
INFO:root:Energy of [H:11] is -0.393482763936 hartree
INFO:root:Converting [H:9][H:10] to coordinates
INFO:root:Outputting coordinates in xyz format
INFO:root:Energy of [H:9][H:10] is -0.982686168659 hartree
INFO:root:Converting [C:1](#[CH:2])[CH:4]=[CH:3][CH:6]=[CH-:5] to coordinates
INFO:root:Outputting coordinates in xyz format
INFO:root:Energy of [C:1](#[CH:2])[CH:4]=[CH:3][CH:6]=[CH-:5] is -15.368842433367 hartree
INFO:root:Converting [CH:7]#[CH:8] to coordinates
INFO:root:Outputting coordinates in xyz format
INFO:root:Energy of [CH:7]#[CH:8] is -5.206768795604 hartree
INFO:root:Outputting coordinates in xyz format
INFO:root:Energy of [H+:9] is 0.229552166667 hartree
INFO:root:Converting [C+:1]#[CH:2] to coordinates
INFO:root:Outputting coordinates in xyz format
INFO:root:Energy of [C+:1]#[CH:2] is -3.987950318802 hartree
INFO:root:Converting [C-:7]#[CH:8] to coordinates
INFO:root:Outputting coordinates in xyz format
INFO:root:Energy of [C-:7]#[CH:8] is -4.791036646911 hartree
INFO:root:Converting [C:3](#[CH:4])[C:5]#[CH:6] to coordinates
INFO:root:Outputting coordinates in xyz format
INFO:root:Energy of [C:3](#[CH:4])[C:5]#[CH:6] is -9.428525601221 hartree
INFO:root:Converting [H:13][H:15] to coordinates
INFO:root:Outputting coordinates in xyz format
INFO:root:Energy of [H:13][H:15] is -0.982686168659 hartree
INFO:root:Converting [H:9][H:11] to coordinates
INFO:root:Outputting coordinates in xyz format
INFO:root:Energy of [H:9][H:11] is -0.982686168659 hartree
INFO:root:Converting [C:1]#[CH:2] to coordinates
INFO:root:Outputting coordinates in xyz format
INFO:root:Energy of [C:1]#[CH:2] is -4.577904248828 hartree
INFO:root:Converting [C:3]#[CH:4] to coordinates
INFO:root:Outputting coordinates in xyz format
INFO:root:Energy of [C:3]#[CH:4] is -4.577904248828 hartree
INFO:root:Converting [CH2:5]=[CH:6][CH:8]=[CH2:7] to coordinates
INFO:root:Outputting coordinates in xyz format
INFO:root:Energy of [CH2:5]=[CH:6][CH:8]=[CH2:7] is -11.552702096795 hartree
INFO:root:Converting [C:1](#[C-:2])[CH:5]=[CH:6][CH:4]=[CH+:3] to coordinates
INFO:root:Outputting coordinates in xyz format
INFO:root:Energy of [C:1](#[C-:2])[CH:5]=[CH:6][CH:4]=[CH+:3] is -14.553023664643 hartree
INFO:root:Converting [CH:7]#[CH:8] to coordinates
INFO:root:Outputting coordinates in xyz format
INFO:root:Energy of [CH:7]#[CH:8] is -5.206768795604 hartree
INFO:root:Converting [H:9][H:10] to coordinates
INFO:root:Outputting coordinates in xyz format
INFO:root:Energy of [H:9][H:10] is -0.982686168659 hartree
INFO:root:Converting [C-:3]#[CH:4] to coordinates
INFO:root:Outputting coordinates in xyz format
INFO:root:Energy of [C-:3]#[CH:4] is -4.791036646911 hartree
INFO:root:Converting [C:1](#[CH:2])[CH:7]=[CH2:8] to coordinates
INFO:root:Outputting coordinates in xyz format
INFO:root:Energy of [C:1](#[CH:2])[CH:7]=[CH2:8] is -10.489536673658 hartree
INFO:root:Converting [CH2:5]=[CH+:6] to coordinates
INFO:root:Outputting coordinates in xyz format
INFO:root:Energy of [CH2:5]=[CH+:6] is -5.200296729933 hartree
INFO:root:Converting [C:1](#[CH:2])[C:3]#[CH:4] to coordinates
INFO:root:Outputting coordinates in xyz format
INFO:root:Energy of [C:1](#[CH:2])[C:3]#[CH:4] is -9.428525601221 hartree
INFO:root:Converting [C:5](#[CH:6])[C:7]#[CH:8] to coordinates
INFO:root:Outputting coordinates in xyz format
INFO:root:Energy of [C:5](#[CH:6])[C:7]#[CH:8] is -9.428525601222 hartree
INFO:root:Converting [H:11][H:13] to coordinates
INFO:root:Outputting coordinates in xyz format
INFO:root:Energy of [H:11][H:13] is -0.982686168659 hartree
INFO:root:Outputting coordinates in xyz format
INFO:root:Energy of [H:15] is -0.393482763936 hartree
INFO:root:Outputting coordinates in xyz format
INFO:root:Energy of [H:9] is -0.393482763936 hartree
INFO:root:Converting [C:1](#[C-:2])[CH:5]=[CH2:6] to coordinates
INFO:root:Outputting coordinates in xyz format
INFO:root:Energy of [C:1](#[C-:2])[CH:5]=[CH2:6] is -10.100323965537 hartree
INFO:root:Converting [CH2:3]=[CH+:4] to coordinates
INFO:root:Outputting coordinates in xyz format
INFO:root:Energy of [CH2:3]=[CH+:4] is -5.200296729933 hartree
INFO:root:Converting [CH:7]#[CH:8] to coordinates
INFO:root:Outputting coordinates in xyz format
INFO:root:Energy of [CH:7]#[CH:8] is -5.206768795604 hartree
INFO:root:Converting [C:1](#[CH:2])[CH:4]=[CH+:3] to coordinates
INFO:root:Outputting coordinates in xyz format
INFO:root:Energy of [C:1](#[CH:2])[CH:4]=[CH+:3] is -9.461650769857 hartree
INFO:root:Converting [CH:5](=[CH2:6])[CH:8]=[CH-:7] to coordinates
INFO:root:Outputting coordinates in xyz format
INFO:root:Energy of [CH:5](=[CH2:6])[CH:8]=[CH-:7] is -11.139513704239 hartree
INFO:root:Converting [C+:3]#[CH:4] to coordinates
INFO:root:Outputting coordinates in xyz format
INFO:root:Energy of [C+:3]#[CH:4] is -3.987950318802 hartree
INFO:root:Converting [C:1](#[C-:2])[C:5]#[CH:6] to coordinates
INFO:root:Outputting coordinates in xyz format
INFO:root:Energy of [C:1](#[C-:2])[C:5]#[CH:6] is -9.04358554355 hartree
INFO:root:Converting [CH:7]#[CH:8] to coordinates
INFO:root:Outputting coordinates in xyz format
INFO:root:Energy of [CH:7]#[CH:8] is -5.206768795604 hartree
INFO:root:Converting [H:10][H:13] to coordinates
INFO:root:Outputting coordinates in xyz format
INFO:root:Energy of [H:10][H:13] is -0.982686168659 hartree
INFO:root:Converting [H:9][H:11] to coordinates
INFO:root:Outputting coordinates in xyz format
INFO:root:Energy of [H:9][H:11] is -0.982686168659 hartree
INFO:root:Converting [C:1](#[CH:2])[CH:6]=[CH:5][CH:8]=[CH:7][C:3]#[CH:4] to coordinates
INFO:root:Outputting coordinates in xyz format
INFO:root:Energy of [C:1](#[CH:2])[CH:6]=[CH:5][CH:8]=[CH:7][C:3]#[CH:4] is -19.993843275302 hartree
INFO:root:Outputting coordinates in xyz format
INFO:root:Energy of [H+:9] is 0.229552166667 hartree
INFO:root:Outputting coordinates in xyz format
INFO:root:Energy of [H-:11] is -0.610746694539 hartree
INFO:root:Converting [C:1](#[CH:2])[CH:6]=[CH:5][C:3]#[CH:4] to coordinates
INFO:root:Outputting coordinates in xyz format
INFO:root:Energy of [C:1](#[CH:2])[CH:6]=[CH:5][C:3]#[CH:4] is -14.708255897424 hartree
INFO:root:Converting [CH:7]=[CH2:8] to coordinates
INFO:root:Outputting coordinates in xyz format
INFO:root:Energy of [CH:7]=[CH2:8] is -5.662475739084 hartree
INFO:root:Outputting coordinates in xyz format
INFO:root:Energy of [H:9] is -0.393482763936 hartree
INFO:root:Converting [C-:1]#[CH:2] to coordinates
INFO:root:Outputting coordinates in xyz format
INFO:root:Energy of [C-:1]#[CH:2] is -4.791036646911 hartree
INFO:root:Converting [CH:3]#[CH:4] to coordinates
INFO:root:Outputting coordinates in xyz format
INFO:root:Energy of [CH:3]#[CH:4] is -5.206768795604 hartree
INFO:root:Converting [CH:5]#[CH:6] to coordinates
INFO:root:Outputting coordinates in xyz format
INFO:root:Energy of [CH:5]#[CH:6] is -5.206768795614 hartree
INFO:root:Converting [CH:7]#[CH:8] to coordinates
INFO:root:Outputting coordinates in xyz format
INFO:root:Energy of [CH:7]#[CH:8] is -5.206768795614 hartree
INFO:root:Outputting coordinates in xyz format
INFO:root:Energy of [H+:9] is 0.229552166667 hartree
INFO:root:Converting [C+:1]#[C:2][CH:4]=[CH-:3] to coordinates
INFO:root:Outputting coordinates in xyz format
INFO:root:Energy of [C+:1]#[C:2][CH:4]=[CH-:3] is -9.322126727996 hartree
INFO:root:Converting [CH:5]#[CH:6] to coordinates
INFO:root:Outputting coordinates in xyz format
INFO:root:Energy of [CH:5]#[CH:6] is -5.206768795604 hartree
INFO:root:Converting [CH:7]#[CH:8] to coordinates
INFO:root:Outputting coordinates in xyz format
INFO:root:Energy of [CH:7]#[CH:8] is -5.206768795614 hartree
INFO:root:Converting [H:9][H:10] to coordinates
INFO:root:Outputting coordinates in xyz format
INFO:root:Energy of [H:9][H:10] is -0.982686168659 hartree
INFO:root:Converting [C+:1]#[C:2][C:3]#[CH:4] to coordinates
INFO:root:Outputting coordinates in xyz format
INFO:root:Energy of [C+:1]#[C:2][C:3]#[CH:4] is -8.243749005004 hartree
INFO:root:Converting [C-:5]#[CH:6] to coordinates
INFO:root:Outputting coordinates in xyz format
INFO:root:Energy of [C-:5]#[CH:6] is -4.791036646911 hartree
INFO:root:Converting [CH:7]#[CH:8] to coordinates
INFO:root:Outputting coordinates in xyz format
INFO:root:Energy of [CH:7]#[CH:8] is -5.206768795604 hartree
INFO:root:Converting [H:11][H:13] to coordinates
INFO:root:Outputting coordinates in xyz format
INFO:root:Energy of [H:11][H:13] is -0.982686168659 hartree
INFO:root:Converting [H:9][H:10] to coordinates
INFO:root:Outputting coordinates in xyz format
INFO:root:Energy of [H:9][H:10] is -0.982686168659 hartree
INFO:root:Converting [C:1](#[C:2][CH:5]=[CH:6])[C:3]#[CH:4] to coordinates
INFO:root:Outputting coordinates in xyz format
INFO:root:Energy of [C:1](#[C:2][CH:5]=[CH:6])[C:3]#[CH:4] is -14.102272272606 hartree
INFO:root:Converting [CH:7]#[CH:8] to coordinates
INFO:root:Outputting coordinates in xyz format
INFO:root:Energy of [CH:7]#[CH:8] is -5.206768795604 hartree
INFO:root:Converting [H:10][H:11] to coordinates
INFO:root:Outputting coordinates in xyz format
INFO:root:Energy of [H:10][H:11] is -0.982686168659 hartree
INFO:root:Outputting coordinates in xyz format
INFO:root:Energy of [H:9] is -0.393482763936 hartree
INFO:root:Converting [C:1](#[CH:2])[CH:6]=[CH+:5] to coordinates
INFO:root:Outputting coordinates in xyz format
INFO:root:Energy of [C:1](#[CH:2])[CH:6]=[CH+:5] is -9.461650769857 hartree
INFO:root:Converting [C:3](#[CH:4])[CH:7]=[CH-:8] to coordinates
INFO:root:Outputting coordinates in xyz format
INFO:root:Energy of [C:3](#[CH:4])[CH:7]=[CH-:8] is -10.07428409527 hartree
INFO:root:Converting [H:9][H:11] to coordinates
INFO:root:Outputting coordinates in xyz format
INFO:root:Energy of [H:9][H:11] is -0.982686168659 hartree
INFO:root:Converting [C-:3]#[CH:4] to coordinates
INFO:root:Outputting coordinates in xyz format
INFO:root:Energy of [C-:3]#[CH:4] is -4.791036646911 hartree
INFO:root:Converting [C:1](#[CH:2])[CH:5]=[CH+:6] to coordinates
INFO:root:Outputting coordinates in xyz format
INFO:root:Energy of [C:1](#[CH:2])[CH:5]=[CH+:6] is -9.461650769857 hartree
INFO:root:Converting [CH2:7]=[CH2:8] to coordinates
INFO:root:Outputting coordinates in xyz format
INFO:root:Energy of [CH2:7]=[CH2:8] is -6.27126052533 hartree
INFO:root:Converting [C:1]#[C:2][C:3]#[CH:4] to coordinates
INFO:root:Outputting coordinates in xyz format
INFO:root:Energy of [C:1]#[C:2][C:3]#[CH:4] is -8.798609639883 hartree
INFO:root:Converting [CH:5]=[CH2:6] to coordinates
INFO:root:Outputting coordinates in xyz format
INFO:root:Energy of [CH:5]=[CH2:6] is -5.662475739084 hartree
INFO:root:Converting [CH:7]#[CH:8] to coordinates
INFO:root:Outputting coordinates in xyz format
INFO:root:Energy of [CH:7]#[CH:8] is -5.206768795604 hartree
INFO:root:Converting [H:9][H:10] to coordinates
INFO:root:Outputting coordinates in xyz format
INFO:root:Energy of [H:9][H:10] is -0.982686168659 hartree
INFO:root:Converting [C-:3]#[CH:4] to coordinates
INFO:root:Outputting coordinates in xyz format
INFO:root:Energy of [C-:3]#[CH:4] is -4.791036646911 hartree
INFO:root:Converting [C:1]#[C:2] to coordinates
INFO:root:Outputting coordinates in xyz format
INFO:root:Energy of [C:1]#[C:2] is -3.94884651587 hartree
INFO:root:Converting [CH2:5]=[CH2:6] to coordinates
INFO:root:Outputting coordinates in xyz format
INFO:root:Energy of [CH2:5]=[CH2:6] is -6.27126052533 hartree
INFO:root:Converting [CH:7]#[CH:8] to coordinates
INFO:root:Outputting coordinates in xyz format
INFO:root:Energy of [CH:7]#[CH:8] is -5.206768795604 hartree
INFO:root:Outputting coordinates in xyz format
INFO:root:Energy of [H+:9] is 0.229552166667 hartree
INFO:root:Converting [CH:1]=[CH:2][CH:4]=[CH:3] to coordinates
INFO:root:Outputting coordinates in xyz format
INFO:root:Energy of [CH:1]=[CH:2][CH:4]=[CH:3] is -10.326127348531 hartree
INFO:root:Converting [CH:5]#[CH:6] to coordinates
INFO:root:Outputting coordinates in xyz format
INFO:root:Energy of [CH:5]#[CH:6] is -5.206768795604 hartree
INFO:root:Converting [CH:7]#[CH:8] to coordinates
INFO:root:Outputting coordinates in xyz format
INFO:root:Energy of [CH:7]#[CH:8] is -5.206768795614 hartree
INFO:root:Converting [C+:1]#[CH:2] to coordinates
INFO:root:Outputting coordinates in xyz format
INFO:root:Energy of [C+:1]#[CH:2] is -3.987950318802 hartree
INFO:root:Converting [C-:3]#[CH:4] to coordinates
INFO:root:Outputting coordinates in xyz format
INFO:root:Energy of [C-:3]#[CH:4] is -4.791036646911 hartree
INFO:root:Converting [CH2:5]=[CH2:6] to coordinates
INFO:root:Outputting coordinates in xyz format
INFO:root:Energy of [CH2:5]=[CH2:6] is -6.27126052533 hartree
INFO:root:Converting [CH:7]#[CH:8] to coordinates
INFO:root:Outputting coordinates in xyz format
INFO:root:Energy of [CH:7]#[CH:8] is -5.206768795604 hartree
INFO:root:Converting [CH:1]1=[CH:2][CH:4]=[CH:3]1 to coordinates
INFO:root:Outputting coordinates in xyz format
INFO:root:Energy of [CH:1]1=[CH:2][CH:4]=[CH:3]1 is -10.444857120071 hartree
INFO:root:Converting [CH:5]#[CH:6] to coordinates
INFO:root:Outputting coordinates in xyz format
INFO:root:Energy of [CH:5]#[CH:6] is -5.206768795604 hartree
INFO:root:Converting [CH:7]#[CH:8] to coordinates
INFO:root:Outputting coordinates in xyz format
INFO:root:Energy of [CH:7]#[CH:8] is -5.206768795614 hartree
INFO:root:Converting [C:1]1#[C:2][CH:3]=[CH:4]1 to coordinates
INFO:root:Outputting coordinates in xyz format
INFO:root:Energy of [C:1]1#[C:2][CH:3]=[CH:4]1 is -9.332747826875 hartree
INFO:root:Converting [CH:5]=[CH2:6] to coordinates
INFO:root:Outputting coordinates in xyz format
INFO:root:Energy of [CH:5]=[CH2:6] is -5.662475739084 hartree
INFO:root:Converting [CH:7]#[CH:8] to coordinates
INFO:root:Outputting coordinates in xyz format
INFO:root:Energy of [CH:7]#[CH:8] is -5.206768795604 hartree
INFO:root:Outputting coordinates in xyz format
INFO:root:Energy of [H:9] is -0.393482763936 hartree
INFO:root:Converting [CH+:3]=[CH2:4] to coordinates
INFO:root:Outputting coordinates in xyz format
INFO:root:Energy of [CH+:3]=[CH2:4] is -5.200297757426 hartree
INFO:root:Converting [C:1](#[CH:2])[CH:5]=[CH-:6] to coordinates
INFO:root:Outputting coordinates in xyz format
INFO:root:Energy of [C:1](#[CH:2])[CH:5]=[CH-:6] is -10.074284095219 hartree
INFO:root:Converting [CH:7]#[CH:8] to coordinates
INFO:root:Outputting coordinates in xyz format
INFO:root:Energy of [CH:7]#[CH:8] is -5.206768795604 hartree
INFO:root:Converting [C:1](#[C-:2])[CH:4]=[CH2:3] to coordinates
INFO:root:Outputting coordinates in xyz format
INFO:root:Energy of [C:1](#[C-:2])[CH:4]=[CH2:3] is -10.100323965537 hartree
INFO:root:Converting [CH:5]#[CH:6] to coordinates
INFO:root:Outputting coordinates in xyz format
INFO:root:Energy of [CH:5]#[CH:6] is -5.206768795604 hartree
INFO:root:Converting [CH:7]#[CH:8] to coordinates
INFO:root:Outputting coordinates in xyz format
INFO:root:Energy of [CH:7]#[CH:8] is -5.206768795614 hartree
INFO:root:Outputting coordinates in xyz format
INFO:root:Energy of [H+:9] is 0.229552166667 hartree
INFO:root:{'[C:1](#[C:2])[C:4](=[C:3]([C:6](=[C:5]([H:10])[H:13])[H:14])[H:11])[H:12].[C:7](#[C:8][H:16])[H:15].[H:9]': 2.2320640899558213, '[C:1](#[C:2][H:9])[H:10].[C:3](#[C:4][H:12])[H:11].[C:5](#[C:6][H:14])[H:13].[C:7](#[C:8][H:16])[H:15]': 0.0, '[C+:1]#[C:2][H:10].[C-:5]#[C:6][H:14].[C:3](#[C:4][H:12])[C:8](=[C:7]([H:13])[H:15])[H:16].[H:9][H:11]': 15.670103049383465, '[C:1]#[C:2].[C:3]#[C:4].[C:5](#[C:6][H:14])[H:13].[C:7](#[C:8][H:16])[H:15].[H:10][H:11].[H:12].[H:9]': 20.30495247106808, '[C:1]1#[C:2][C:3]([H:11])=[C:4]1[H:12].[C:5](#[C:6][H:14])[H:13].[C:7](#[C:8][H:16])[H:15].[H+:9].[H-:10]': 19.03696581797905, '[C:1](#[C:2][H:10])[C:6](=[C:5]([H:11])[H:13])[H:14].[C:3](#[C:4][H:12])[C:7](=[C:8][H:16])[H:15].[H:9]': 1.8038905774188116, '[C:1](#[C-:2])[C:4](=[C:3]([C:6](=[C:5]([H:10])[H:13])[H:14])[H:11])[H:12].[C:7](#[C:8][H:16])[H:15].[H+:9]': 12.329477610275255, '[C:1](#[C:2][H:10])[C:5](=[C:6]([C:3]#[C:4][H:12])[H:14])[H:13].[C:7](#[C:8][H:16])[H:15].[H:9][H:11]': -1.9220957220985626, '[C:1]1#[C:2][C:4]#[C:3]1.[C:5](#[C:6][H:14])[H:13].[C:7](#[C:8][H:16])[H:15].[H:10][H:11].[H:12].[H:9]': 13.790995599094549, '[C:1]#[C:2][H:10].[C:3](#[C:4][H:12])[C:8](=[C:7]([H:13])[H:15])[H:16].[C:5]#[C:6][H:14].[H:9][H:11]': 5.416261615069777, '[C+:7](=[C:8]([H:9])[H:16])[H:15].[C-:5]#[C:6][H:14].[C:1](#[C:2][H:10])[C:3]#[C:4][H:12].[H:11][H:13]': 11.552028654522546, '[C:1](#[C:2][C:5](=[C-:6][H:14])[H:13])[C:4](=[C+:3][H:11])[H:12].[C:7](#[C:8][H:16])[H:15].[H:9][H:10]': 2.024624115995127, '[C:1]#[C:2][H:10].[C:3](#[C:4][H:12])[C:5]#[C:6][H:14].[C:7](=[C:8]([H:13])[H:16])[H:15].[H:9][H:11]': 4.7751496616297775, '[C:1](#[C:2][H:10])[C:6](=[C:5]([C:3]#[C:4][H:12])[H:13])[H:14].[C:7](#[C:8][H:16])[H:15].[H+:9].[H-:11]': 14.445333912012801, '[C:1](#[C:2][H:10])[C:6](=[C:5][H:13])[H:14].[C:3](#[C:4][H:12])[C:7](=[C:8][H:16])[H:15].[H:9][H:11]': 2.4180313740234807, '[C:1]1#[C:2][C:4]#[C:3]1.[C:5](#[C:6][H:14])[H:13].[C:7](#[C:8][H:16])[H:15].[H+:9].[H-:12].[H:10][H:11]': 24.832592588494492, '[C-:3](=[C:4]([H:10])[H:12])[H:11].[C:1]#[C:2].[C:5](#[C:6][H:14])[H:13].[C:7](#[C:8][H:16])[H:15].[H+:9]': 23.302535341125804, '[C:1]1#[C:2][C:5]([H:13])=[C:6]([H:14])[C:3]([H:11])=[C:4]1[H:12].[C:7](#[C:8][H:16])[H:15].[H+:9].[H-:10]': 16.603437373856206, '[C:1](#[C:2][C:5](=[C:6][H:14])[H:13])[C:4](=[C:3][H:11])[H:12].[C:7](#[C:8][H:16])[H:15].[H:9][H:10]': 2.36540608035763, '[C-:3]#[C:4][H:12].[C:1]#[C:2].[C:5](#[C:6][H:14])[H:13].[C:7](#[C:8][H:16])[H:15].[H+:9].[H:10][H:11]': 25.048649532437466, '[C+:1]#[C:2][H:10].[C:3](#[C:4][H:12])[C:6](=[C:5]([C:8](=[C-:7][H:15])[H:16])[H:13])[H:14].[H:9][H:11]': 13.268176913391999, '[C:1]#[C:2].[C:3](=[C:4]([H:10])[H:12])([H:9])[H:11].[C:5](#[C:6][H:14])[H:13].[C:7](#[C:8][H:16])[H:15]': 5.263516069031854, '[C:1](#[C:2][C:5](=[C-:6][H:14])[H:13])[C:3]#[C:4][H:12].[C:7](#[C:8][H:16])[H:15].[H+:9].[H:10][H:11]': 14.946573134316035, '[C+:1]#[C:2][H:10].[C-:7](=[C:8]([H:11])[H:16])[H:15].[C:3](#[C:4][H:12])[C:6](=[C:5]([H:9])[H:13])[H:14]': 13.923988858071803, '[C-:1]#[C:2][H:10].[C:3](=[C+:4][H:12])([H:9])[H:11].[C:5](#[C:6][H:14])[H:13].[C:7](#[C:8][H:16])[H:15]': 11.488767759288757, '[C:1](#[C:2][H:10])[C:3]#[C:4][H:12].[C:5](=[C:6]([H:11])[H:14])([C:8](=[C-:7][H:15])[H:16])[H:13].[H+:9]': 13.295164691059133, '[C:1]#[C:2][H:10].[C:3](#[C:4][H:12])[H:11].[C:5](#[C:6][H:14])[H:13].[C:7](#[C:8][H:16])[H:15].[H:9]': 6.405067845844448, '[C:1]#[C:2].[C:3](#[C:4][H:12])[C:5](=[C:6][H:14])[H:13].[C:7](#[C:8][H:16])[H:15].[H:10][H:11].[H:9]': 11.361491922504985, '[C:1]#[C:2].[C:3](#[C:4][H:12])[C:5]#[C:6][H:14].[C:7](#[C:8][H:16])[H:15].[H:10][H:11].[H:13].[H:9]': 12.878681412918628, '[C:1](#[C:2][H:10])[C:3]#[C:4][H:12].[C:5](#[C:6][H:14])[C:7](=[C:8]([H:11])[H:16])[H:15].[H+:9].[H-:13]': 14.362677057232494, '[C:1](#[C:2][H:10])[C:3]#[C:4][H:12].[C:5](#[C:6][H:14])[C:7](=[C-:8][H:16])[H:15].[H+:9].[H:11][H:13]': 15.54128726409846, '[C+:1]#[C:2][C:3]#[C-:4].[C:5](#[C:6][H:14])[H:13].[C:7](#[C:8][H:16])[H:15].[H:11][H:12].[H:9][H:10]': 6.736249243817029, '[C:1](#[C:2][H:10])[C:3]#[C:4][H:12].[C:5](=[C:6]([H:11])[H:14])[H:13].[C:7](#[C:8][H:16])[H:15].[H:9]': 3.695914460768792, '[C:1](#[C:2][C:3]#[C:4][H:12])[C:5]#[C:6][H:14].[C:7](#[C:8][H:16])[H:15].[H:11][H:13].[H:9][H:10]': 0.038316313862648256, '[C:1](#[C:2][H:10])[C:6](=[C:5]([H:11])[H:13])[H:14].[C:3](#[C:4][H:12])[C:7](=[C:8]([H:9])[H:16])[H:15]': -4.136082862128525, '[C:1]#[C:2][H:10].[C:3](#[C:4][H:12])[C:8](=[C:7]([C:5]#[C:6][H:14])[H:15])[H:16].[H:13].[H:9][H:11]': 4.482972123473747, '[C:1]#[C:2].[C:3](#[C:4][H:12])[H:11].[C:5](#[C:6][H:14])[H:13].[C:7](#[C:8][H:16])[H:15].[H:10].[H:9]': 12.815392557889703, '[C:1]#[C:2][C:3]#[C:4][H:12].[C:5]#[C:6][H:14].[C:7](#[C:8][H:16])[H:15].[H:11][H:13].[H:9][H:10]': 7.576202363946745, '[C:1](#[C:2][C:5](=[C-:6][H:14])[H:13])[C:4](=[C:3]([H:10])[H:11])[H:12].[C:7](#[C:8][H:16])[H:15].[H+:9]': 12.9315417701136, '[C+:1]#[C:2][H:10].[C-:3](=[C:4]([H:9])[H:12])[H:11].[C:5](#[C:6][H:14])[H:13].[C:7](#[C:8][H:16])[H:15]': 15.992030289979597, '[C-:1]#[C:2][C:3]#[C:4][H:12].[C:5](#[C:6][H:14])[H:13].[C:7](#[C:8][H:16])[H:15].[H+:11].[H:9][H:10]': 16.784469311013055, '[C:1]#[C:2].[C:3](#[C:4][H:12])[H:11].[C:5](#[C:6][H:14])[H:13].[C:7](#[C:8][H:16])[H:15].[H:9][H:10]': 7.489559913178282, '[C:1]1#[C:2][C:4]([H:12])=[C:3]1[H:11].[C:5](#[C:6][H:14])[H:13].[C:7](#[C:8][H:16])[H:15].[H:9][H:10]': 2.6695361838676863, '[C:1](#[C:2][H:10])[C:4](=[C:3]([C:6](=[C:5]([C:8](=[C-:7][H:15])[H:16])[H:13])[H:14])[H:11])[H:12].[H+:9]': 10.706685590731526, '[C:1](#[C:2][C:5]#[C:6][H:14])[C:3]#[C:4][H:12].[C:7](#[C:8][H:16])[H:15].[H:10][H:11].[H:13].[H:9]': 5.364148958574069, '[C:1](#[C:2][H:10])[C:3]#[C:4][H:12].[C:5]#[C:6][H:14].[C:7](#[C:8][H:16])[H:15].[H:11][H:13].[H:9]': 6.468356700873372, '[C:1]#[C:2][H:10].[C:3](#[C:4][H:12])[C:6](=[C:5]([H:9])[H:13])[H:14].[C:7](=[C:8]([H:11])[H:16])[H:15]': 2.643819374965101, '[C:1](#[C:2][H:10])[C:3]#[C:4][H:12].[C:5](=[C:6]([H:9])[H:14])[H:13].[C:7](=[C:8][H:16])([H:11])[H:15]': 2.002707932065532, '[C+:3](=[C:4]([H:9])[H:12])[H:11].[C:1]#[C:2].[C:5](=[C-:6][H:14])([H:10])[H:13].[C:7](#[C:8][H:16])[H:15]': 17.232193961765102, '[C+:1]#[C:2][H:10].[C-:7](=[C:8]([H:13])[H:16])[H:15].[C:3](#[C:4][H:12])[C:5]#[C:6][H:14].[H:9][H:11]': 16.055319144736384, '[C-:1]#[C:2][C:6](=[C:5]([C:3]#[C:4][H:12])[H:13])[H:14].[C:7](#[C:8][H:16])[H:15].[H+:11].[H:9][H:10]': 14.492803032351876, '[C-:5](=[C:6]([H:9])[H:14])[H:13].[C:1](#[C:2][H:10])[C:4](=[C+:3][H:11])[H:12].[C:7](#[C:8][H:16])[H:15]': 8.728446241112401, '[C:1](#[C:2][H:10])[C:7](=[C:8]([C:5](=[C:6]([C:3]#[C:4][H:12])[H:14])[H:13])[H:16])[H:15].[H:9][H:11]': -4.066859691789376, '[C:1](#[C:2])[C:4](=[C:3]([H:10])[H:11])[H:12].[C:5](#[C:6][H:14])[H:13].[C:7](#[C:8][H:16])[H:15].[H:9]': 4.2869827339534226, '[C-:7](=[C:8]([H:9])[H:16])[H:15].[C:1](#[C:2][H:10])[C:5](=[C:6]([C:4](=[C+:3][H:11])[H:12])[H:14])[H:13]': 5.853984231606479, '[C:1]#[C:2].[C:3]#[C:4][H:12].[C:5](=[C:6]([H:10])[H:14])[H:13].[C:7](#[C:8][H:16])[H:15].[H:9][H:11]': 12.201420720051274, '[C-:5]#[C:6][H:14].[C:1](#[C:2][H:10])[C:3]#[C:4][H:12].[C:7](=[C:8]([H:11])[H:16])([H:13])[H:15].[H+:9]': 15.396334629869543, '[C:1]#[C:2][H:10].[C:3](=[C:4]([C:6](=[C:5][H:13])[H:14])[H:12])([H:9])[H:11].[C:7](#[C:8][H:16])[H:15]': 2.7370067825745465, '[C:1](#[C:2][H:10])[C:6](=[C:5]([C:8](=[C:7]([C:3]#[C:4][H:12])[H:15])[H:16])[H:13])[H:14].[H:11].[H:9]': 1.258972952922045, '[C:1]#[C:2][H:10].[C:3](#[C:4][H:12])[C:6](=[C:5][H:13])[H:14].[C:7](#[C:8][H:16])[H:15].[H:9][H:11]': 4.9511672104597295, '[C:1](#[C:2][H:10])[C:3]#[C:4][H:12].[C:5]#[C:6][H:14].[C:7](=[C:8]([H:11])[H:16])([H:13])[H:15].[H:9]': 4.242312856454806, '[C+:1]#[C:2][H:10].[C:3](=[C:4]([C:6](=[C-:5][H:13])[H:14])[H:12])([H:9])[H:11].[C:7](#[C:8][H:16])[H:15]': 13.402351955525539, '[C+:1]#[C:2][H:10].[C:3](#[C:4][H:12])[C:7](=[C-:8][H:16])[H:15].[C:5](=[C:6]([H:11])[H:14])([H:9])[H:13]': 13.431009426955278, '[C:1](#[C:2][H:10])[C:3]#[C:4][H:12].[C:5](=[C:6]([H:11])[H:14])([C:8](=[C:7][H:15])[H:16])[H:13].[H:9]': 1.7069007172372008, '[C+:1](=[C:2]([C:4](=[C:3]([C:6](=[C:5]([C:8](=[C-:7][H:15])[H:16])[H:13])[H:14])[H:11])[H:12])[H:10])[H:9]': -1.903753049341419, '[C:1]1#[C:2][C:5]([H:13])=[C:6]([H:14])[C:3]([H:11])=[C:4]1[H:12].[C:7](#[C:8][H:16])[H:15].[H:10].[H:9]': 5.561840384456263, '[C:1](#[C:2][H:10])[C:3]#[C:4][H:12].[C:5](#[C:6][H:14])[H:13].[C:7](#[C:8][H:16])[H:15].[H:9][H:11]': 0.06328885502892403, '[C:1](#[C:2][C:5](=[C:6]([H:11])[H:14])[H:13])[C:3]#[C:4][H:12].[C:7](#[C:8][H:16])[H:15].[H:10].[H:9]': 3.2567352923860318, '[C+:3](=[C:4]([H:9])[H:12])[H:11].[C:1](#[C:2][H:10])[C:5](=[C:6]([C:8](=[C-:7][H:15])[H:16])[H:14])[H:13]': 7.018772231866404, '[C+:3](=[C:4]([C:6](=[C:5]([H:9])[H:13])[H:14])[H:12])[H:11].[C:1](#[C:2][H:10])[C:7](=[C-:8][H:16])[H:15]': 7.05152077684773, '[C:1](#[C-:2])[C:4](=[C+:3][H:11])[H:12].[C:5](#[C:6][H:14])[H:13].[C:7](#[C:8][H:16])[H:15].[H:9][H:10]': 2.9585855950733713, '[C+:1]#[C:2][C:5](=[C-:6][H:14])[H:13].[C:3](=[C:4]([H:10])[H:12])([H:9])[H:11].[C:7](#[C:8][H:16])[H:15]': 0.732507309757269, '[C:1](#[C:2][H:10])[C:4](=[C:3]([C:6](=[C:5]([H:9])[H:13])[H:14])[H:11])[H:12].[C:7](#[C:8][H:16])[H:15]': -4.069695234827987, '[C:1]#[C:2][C:6](=[C:5]([C:3]#[C:4][H:12])[H:13])[H:14].[C:7](#[C:8][H:16])[H:15].[H:11].[H:9][H:10]': 4.3710901693917545, '[C:1](#[C:2])[C:3]#[C:4][H:12].[C:5](=[C:6]([H:11])[H:14])([H:10])[H:13].[C:7](#[C:8][H:16])[H:15].[H:9]': 4.270956540276392, '[C:1]#[C:2].[C:3](=[C:4]([H:10])[H:12])([C:6](=[C-:5][H:13])[H:14])[H:11].[C:7](#[C:8][H:16])[H:15].[H+:9]': 20.72143574948063, '[C:1](#[C-:2])[C:3]#[C:4][H:12].[C:5](=[C:6]([H:11])[H:14])([H:10])[H:13].[C:7](#[C:8][H:16])[H:15].[H+:9]': 14.558438724233477, '[C:1]#[C:2].[C:3]#[C:4].[C:5](#[C:6][H:14])[H:13].[C:7](#[C:8][H:16])[H:15].[H:10][H:11].[H:9][H:12]': 14.97911982635666, '[C:1]#[C:2].[C:3](#[C:4][H:12])[C:5](=[C:6]([H:10])[H:14])[H:13].[C:7](#[C:8][H:16])[H:15].[H+:9].[H-:11]': 21.78894811565399, '[C+:3]#[C:4][H:12].[C-:5](=[C:6]([H:10])[H:14])[H:13].[C:1]#[C:2].[C:7](#[C:8][H:16])[H:15].[H:9][H:11]': 23.48159020315788, '[C+:1]#[C:2][H:10].[C-:3]#[C:4][H:12].[C:5](=[C:6]([C:8](=[C:7]([H:11])[H:15])[H:16])[H:14])([H:9])[H:13]': 13.480149864080817, '[C:1]#[C:2][H:10].[C:3](#[C:4][H:12])[C:7](=[C:8][H:16])[H:15].[C:5](=[C:6]([H:11])[H:14])([H:9])[H:13]': 2.725123366041163, '[C-:3]#[C:4][H:12].[C:1]1#[C:2][C:5]([H:13])=[C:6]1[H:14].[C:7](#[C:8][H:16])[H:15].[H+:9].[H:10][H:11]': 20.22862580312687, '[C:1]#[C:2][C:3]#[C:4].[C:5](#[C:6][H:14])[H:13].[C:7](#[C:8][H:16])[H:15].[H:11][H:12].[H:9][H:10]': 7.456792195071738, '[C+:1]#[C:2][C:3]#[C:4][H:12].[C-:5](=[C:6]([H:11])[H:14])[H:13].[C:7](#[C:8][H:16])[H:15].[H:9][H:10]': 15.128991915385793, '[C:1]#[C:2][H:10].[C:3](#[C:4][H:12])[C:5]#[C:6][H:14].[C:7]#[C:8][H:16].[H:13][H:15].[H:9][H:11]': 7.547591901734357, '[C:1](#[C:2][H:10])[C:3](=[C-:4][H:12])[H:11].[C:5](#[C:6][H:14])[H:13].[C:7](#[C:8][H:16])[H:15].[H+:9]': 15.477998409341673, '[C-:3]#[C:4][H:12].[C:1](#[C:2][H:10])[C:6](=[C+:5][H:13])[H:14].[C:7](#[C:8][H:16])[H:15].[H:9][H:11]': 10.474560432424065, '[C:1]#[C:2].[C:3](#[C:4][H:12])[C:5](=[C:6]([H:9])[H:14])[H:13].[C:7](#[C:8][H:16])[H:15].[H:10][H:11]': 5.421518481542626, '[C:1]#[C:2][C:4](=[C:3][H:11])[H:12].[C:5](#[C:6][H:14])[H:13].[C:7](#[C:8][H:16])[H:15].[H:9][H:10]': 4.962046331390678, '[C+:1]#[C:2][H:10].[C-:3]#[C:4][H:12].[C:5](#[C:6][H:14])[H:13].[C:7](#[C:8][H:16])[H:15].[H:9][H:11]': 17.73814448129126, '[C:1](#[C:2][H:10])[C:4](=[C:3]([C:6](=[C:5][H:13])[H:14])[H:11])[H:12].[C:7](#[C:8][H:16])[H:15].[H:9]': 1.8075505798629308, '[C:1]#[C:2].[C:3](#[C:4][H:12])[C:5](=[C-:6][H:14])[H:13].[C:7](#[C:8][H:16])[H:15].[H+:9].[H:10][H:11]': 22.967558322519956, '[C:1](#[C:2][H:10])[C:4](=[C:3]([C:6](=[C:5]([C:8](=[C:7]([H:9])[H:15])[H:16])[H:13])[H:14])[H:11])[H:12]': -6.0535005996354165, '[C:1]#[C:2].[C:3](#[C:4][H:12])[C:5]#[C:6][H:14].[C:7](#[C:8][H:16])[H:15].[H+:9].[H-:13].[H:10][H:11]': 23.92027840231857, '[C:1](#[C:2][H:10])[C:3]#[C:4][H:12].[C:5](#[C:6][H:14])[C:7](=[C:8]([H:11])[H:16])[H:15].[H:13].[H:9]': 3.3210800678325505, '[C:1]#[C:2].[C:3](=[C:4]([H:10])[H:12])[H:11].[C:5](#[C:6][H:14])[H:13].[C:7](#[C:8][H:16])[H:15].[H:9]': 11.122185518918247, '[C:1](=[C:2]([C:4](=[C:3]([C:6](=[C:5][H:13])[H:14])[H:11])[H:12])[H:10])[H:9].[C:7](#[C:8][H:16])[H:15]': 0.28716216142931517, '[C:1]#[C:2].[C:3]#[C:4][H:12].[C:5]#[C:6][H:14].[C:7](#[C:8][H:16])[H:15].[H:10][H:13].[H:9][H:11]': 14.973862960155854, '[C:1]1#[C:2][C:3]#[C:4]1.[C:5](#[C:6][H:14])[H:13].[C:7](#[C:8][H:16])[H:15].[H:11][H:12].[H:9][H:10]': 8.465162954383128, '[C:1](#[C-:2])[C:3]#[C:4][H:12].[C:5](=[C+:6][H:14])([H:9])[H:13].[C:7](#[C:8][H:16])[H:15].[H:10][H:11]': 10.714160708409574, '[C:1](#[C:2][C:3]#[C:4][H:12])[C:5](=[C:6]([H:11])[H:14])[H:13].[C:7](#[C:8][H:16])[H:15].[H:9][H:10]': -2.0691400410798155, '[C:1](#[C-:2])[C:3](=[C+:4][H:12])[H:11].[C:5](=[C:6]([H:9])[H:14])([H:10])[H:13].[C:7](#[C:8][H:16])[H:15]': 0.7325417509269431, '[C:1](#[C:2][H:10])[C:6](=[C:5]([C:3]#[C:4][H:12])[H:13])[H:14].[C:7](=[C:8]([H:11])[H:16])([H:9])[H:15]': -4.14813956651713, '[C:1](#[C:2][H:10])[C:6](=[C:5]([C:3]#[C:4][H:12])[H:13])[H:14].[C:7](#[C:8][H:16])[H:15].[H:11].[H:9]': 3.4037369226128584, '[C:1]1#[C:2][C:5]([H:13])=[C:6]1[H:14].[C:3]#[C:4][H:12].[C:7](#[C:8][H:16])[H:15].[H:10][H:11].[H:9]': 9.074604029712134, '[C:1](#[C:2][H:10])[C:6](=[C:5]([H:11])[H:13])[H:14].[C:3]#[C:4][H:12].[C:7](#[C:8][H:16])[H:15].[H:9]': 4.3370264142087915, '[C:1](#[C:2][C:5](=[C:6]([H:9])[H:14])[H:13])[C:4](=[C:3]([H:10])[H:11])[H:12].[C:7](#[C:8][H:16])[H:15]': -4.182738763900996, '[C:1](#[C:2][H:10])[C:3]#[C:4][H:12].[C:5](#[C:6][H:14])[C:7]#[C:8][H:16].[H:11][H:13].[H:9][H:15]': 0.12657770975844773, '[C:1]#[C:2][H:10].[C:3](=[C:4]([H:9])[H:12])[H:11].[C:5](#[C:6][H:14])[H:13].[C:7](#[C:8][H:16])[H:15]': 4.711860806872992, '[C:1]#[C:2][H:10].[C:3](#[C:4][H:12])[C:6](=[C:5]([C:8](=[C:7][H:15])[H:16])[H:13])[H:14].[H:9][H:11]': 2.8867857807239163, '[C-:5](=[C:6]([H:11])[H:14])[H:13].[C:1](#[C:2][H:10])[C:3]#[C:4][H:12].[C:7](#[C:8][H:16])[H:15].[H+:9]': 15.876264282976349, '[C-:1]#[C:2][H:10].[C:3](=[C+:4][H:12])([C:6](=[C:5]([H:9])[H:13])[H:14])[H:11].[C:7](#[C:8][H:16])[H:15]': 9.132601872206253, '[C-:1]#[C:2][H:10].[C:3](#[C:4][H:12])[C:8](=[C:7]([C:5]#[C:6][H:14])[H:15])[H:16].[H+:13].[H:9][H:11]': 15.636993896888484, '[C:1](#[C:2][H:10])[C:3]#[C:4][H:12].[C:5](#[C:6][H:14])[H:13].[C:7](#[C:8][H:16])[H:15].[H:11].[H:9]': 5.389121499740345, '[C:1](#[C:2][H:10])[C:6](=[C:5]([H:11])[H:13])[H:14].[C:3](#[C:4][H:12])[C:7](=[C-:8][H:16])[H:15].[H+:9]': 13.409956977433781, '[C+:5](=[C:6]([H:9])[H:14])[H:13].[C-:3]#[C:4][H:12].[C:1]#[C:2].[C:7](#[C:8][H:16])[H:15].[H:10][H:11]': 18.978299712944043, '[C:1]#[C:2].[C:3]#[C:4][H:12].[C:5](#[C:6][H:14])[H:13].[C:7](#[C:8][H:16])[H:15].[H:10][H:11].[H:9]': 13.894627759022827, '[C-:5]#[C:6][H:14].[C:1](#[C:2][H:10])[C:3]#[C:4][H:12].[C:7](#[C:8][H:16])[H:15].[H+:9].[H:11][H:13]': 17.62237847428811, '[C+:1]#[C:2][H:10].[C:3](#[C:4][H:12])[C:6](=[C-:5][H:13])[H:14].[C:7](#[C:8][H:16])[H:15].[H:9][H:11]': 15.657053271373846, '[C:1](#[C:2][H:10])[C:3](=[C:4][H:12])[H:11].[C:5](#[C:6][H:14])[H:13].[C:7](#[C:8][H:16])[H:15].[H:9]': 3.871932009326606, '[C-:5](=[C:6]([H:10])[H:14])[H:13].[C:1]1#[C:2][C:3]([H:11])=[C:4]1[H:12].[C:7](#[C:8][H:16])[H:15].[H+:9]': 18.482511611815113, '[C-:3]#[C:4][H:12].[C:1](#[C:2][H:10])[C:7](=[C:8]([C:6](=[C+:5][H:13])[H:14])[H:16])[H:15].[H:9][H:11]': 7.600098422918239, '[C:1]#[C:2][C:6](=[C:5]([H:11])[H:13])[H:14].[C:3]#[C:4][H:12].[C:7](#[C:8][H:16])[H:15].[H:9][H:10]': 5.368815037144145, '[C+:1]#[C:2][C:4](=[C:3]([H:9])[H:11])[H:12].[C-:5](=[C:6]([H:10])[H:14])[H:13].[C:7](#[C:8][H:16])[H:15]': 11.984828580987024, '[C+:1](=[C:2]([C:4](=[C:3]([C:6](=[C-:5][H:13])[H:14])[H:11])[H:12])[H:10])[H:9].[C:7](#[C:8][H:16])[H:15]': 0.02856171432259857, '[C:1]#[C:2].[C:3](#[C:4][H:12])[C:5]#[C:6][H:14].[C:7](#[C:8][H:16])[H:15].[H:10][H:11].[H:9][H:13]': 7.552848768207206, '[C:1](#[C:2][H:10])[C:3]#[C:4][H:12].[C:5](=[C:6]([H:11])[H:14])([H:9])[H:13].[C:7](#[C:8][H:16])[H:15]': -2.1627549891175044, '[C+:1]#[C:2][C:6](=[C:5]([H:11])[H:13])[H:14].[C-:3]#[C:4][H:12].[C:7](#[C:8][H:16])[H:15].[H:9][H:10]': 13.730942772298686, '[C:1]#[C:2].[C:3](#[C:4][H:12])[H:11].[C:5](#[C:6][H:14])[H:13].[C:7](#[C:8][H:16])[H:15].[H+:9].[H-:10]': 23.856989547289647, '[C:1](#[C:2][H:10])[C:4](=[C:3]([C:6](=[C:5]([C:8](=[C:7][H:15])[H:16])[H:13])[H:14])[H:11])[H:12].[H:9]': -0.29543602757668125, '[C:1]#[C:2][H:10].[C:3]#[C:4][H:12].[C:5](#[C:6][H:14])[H:13].[C:7](#[C:8][H:16])[H:15].[H:9][H:11]': 7.484303046977572, '[C:1](#[C:2][H:10])[C:6](=[C:5]([C:8](=[C:7]([H:11])[H:15])[H:16])[H:13])[H:14].[C:3]#[C:4][H:12].[H:9]': 2.3353726107444195, '[C:1](#[C:2][H:10])[C:5](=[C:6]([C:8](=[C:7][H:15])[H:16])[H:14])[H:13].[C:3](=[C:4]([H:9])[H:12])[H:11]': 0.1143435406193367, '[C:1](#[C:2][C:5](=[C:6][H:14])[H:13])[C:4](=[C:3]([H:10])[H:11])[H:12].[C:7](#[C:8][H:16])[H:15].[H:9]': 1.7486293960351356, '[C:1](#[C:2][H:10])[C:3]#[C:4][H:12].[C:5](#[C:6][H:14])[H:13].[C:7](#[C:8][H:16])[H:15].[H+:9].[H-:11]': 16.430718489140286, '[C:1]1([H:9])=[C:2]([H:10])[C:4]([H:12])=[C:3]([H:11])[C:6]([H:14])=[C:5]1[H:13].[C:7](#[C:8][H:16])[H:15]': -7.056838230101417, '[C:1]#[C:2][C:4](=[C:3]([C:6](=[C:5][H:13])[H:14])[H:11])[H:12].[C:7](#[C:8][H:16])[H:15].[H:9][H:10]': 2.8048718219804654, '[C:1]#[C:2].[C:3]#[C:4].[C:5](#[C:6][H:14])[H:13].[C:7](#[C:8][H:16])[H:15].[H+:9].[H-:12].[H:10][H:11]': 31.346549460468026, '[C:1](#[C:2][H:10])[C:3]#[C:4][H:12].[C:5](#[C:6][H:14])[C:7](=[C:8]([H:9])[H:16])[H:15].[H:11][H:13]': -2.0047525768788703, '[C-:3]#[C:4][H:12].[C:1](#[C:2][H:10])[C:6](=[C:5]([C:8](=[C:7]([H:11])[H:15])[H:16])[H:13])[H:14].[H+:9]': 13.48939438415906, '[C+:5](=[C:6]([H:9])[H:14])[H:13].[C:1](#[C:2][H:10])[C:3]#[C:4][H:12].[C:7](=[C-:8][H:16])([H:11])[H:15]': 9.80592290334351, '[C:1]#[C:2][H:10].[C:3]#[C:4][H:12].[C:5](=[C:6]([H:11])[H:14])([H:9])[H:13].[C:7](#[C:8][H:16])[H:15]': 5.258259202831143, '[C:1]#[C:2].[C:3](=[C:4]([H:9])[H:12])[H:11].[C:5](=[C:6][H:14])([H:10])[H:13].[C:7](#[C:8][H:16])[H:15]': 9.428978990487028, '[C:1](#[C:2][H:10])[C:3]#[C:4][H:12].[C:5](#[C:6][H:14])[C:7]#[C:8][H:16].[H+:9].[H-:15].[H:11][H:13]': 16.49400734386981, '[C:1](#[C:2][C:5](=[C:6]([H:11])[H:14])[H:13])[C:3]#[C:4][H:12].[C:7](#[C:8][H:16])[H:15].[H+:9].[H-:10]': 14.298332281785974, '[C:1](#[C:2][H:10])[C:3]#[C:4][H:12].[C:5](#[C:6][H:14])[C:7](=[C:8][H:16])[H:15].[H:11][H:13].[H:9]': 3.9352208640833917, '[C:1]#[C:2][C:5](=[C:6][H:14])[H:13].[C:3](=[C:4]([H:10])[H:12])([H:9])[H:11].[C:7](#[C:8][H:16])[H:15]': 2.7360024872442494, '[C+:3]#[C:4][H:12].[C:1](#[C-:2])[C:6](=[C:5]([H:10])[H:13])[H:14].[C:7](#[C:8][H:16])[H:15].[H:9][H:11]': 14.948471944202577, '[C:1](#[C:2][H:10])[C:4](=[C:3][H:11])[H:12].[C:5](=[C:6]([H:9])[H:14])[H:13].[C:7](#[C:8][H:16])[H:15]': 2.17872497035515, '[C:1]#[C:2].[C:3](=[C:4]([H:10])[H:12])([C:6](=[C:5][H:13])[H:14])[H:11].[C:7](#[C:8][H:16])[H:15].[H:9]': 9.133171775658793, '[C:1](#[C:2][C:5]#[C:6][H:14])[C:3]#[C:4][H:12].[C:7](#[C:8][H:16])[H:15].[H+:9].[H-:13].[H:10][H:11]': 16.40574594797401, '[C:1](=[C:2]([C:4](=[C:3]([C:6](=[C:5]([C:8](=[C:7][H:15])[H:16])[H:13])[H:14])[H:11])[H:12])[H:10])[H:9]': -1.8397308339122007, '[C:1](#[C:2][H:10])[C:3](=[C:4]([H:9])[H:12])[H:11].[C:5](#[C:6][H:14])[H:13].[C:7](#[C:8][H:16])[H:15]': -2.068041431635753, '[C+:1]#[C:2][C:4](=[C:3]([C:6](=[C-:5][H:13])[H:14])[H:11])[H:12].[C:7](#[C:8][H:16])[H:15].[H:9][H:10]': 0.3524753795267151, '[C:1]1#[C:2][C:3]([H:11])=[C:4]1[H:12].[C:5](=[C:6]([H:10])[H:14])([H:9])[H:13].[C:7](#[C:8][H:16])[H:15]': 0.44349233972125796, '[C:1]#[C:2][H:10].[C:3](=[C:4]([C:6](=[C:5]([C:8](=[C:7][H:15])[H:16])[H:13])[H:14])[H:12])([H:9])[H:11]': 0.7084024315633964, '[C+:1]#[C:2][H:10].[C:3](=[C:4]([C:6](=[C:5]([C:8](=[C-:7][H:15])[H:16])[H:13])[H:14])[H:12])([H:9])[H:11]': 11.017790797900266, '[C:1]#[C:2].[C:3](#[C:4][H:12])[C:5](=[C:6]([H:10])[H:14])[H:13].[C:7](#[C:8][H:16])[H:15].[H:11].[H:9]': 10.747351126254047, '[C:1]#[C:2].[C:3]#[C:4][H:12].[C:5](=[C:6]([H:10])[H:14])([H:11])[H:13].[C:7](#[C:8][H:16])[H:15].[H:9]': 11.668583914876399, '[C:1]#[C:2][C:4](=[C:3]([H:9])[H:11])[H:12].[C:5](=[C:6]([H:10])[H:14])[H:13].[C:7](#[C:8][H:16])[H:15]': 2.5963727970395656, '[C-:3]#[C:4][H:12].[C:1](#[C:2][H:10])[C:6](=[C:5]([H:11])[H:13])[H:14].[C:7](#[C:8][H:16])[H:15].[H+:9]': 15.491048187623432, '[C:1]1#[C:2][C:3]([H:11])=[C:4]1[H:12].[C:5](#[C:6][H:14])[H:13].[C:7](#[C:8][H:16])[H:15].[H:10].[H:9]': 7.995368828579108, '[C+:3]#[C:4][H:12].[C-:5]#[C:6][H:14].[C:1]#[C:2].[C:7](#[C:8][H:16])[H:15].[H:10][H:13].[H:9][H:11]': 25.22770439446964, '[C:1]#[C:2].[C:3](=[C:4]([H:10])[H:12])([C:6](=[C:5]([H:9])[H:13])[H:14])[H:11].[C:7](#[C:8][H:16])[H:15]': 3.2315870396451545, '[C+:1](=[C:2]([C:4](=[C-:3][H:11])[H:12])[H:10])[H:9].[C:5](#[C:6][H:14])[H:13].[C:7](#[C:8][H:16])[H:15]': -0.05805842233596514, '[C:1]1#[C:2][C:4]([H:12])=[C:3]([H:11])[C:6]([H:14])=[C:5]1[H:13].[C:7](#[C:8][H:16])[H:15].[H:9][H:10]': 0.23600773974484213, '[C:1]1([H:9])=[C:2]([H:10])[C:4]([H:12])=[C:3]([H:11])[C:6]([H:14])=[C:5]([H:13])[C:8]([H:16])=[C:7]1[H:15]': -7.360566399437091, '[C:1](#[C:2][H:10])[C:4](=[C:3][H:11])[H:12].[C:5](=[C:6]([H:9])[H:14])([C:8](=[C:7][H:15])[H:16])[H:13]': 0.18971122682355843, '[C-:1]#[C:2][H:10].[C:3](=[C+:4][H:12])([C:6](=[C:5]([C:8](=[C:7]([H:9])[H:15])[H:16])[H:13])[H:14])[H:11]': 6.048521820091986, '[C-:7](=[C:8]([H:11])[H:16])[H:15].[C:1](#[C:2][H:10])[C:6](=[C:5]([C:3]#[C:4][H:12])[H:13])[H:14].[H+:9]': 13.890879705576724, '[C:1](#[C:2][H:10])[C:3]#[C:4][H:12].[C:5](=[C:6]([H:11])[H:14])([C:8](=[C:7]([H:9])[H:15])[H:16])[H:13]': -4.194684018776342, '[C:1]#[C:2][C:3]#[C:4][H:12].[C:5](#[C:6][H:14])[H:13].[C:7](#[C:8][H:16])[H:15].[H:11].[H:9][H:10]': 6.496967162813719, '[C:1](#[C:2][H:10])[C:4](=[C:3]([C:6](=[C-:5][H:13])[H:14])[H:11])[H:12].[C:7](#[C:8][H:16])[H:15].[H+:9]': 13.089122051631966, '[C+:1]#[C:2][H:10].[C-:7]#[C:8][H:16].[C:3](#[C:4][H:12])[C:5]#[C:6][H:14].[H:13][H:15].[H:9][H:11]': 17.80143333604814, '[C:1]#[C:2][H:10].[C:3]#[C:4][H:12].[C:5](=[C:6]([C:8](=[C:7]([H:11])[H:15])[H:16])[H:14])([H:9])[H:13]': 3.226308429767129, '[C:1](#[C-:2])[C:5](=[C:6]([C:4](=[C+:3][H:11])[H:12])[H:14])[H:13].[C:7](#[C:8][H:16])[H:15].[H:9][H:10]': 2.301990656998331, '[C-:3]#[C:4][H:12].[C:1](#[C:2][H:10])[C:7](=[C:8]([H:11])[H:16])[H:15].[C:5](=[C+:6][H:14])([H:9])[H:13]': 9.420726327380866, '[C:1](#[C:2][H:10])[C:3]#[C:4][H:12].[C:5](#[C:6][H:14])[C:7]#[C:8][H:16].[H:11][H:13].[H:15].[H:9]': 5.452410354469869, '[C:1](#[C-:2])[C:5](=[C:6]([H:10])[H:14])[H:13].[C:3](=[C+:4][H:12])([H:9])[H:11].[C:7](#[C:8][H:16])[H:15]': 8.699095222200073, '[C:1](#[C:2][H:10])[C:4](=[C+:3][H:11])[H:12].[C:5](=[C:6]([H:9])[H:14])([C:8](=[C-:7][H:15])[H:16])[H:13]': 6.1473466491950886, '[C+:3]#[C:4][H:12].[C:1](#[C-:2])[C:5]#[C:6][H:14].[C:7](#[C:8][H:16])[H:15].[H:10][H:13].[H:9][H:11]': 16.963537430412078, '[C:1](#[C:2][H:10])[C:6](=[C:5]([C:8](=[C:7]([C:3]#[C:4][H:12])[H:15])[H:16])[H:13])[H:14].[H+:9].[H-:11]': 12.300569942321989, '[C:1](#[C:2][H:10])[C:6](=[C:5]([C:3]#[C:4][H:12])[H:13])[H:14].[C:7](=[C:8]([H:11])[H:16])[H:15].[H:9]': 1.7105298833692641, '[C-:1]#[C:2][H:10].[C:3](#[C:4][H:12])[H:11].[C:5](#[C:6][H:14])[H:13].[C:7](#[C:8][H:16])[H:15].[H+:9]': 17.559089619259087, '[C+:1]#[C:2][C:4](=[C-:3][H:11])[H:12].[C:5](#[C:6][H:14])[H:13].[C:7](#[C:8][H:16])[H:15].[H:9][H:10]': 2.9585511539036973, '[C+:1]#[C:2][C:3]#[C:4][H:12].[C-:5]#[C:6][H:14].[C:7](#[C:8][H:16])[H:15].[H:11][H:13].[H:9][H:10]': 16.875106106697455, '[C:1](#[C:2][C:5](=[C:6][H:14])[H:13])[C:3]#[C:4][H:12].[C:7](#[C:8][H:16])[H:15].[H:10][H:11].[H:9]': 3.8603502037058632, '[C:1](#[C:2][H:10])[C:6](=[C+:5][H:13])[H:14].[C:3](#[C:4][H:12])[C:7](=[C-:8][H:16])[H:15].[H:9][H:11]': 8.393469220846654, '[C-:3]#[C:4][H:12].[C:1](#[C:2][H:10])[C:5](=[C+:6][H:14])[H:13].[C:7](=[C:8]([H:9])[H:16])([H:11])[H:15]': 8.248516588005497, '[C:1]#[C:2][C:3]#[C:4][H:12].[C:5](=[C:6]([H:11])[H:14])[H:13].[C:7](#[C:8][H:16])[H:15].[H:9][H:10]': 4.803760123842165, '[C-:3]#[C:4][H:12].[C:1]#[C:2].[C:5](=[C:6]([H:10])[H:14])([H:11])[H:13].[C:7](#[C:8][H:16])[H:15].[H+:9]': 22.822605688291038, '[C:1](=[C:2]([C:4](=[C:3][H:11])[H:12])[H:10])[H:9].[C:5](#[C:6][H:14])[H:13].[C:7](#[C:8][H:16])[H:15]': 2.378555078125159, '[C+:1]#[C:2][H:10].[C-:3]#[C:4][H:12].[C:5](=[C:6]([H:11])[H:14])([H:9])[H:13].[C:7](#[C:8][H:16])[H:15]': 15.512100637144831, '[C:1]1([H:9])=[C:2]([H:10])[C:4]([H:12])=[C:3]1[H:11].[C:5](#[C:6][H:14])[H:13].[C:7](#[C:8][H:16])[H:15]': -0.8522482271583963, '[C:1]1#[C:2][C:3]([H:11])=[C:4]1[H:12].[C:5](=[C:6]([H:10])[H:14])[H:13].[C:7](#[C:8][H:16])[H:15].[H:9]': 6.302161789607554, '[C+:3](=[C:4]([H:9])[H:12])[H:11].[C:1](#[C:2][H:10])[C:5](=[C-:6][H:14])[H:13].[C:7](#[C:8][H:16])[H:15]': 9.407648589848248, '[C:1](#[C-:2])[C:4](=[C:3]([H:10])[H:11])[H:12].[C:5](#[C:6][H:14])[H:13].[C:7](#[C:8][H:16])[H:15].[H+:9]': 14.769417082170404}
INFO:root:198
INFO:root:Program finished in: 309.46738934516907 seconds
INFO:root:idx: 0; vos: ['self.atom_idx: 0; self.idx: 0; self.num_electrons: 1; self.paired: True', 'self.atom_idx: 8; self.idx: 0; self.num_electrons: 1; self.paired: True']
INFO:root:idx: 1; vos: ['self.atom_idx: 0; self.idx: 1; self.num_electrons: 1; self.paired: True', 'self.atom_idx: 1; self.idx: 0; self.num_electrons: 1; self.paired: True']
INFO:root:idx: 2; vos: ['self.atom_idx: 0; self.idx: 2; self.num_electrons: 1; self.paired: True', 'self.atom_idx: 1; self.idx: 1; self.num_electrons: 1; self.paired: True']
INFO:root:idx: 3; vos: ['self.atom_idx: 0; self.idx: 3; self.num_electrons: 1; self.paired: True', 'self.atom_idx: 1; self.idx: 2; self.num_electrons: 1; self.paired: True']
INFO:root:idx: 4; vos: ['self.atom_idx: 1; self.idx: 3; self.num_electrons: 1; self.paired: True', 'self.atom_idx: 9; self.idx: 0; self.num_electrons: 1; self.paired: True']
INFO:root:idx: 5; vos: ['self.atom_idx: 2; self.idx: 0; self.num_electrons: 1; self.paired: True', 'self.atom_idx: 10; self.idx: 0; self.num_electrons: 1; self.paired: True']
INFO:root:idx: 6; vos: ['self.atom_idx: 2; self.idx: 1; self.num_electrons: 1; self.paired: True', 'self.atom_idx: 3; self.idx: 0; self.num_electrons: 1; self.paired: True']
INFO:root:idx: 7; vos: ['self.atom_idx: 2; self.idx: 2; self.num_electrons: 1; self.paired: True', 'self.atom_idx: 3; self.idx: 1; self.num_electrons: 1; self.paired: True']
INFO:root:idx: 8; vos: ['self.atom_idx: 2; self.idx: 3; self.num_electrons: 1; self.paired: True', 'self.atom_idx: 3; self.idx: 2; self.num_electrons: 1; self.paired: True']
INFO:root:idx: 9; vos: ['self.atom_idx: 3; self.idx: 3; self.num_electrons: 1; self.paired: True', 'self.atom_idx: 11; self.idx: 0; self.num_electrons: 1; self.paired: True']
INFO:root:idx: 10; vos: ['self.atom_idx: 4; self.idx: 0; self.num_electrons: 1; self.paired: True', 'self.atom_idx: 12; self.idx: 0; self.num_electrons: 1; self.paired: True']
INFO:root:idx: 11; vos: ['self.atom_idx: 4; self.idx: 1; self.num_electrons: 1; self.paired: True', 'self.atom_idx: 5; self.idx: 0; self.num_electrons: 1; self.paired: True']
INFO:root:idx: 12; vos: ['self.atom_idx: 4; self.idx: 2; self.num_electrons: 1; self.paired: True', 'self.atom_idx: 5; self.idx: 1; self.num_electrons: 1; self.paired: True']
INFO:root:idx: 13; vos: ['self.atom_idx: 4; self.idx: 3; self.num_electrons: 1; self.paired: True', 'self.atom_idx: 5; self.idx: 2; self.num_electrons: 1; self.paired: True']
INFO:root:idx: 14; vos: ['self.atom_idx: 5; self.idx: 3; self.num_electrons: 1; self.paired: True', 'self.atom_idx: 13; self.idx: 0; self.num_electrons: 1; self.paired: True']
INFO:root:idx: 15; vos: ['self.atom_idx: 6; self.idx: 0; self.num_electrons: 1; self.paired: True', 'self.atom_idx: 14; self.idx: 0; self.num_electrons: 1; self.paired: True']
INFO:root:idx: 16; vos: ['self.atom_idx: 6; self.idx: 1; self.num_electrons: 1; self.paired: True', 'self.atom_idx: 7; self.idx: 0; self.num_electrons: 1; self.paired: True']
INFO:root:idx: 17; vos: ['self.atom_idx: 6; self.idx: 2; self.num_electrons: 1; self.paired: True', 'self.atom_idx: 7; self.idx: 1; self.num_electrons: 1; self.paired: True']
INFO:root:idx: 18; vos: ['self.atom_idx: 6; self.idx: 3; self.num_electrons: 1; self.paired: True', 'self.atom_idx: 7; self.idx: 2; self.num_electrons: 1; self.paired: True']
INFO:root:idx: 19; vos: ['self.atom_idx: 7; self.idx: 3; self.num_electrons: 1; self.paired: True', 'self.atom_idx: 15; self.idx: 0; self.num_electrons: 1; self.paired: True']
INFO:root:12
INFO:root:idx: 0; vos: ['self.atom_idx: 0; self.idx: 0; self.num_electrons: 1; self.paired: True', 'self.atom_idx: 6; self.idx: 0; self.num_electrons: 1; self.paired: True']
INFO:root:idx: 1; vos: ['self.atom_idx: 0; self.idx: 1; self.num_electrons: 1; self.paired: True', 'self.atom_idx: 1; self.idx: 0; self.num_electrons: 1; self.paired: True']
INFO:root:idx: 2; vos: ['self.atom_idx: 0; self.idx: 2; self.num_electrons: 1; self.paired: True', 'self.atom_idx: 1; self.idx: 1; self.num_electrons: 1; self.paired: True']
INFO:root:idx: 3; vos: ['self.atom_idx: 0; self.idx: 3; self.num_electrons: 1; self.paired: True', 'self.atom_idx: 1; self.idx: 2; self.num_electrons: 1; self.paired: True']
INFO:root:idx: 4; vos: ['self.atom_idx: 1; self.idx: 3; self.num_electrons: 1; self.paired: True', 'self.atom_idx: 7; self.idx: 0; self.num_electrons: 1; self.paired: True']
INFO:root:idx: 5; vos: ['self.atom_idx: 2; self.idx: 0; self.num_electrons: 1; self.paired: True', 'self.atom_idx: 8; self.idx: 0; self.num_electrons: 1; self.paired: True']
INFO:root:idx: 6; vos: ['self.atom_idx: 2; self.idx: 1; self.num_electrons: 1; self.paired: True', 'self.atom_idx: 3; self.idx: 0; self.num_electrons: 1; self.paired: True']
INFO:root:idx: 7; vos: ['self.atom_idx: 2; self.idx: 2; self.num_electrons: 1; self.paired: True', 'self.atom_idx: 3; self.idx: 1; self.num_electrons: 1; self.paired: True']
INFO:root:idx: 8; vos: ['self.atom_idx: 2; self.idx: 3; self.num_electrons: 1; self.paired: True', 'self.atom_idx: 3; self.idx: 2; self.num_electrons: 1; self.paired: True']
INFO:root:idx: 9; vos: ['self.atom_idx: 3; self.idx: 3; self.num_electrons: 1; self.paired: True', 'self.atom_idx: 9; self.idx: 0; self.num_electrons: 1; self.paired: True']
INFO:root:idx: 10; vos: ['self.atom_idx: 4; self.idx: 0; self.num_electrons: 1; self.paired: True', 'self.atom_idx: 10; self.idx: 0; self.num_electrons: 1; self.paired: True']
INFO:root:idx: 11; vos: ['self.atom_idx: 4; self.idx: 1; self.num_electrons: 1; self.paired: True', 'self.atom_idx: 5; self.idx: 0; self.num_electrons: 1; self.paired: True']
INFO:root:idx: 12; vos: ['self.atom_idx: 4; self.idx: 2; self.num_electrons: 1; self.paired: True', 'self.atom_idx: 5; self.idx: 1; self.num_electrons: 1; self.paired: True']
INFO:root:idx: 13; vos: ['self.atom_idx: 4; self.idx: 3; self.num_electrons: 1; self.paired: True', 'self.atom_idx: 5; self.idx: 2; self.num_electrons: 1; self.paired: True']
INFO:root:idx: 14; vos: ['self.atom_idx: 5; self.idx: 3; self.num_electrons: 1; self.paired: True', 'self.atom_idx: 11; self.idx: 0; self.num_electrons: 1; self.paired: True']
INFO:root:9
INFO:root:Program finished in: 0.03328704833984375 seconds
INFO:root:Program finished in: 0.012855052947998047 seconds
INFO:root:Program finished in: 0.014917135238647461 seconds
INFO:root:Program finished in: 0.015104055404663086 seconds
INFO:root:Program finished in: 0.015622138977050781 seconds
INFO:root:Program finished in: 0.014831066131591797 seconds
INFO:root:Program finished in: 0.015708208084106445 seconds
INFO:root:Program finished in: 0.015228986740112305 seconds
INFO:root:Program finished in: 0.015297889709472656 seconds
INFO:root:Program finished in: 0.015883207321166992 seconds
INFO:root:Program finished in: 0.015748023986816406 seconds
INFO:root:Program finished in: 0.041435956954956055 seconds
INFO:root:Program finished in: 0.026906728744506836 seconds
INFO:root:Program finished in: 0.02505207061767578 seconds
INFO:root:Program finished in: 0.04942607879638672 seconds
INFO:root:Program finished in: 0.04628419876098633 seconds
INFO:root:Program finished in: 0.05345416069030762 seconds
INFO:root:Program finished in: 0.3673548698425293 seconds
INFO:root:Program finished in: 0.3798041343688965 seconds
INFO:root:Program finished in: 0.2271101474761963 seconds
INFO:root:Program finished in: 0.2701401710510254 seconds
INFO:root:Program finished in: 0.31638288497924805 seconds
INFO:root:Program finished in: 0.46506714820861816 seconds
INFO:root:Program finished in: 0.4575679302215576 seconds
INFO:root:Program finished in: 0.45922017097473145 seconds
INFO:root:Program finished in: 0.43224191665649414 seconds
INFO:root:Program finished in: 0.41628122329711914 seconds
INFO:root:Program finished in: 0.4158601760864258 seconds
INFO:root:Program finished in: 0.4093489646911621 seconds
INFO:root:Program finished in: 0.48484182357788086 seconds
INFO:root:Program finished in: 0.40167808532714844 seconds
INFO:root:Program finished in: 1.749814748764038 seconds
INFO:root:Program finished in: 1.817655086517334 seconds
INFO:root:Program finished in: 1.8063640594482422 seconds
INFO:root:Program finished in: 1.685678243637085 seconds
INFO:root:Program finished in: 1.7414867877960205 seconds
INFO:root:Program finished in: 1.636577844619751 seconds
INFO:root:Program finished in: 0.5687811374664307 seconds
INFO:root:Program finished in: 0.5609972476959229 seconds
INFO:root:Program finished in: 0.5489099025726318 seconds
INFO:root:Program finished in: 0.5429298877716064 seconds
INFO:root:Program finished in: 0.5520758628845215 seconds
INFO:root:Program finished in: 0.020570039749145508 seconds
INFO:root:Program finished in: 0.019722938537597656 seconds
INFO:root:Program finished in: 0.02054286003112793 seconds
INFO:root:Program finished in: 0.04618978500366211 seconds
INFO:root:Program finished in: 0.019448041915893555 seconds
INFO:root:Program finished in: 0.015196084976196289 seconds
INFO:root:Program finished in: 0.01620006561279297 seconds
INFO:root:Program finished in: 0.01583409309387207 seconds
INFO:root:Program finished in: 0.04370713233947754 seconds
INFO:root:Program finished in: 0.016264915466308594 seconds
INFO:root:Program finished in: 0.01532602310180664 seconds
INFO:root:Program finished in: 0.015415191650390625 seconds
INFO:root:Program finished in: 0.043192148208618164 seconds
INFO:root:Program finished in: 0.01530313491821289 seconds
INFO:root:Program finished in: 0.015583992004394531 seconds
INFO:root:Program finished in: 0.04031705856323242 seconds
INFO:root:Program finished in: 0.015781879425048828 seconds
INFO:root:Program finished in: 0.01699209213256836 seconds
INFO:root:Program finished in: 0.04529595375061035 seconds
INFO:root:Program finished in: 0.018075942993164062 seconds
INFO:root:Program finished in: 0.015980958938598633 seconds
INFO:root:Program finished in: 0.016190767288208008 seconds
INFO:root:Program finished in: 0.01584601402282715 seconds
INFO:root:Program finished in: 0.04068493843078613 seconds
INFO:root:Program finished in: 0.04218006134033203 seconds
INFO:root:Program finished in: 0.016893863677978516 seconds
INFO:root:Program finished in: 0.017660856246948242 seconds
INFO:root:Program finished in: 0.019176959991455078 seconds
INFO:root:Program finished in: 0.0534062385559082 seconds
INFO:root:Program finished in: 0.2624802589416504 seconds
INFO:root:Program finished in: 0.17316794395446777 seconds
